Archive member included to satisfy reference by file (symbol)

E:\UWB\MX_STM32F411\dwm1000_f411_hal_lib\Debug\libdwm1000_f411_hal_lib.a(stm32f4xx_hal.o)
                              platform/port.o (HAL_Init)
E:\UWB\MX_STM32F411\dwm1000_f411_hal_lib\Debug\libdwm1000_f411_hal_lib.a(stm32f4xx_hal_cortex.o)
                              E:\UWB\MX_STM32F411\dwm1000_f411_hal_lib\Debug\libdwm1000_f411_hal_lib.a(stm32f4xx_hal.o) (HAL_NVIC_SetPriorityGrouping)
E:\UWB\MX_STM32F411\dwm1000_f411_hal_lib\Debug\libdwm1000_f411_hal_lib.a(stm32f4xx_hal_gpio.o)
                              platform/port.o (HAL_GPIO_Init)
E:\UWB\MX_STM32F411\dwm1000_f411_hal_lib\Debug\libdwm1000_f411_hal_lib.a(stm32f4xx_hal_rcc.o)
                              platform/port.o (HAL_RCC_OscConfig)
E:\UWB\MX_STM32F411\dwm1000_f411_hal_lib\Debug\libdwm1000_f411_hal_lib.a(stm32f4xx_hal_rcc_ex.o)
                              platform/port.o (HAL_RCCEx_PeriphCLKConfig)
E:\UWB\MX_STM32F411\dwm1000_f411_hal_lib\Debug\libdwm1000_f411_hal_lib.a(stm32f4xx_hal_spi.o)
                              platform/port.o (HAL_SPI_Init)
E:\UWB\MX_STM32F411\dwm1000_f411_hal_lib\Debug\libdwm1000_f411_hal_lib.a(stm32f4xx_hal_uart.o)
                              platform/port.o (HAL_UART_Init)
E:\UWB\MX_STM32F411\dwm1000_f411_hal_lib\Debug\libdwm1000_f411_hal_lib.a(stm32f4xx_hal_dma.o)
                              E:\UWB\MX_STM32F411\dwm1000_f411_hal_lib\Debug\libdwm1000_f411_hal_lib.a(stm32f4xx_hal_spi.o) (HAL_DMA_Start_IT)
c:/ac6/systemworkbench/plugins/fr.ac6.mcu.externaltools.arm-none.win32_1.13.2.201705091103/tools/compiler/bin/../lib/gcc/arm-none-eabi/5.4.1/armv7e-m/fpu\libgcc.a(_arm_addsubdf3.o)
                              decadriver/deca_device.o (__aeabi_dsub)
c:/ac6/systemworkbench/plugins/fr.ac6.mcu.externaltools.arm-none.win32_1.13.2.201705091103/tools/compiler/bin/../lib/gcc/arm-none-eabi/5.4.1/armv7e-m/fpu\libgcc.a(_arm_muldivdf3.o)
                              decadriver/deca_device.o (__aeabi_dmul)
c:/ac6/systemworkbench/plugins/fr.ac6.mcu.externaltools.arm-none.win32_1.13.2.201705091103/tools/compiler/bin/../lib/gcc/arm-none-eabi/5.4.1/armv7e-m/fpu\libgcc.a(_arm_cmpdf2.o)
                              platform/port.o (__aeabi_dcmplt)
c:/ac6/systemworkbench/plugins/fr.ac6.mcu.externaltools.arm-none.win32_1.13.2.201705091103/tools/compiler/bin/../lib/gcc/arm-none-eabi/5.4.1/armv7e-m/fpu\libgcc.a(_arm_fixdfsi.o)
                              decadriver/deca_device.o (__aeabi_d2iz)
c:/ac6/systemworkbench/plugins/fr.ac6.mcu.externaltools.arm-none.win32_1.13.2.201705091103/tools/compiler/bin/../lib/gcc/arm-none-eabi/5.4.1/armv7e-m/fpu\libgcc.a(_arm_fixunsdfsi.o)
                              platform/port.o (__aeabi_d2uiz)
c:/ac6/systemworkbench/plugins/fr.ac6.mcu.externaltools.arm-none.win32_1.13.2.201705091103/tools/compiler/bin/../lib/gcc/arm-none-eabi/5.4.1/armv7e-m/fpu\libgcc.a(_aeabi_uldivmod.o)
                              platform/port.o (__aeabi_uldivmod)
c:/ac6/systemworkbench/plugins/fr.ac6.mcu.externaltools.arm-none.win32_1.13.2.201705091103/tools/compiler/bin/../lib/gcc/arm-none-eabi/5.4.1/armv7e-m/fpu\libgcc.a(_udivmoddi4.o)
                              c:/ac6/systemworkbench/plugins/fr.ac6.mcu.externaltools.arm-none.win32_1.13.2.201705091103/tools/compiler/bin/../lib/gcc/arm-none-eabi/5.4.1/armv7e-m/fpu\libgcc.a(_aeabi_uldivmod.o) (__udivmoddi4)
c:/ac6/systemworkbench/plugins/fr.ac6.mcu.externaltools.arm-none.win32_1.13.2.201705091103/tools/compiler/bin/../lib/gcc/arm-none-eabi/5.4.1/armv7e-m/fpu\libgcc.a(_dvmd_tls.o)
                              c:/ac6/systemworkbench/plugins/fr.ac6.mcu.externaltools.arm-none.win32_1.13.2.201705091103/tools/compiler/bin/../lib/gcc/arm-none-eabi/5.4.1/armv7e-m/fpu\libgcc.a(_aeabi_uldivmod.o) (__aeabi_ldiv0)
c:/ac6/systemworkbench/plugins/fr.ac6.mcu.externaltools.arm-none.win32_1.13.2.201705091103/tools/compiler/bin/../lib/gcc/arm-none-eabi/5.4.1/../../../../arm-none-eabi/lib/armv7e-m/fpu\libc.a(lib_a-errno.o)
                              src/syscalls.o (__errno)
c:/ac6/systemworkbench/plugins/fr.ac6.mcu.externaltools.arm-none.win32_1.13.2.201705091103/tools/compiler/bin/../lib/gcc/arm-none-eabi/5.4.1/../../../../arm-none-eabi/lib/armv7e-m/fpu\libc.a(lib_a-exit.o)
                              c:/ac6/systemworkbench/plugins/fr.ac6.mcu.externaltools.arm-none.win32_1.13.2.201705091103/tools/compiler/bin/../lib/gcc/arm-none-eabi/5.4.1/../../../../arm-none-eabi/lib/armv7e-m/fpu/crt0.o (exit)
c:/ac6/systemworkbench/plugins/fr.ac6.mcu.externaltools.arm-none.win32_1.13.2.201705091103/tools/compiler/bin/../lib/gcc/arm-none-eabi/5.4.1/../../../../arm-none-eabi/lib/armv7e-m/fpu\libc.a(lib_a-impure.o)
                              c:/ac6/systemworkbench/plugins/fr.ac6.mcu.externaltools.arm-none.win32_1.13.2.201705091103/tools/compiler/bin/../lib/gcc/arm-none-eabi/5.4.1/../../../../arm-none-eabi/lib/armv7e-m/fpu\libc.a(lib_a-exit.o) (_global_impure_ptr)
[...]
Memory Configuration

Name             Origin             Length             Attributes
RAM              0x20000000         0x00020000         xrw
ROM              0x08000000         0x00080000         xr
*default*        0x00000000         0xffffffff

Linker script and memory map

LOAD c:/ac6/systemworkbench/plugins/fr.ac6.mcu.externaltools.arm-none.win32_1.13.2.201705091103/tools/compiler/bin/../lib/gcc/arm-none-eabi/5.4.1/armv7e-m/fpu/crti.o
LOAD c:/ac6/systemworkbench/plugins/fr.ac6.mcu.externaltools.arm-none.win32_1.13.2.201705091103/tools/compiler/bin/../lib/gcc/arm-none-eabi/5.4.1/armv7e-m/fpu/crtbegin.o
LOAD c:/ac6/systemworkbench/plugins/fr.ac6.mcu.externaltools.arm-none.win32_1.13.2.201705091103/tools/compiler/bin/../lib/gcc/arm-none-eabi/5.4.1/../../../../arm-none-eabi/lib/armv7e-m/fpu/crt0.o
LOAD decadriver/deca_device.o
LOAD decadriver/deca_params_init.o
LOAD platform/deca_spi.o
LOAD platform/port.o
LOAD src/main.o
LOAD src/stm32f4xx_it.o
LOAD src/syscalls.o
LOAD src/system_stm32f4xx.o
LOAD startup/startup_stm32.o
LOAD E:\UWB\MX_STM32F411\dwm1000_f411_hal_lib\Debug\libdwm1000_f411_hal_lib.a
LOAD c:/ac6/systemworkbench/plugins/fr.ac6.mcu.externaltools.arm-none.win32_1.13.2.201705091103/tools/compiler/bin/../lib/gcc/arm-none-eabi/5.4.1/../../../../arm-none-eabi/lib/armv7e-m/fpu\libm.a
START GROUP
LOAD c:/ac6/systemworkbench/plugins/fr.ac6.mcu.externaltools.arm-none.win32_1.13.2.201705091103/tools/compiler/bin/../lib/gcc/arm-none-eabi/5.4.1/armv7e-m/fpu\libgcc.a
LOAD c:/ac6/systemworkbench/plugins/fr.ac6.mcu.externaltools.arm-none.win32_1.13.2.201705091103/tools/compiler/bin/../lib/gcc/arm-none-eabi/5.4.1/../../../../arm-none-eabi/lib/armv7e-m/fpu\libc.a
END GROUP
LOAD c:/ac6/systemworkbench/plugins/fr.ac6.mcu.externaltools.arm-none.win32_1.13.2.201705091103/tools/compiler/bin/../lib/gcc/arm-none-eabi/5.4.1/armv7e-m/fpu/crtend.o
LOAD c:/ac6/systemworkbench/plugins/fr.ac6.mcu.externaltools.arm-none.win32_1.13.2.201705091103/tools/compiler/bin/../lib/gcc/arm-none-eabi/5.4.1/armv7e-m/fpu/crtn.o
                0x20020000                _estack = 0x20020000
                0x00000000                _Min_Heap_Size = 0x0
                0x00000400                _Min_Stack_Size = 0x400

.isr_vector     0x08000000      0x188
                0x08000000                . = ALIGN (0x4)
 *(.isr_vector)
 .isr_vector    0x08000000      0x188 startup/startup_stm32.o
                0x08000000                g_pfnVectors
                0x08000188                . = ALIGN (0x4)

.text           0x08000188     0x3664
                0x08000188                . = ALIGN (0x4)
 *(.text)
 .text          0x08000188       0x5c c:/ac6/systemworkbench/plugins/fr.ac6.mcu.externaltools.arm-none.win32_1.13.2.201705091103/tools/compiler/bin/../lib/gcc/arm-none-eabi/5.4.1/armv7e-m/fpu/crtbegin.o
 *(.text*)
 .text.dwt_initialise
                0x080001e4      0x174 decadriver/deca_device.o
                0x080001e4                dwt_initialise
 .text.dwt_setlnapamode
                0x08000358       0x4c decadriver/deca_device.o
                0x08000358                dwt_setlnapamode
 .text.dwt_readdevid
                0x080003a4       0x14 decadriver/deca_device.o
                0x080003a4                dwt_readdevid
 .text.dwt_configure
                0x080003b8      0x2d4 decadriver/deca_device.o
                0x080003b8                dwt_configure
 .text.dwt_readrxdata
                0x0800068c       0x24 decadriver/deca_device.o
                0x0800068c                dwt_readrxdata
 .text.dwt_writetodevice
                0x080006b0       0xb8 decadriver/deca_device.o
                0x080006b0                dwt_writetodevice
 .text.dwt_readfromdevice
                0x08000768       0xb4 decadriver/deca_device.o
                0x08000768                dwt_readfromdevice
 .text.dwt_read32bitoffsetreg
                0x0800081c       0x50 decadriver/deca_device.o
                0x0800081c                dwt_read32bitoffsetreg
 .text.dwt_read16bitoffsetreg
                0x0800086c       0x3c decadriver/deca_device.o
                0x0800086c                dwt_read16bitoffsetreg
 .text.dwt_read8bitoffsetreg
                0x080008a8       0x28 decadriver/deca_device.o
                0x080008a8                dwt_read8bitoffsetreg
 .text.dwt_write8bitoffsetreg
                0x080008d0       0x28 decadriver/deca_device.o
                0x080008d0                dwt_write8bitoffsetreg
 .text.dwt_write16bitoffsetreg
                0x080008f8       0x38 decadriver/deca_device.o
                0x080008f8                dwt_write16bitoffsetreg
 .text.dwt_write32bitoffsetreg
                0x08000930       0x50 decadriver/deca_device.o
                0x08000930                dwt_write32bitoffsetreg
 .text._dwt_otpread
                0x08000980       0x40 decadriver/deca_device.o
                0x08000980                _dwt_otpread
 .text._dwt_aonarrayupload
                0x080009c0       0x1c decadriver/deca_device.o
                0x080009c0                _dwt_aonarrayupload
 .text._dwt_configlde
                0x080009dc       0x40 decadriver/deca_device.o
                0x080009dc                _dwt_configlde
 .text._dwt_loaducodefromrom
                0x08000a1c       0x28 decadriver/deca_device.o
                0x08000a1c                _dwt_loaducodefromrom
 .text.dwt_setleds
                0x08000a44       0xb8 decadriver/deca_device.o
                0x08000a44                dwt_setleds
 .text._dwt_enableclocks
                0x08000afc      0x134 decadriver/deca_device.o
                0x08000afc                _dwt_enableclocks
 .text._dwt_disablesequencing
                0x08000c30       0x18 decadriver/deca_device.o
                0x08000c30                _dwt_disablesequencing
 .text.dwt_forcetrxoff
                0x08000c48       0x60 decadriver/deca_device.o
                0x08000c48                dwt_forcetrxoff
 .text.dwt_syncrxbufptrs
                0x08000ca8       0x34 decadriver/deca_device.o
                0x08000ca8                dwt_syncrxbufptrs
 .text.dwt_rxenable
                0x08000cdc       0x84 decadriver/deca_device.o
                0x08000cdc                dwt_rxenable
 .text.dwt_softreset
                0x08000d60       0x4c decadriver/deca_device.o
                0x08000d60                dwt_softreset
 .text.dwt_setxtaltrim
                0x08000dac       0x30 decadriver/deca_device.o
                0x08000dac                dwt_setxtaltrim
 .text.writetospi
                0x08000ddc       0xb0 platform/deca_spi.o
                0x08000ddc                writetospi
 .text.readfromspi
                0x08000e8c       0xa4 platform/deca_spi.o
                0x08000e8c                readfromspi
 .text.deca_sleep
                0x08000f30       0x2c platform/port.o
                0x08000f30                deca_sleep
 .text.decamutexon
                0x08000f5c       0x18 platform/port.o
                0x08000f5c                decamutexon
 .text.decamutexoff
                0x08000f74       0x14 platform/port.o
                0x08000f74                decamutexoff
 .text.spi_set_rate_low
                0x08000f88       0x2c platform/port.o
                0x08000f88                spi_set_rate_low
 .text.spi_set_rate_high
                0x08000fb4       0x2c platform/port.o
                0x08000fb4                spi_set_rate_high
 .text.reset_DW1000
                0x08000fe0       0x54 platform/port.o
                0x08000fe0                reset_DW1000
 .text.peripherals_init
                0x08001034      0x240 platform/port.o
                0x08001034                peripherals_init
 .text.HAL_SPI_MspInit
                0x08001274       0x64 platform/port.o
                0x08001274                HAL_SPI_MspInit
 .text.HAL_UART_MspInit
                0x080012d8       0x64 platform/port.o
                0x080012d8                HAL_UART_MspInit
 .text.main     0x0800133c      0x104 src/main.o
                0x0800133c                main
 .text.SysTick_Handler
                0x08001440       0x10 src/stm32f4xx_it.o
                0x08001440                SysTick_Handler
 .text.SystemInit
                0x08001450       0x6c src/system_stm32f4xx.o
                0x08001450                SystemInit
 .text.Reset_Handler
                0x080014bc       0x48 startup/startup_stm32.o
                0x080014bc                Reset_Handler
 .text.Default_Handler
                0x08001504        0x2 startup/startup_stm32.o
                0x08001504                DebugMon_Handler
                0x08001504                HardFault_Handler
                0x08001504                PendSV_Handler
                0x08001504                NMI_Handler
                0x08001504                UsageFault_Handler
                0x08001504                Default_Handler
                0x08001504                MemManage_Handler
                0x08001504                SVC_Handler
                0x08001504                BusFault_Handler
 *fill*         0x08001506        0x2 
 .text.HAL_Init
                0x08001508       0x38 E:\UWB\MX_STM32F411\dwm1000_f411_hal_lib\Debug\libdwm1000_f411_hal_lib.a(stm32f4xx_hal.o)
                0x08001508                HAL_Init
 .text.HAL_MspInit
                0x08001540       0x10 E:\UWB\MX_STM32F411\dwm1000_f411_hal_lib\Debug\libdwm1000_f411_hal_lib.a(stm32f4xx_hal.o)
                0x08001540                HAL_MspInit
 .text.HAL_InitTick
                0x08001550       0x38 E:\UWB\MX_STM32F411\dwm1000_f411_hal_lib\Debug\libdwm1000_f411_hal_lib.a(stm32f4xx_hal.o)
                0x08001550                HAL_InitTick
 .text.HAL_IncTick
                0x08001588       0x1c E:\UWB\MX_STM32F411\dwm1000_f411_hal_lib\Debug\libdwm1000_f411_hal_lib.a(stm32f4xx_hal.o)
                0x08001588                HAL_IncTick
 .text.HAL_GetTick
                0x080015a4       0x18 E:\UWB\MX_STM32F411\dwm1000_f411_hal_lib\Debug\libdwm1000_f411_hal_lib.a(stm32f4xx_hal.o)
                0x080015a4                HAL_GetTick
 .text.HAL_Delay
                0x080015bc       0x3c E:\UWB\MX_STM32F411\dwm1000_f411_hal_lib\Debug\libdwm1000_f411_hal_lib.a(stm32f4xx_hal.o)
                0x080015bc                HAL_Delay
 .text.NVIC_SetPriorityGrouping
                0x080015f8       0x48 E:\UWB\MX_STM32F411\dwm1000_f411_hal_lib\Debug\libdwm1000_f411_hal_lib.a(stm32f4xx_hal_cortex.o)
 .text.NVIC_GetPriorityGrouping
                0x08001640       0x1c E:\UWB\MX_STM32F411\dwm1000_f411_hal_lib\Debug\libdwm1000_f411_hal_lib.a(stm32f4xx_hal_cortex.o)
 .text.NVIC_SetPriority
                0x0800165c       0x54 E:\UWB\MX_STM32F411\dwm1000_f411_hal_lib\Debug\libdwm1000_f411_hal_lib.a(stm32f4xx_hal_cortex.o)
 .text.NVIC_EncodePriority
                0x080016b0       0x64 E:\UWB\MX_STM32F411\dwm1000_f411_hal_lib\Debug\libdwm1000_f411_hal_lib.a(stm32f4xx_hal_cortex.o)
 .text.SysTick_Config
                0x08001714       0x44 E:\UWB\MX_STM32F411\dwm1000_f411_hal_lib\Debug\libdwm1000_f411_hal_lib.a(stm32f4xx_hal_cortex.o)
 .text.HAL_NVIC_SetPriorityGrouping
                0x08001758       0x18 E:\UWB\MX_STM32F411\dwm1000_f411_hal_lib\Debug\libdwm1000_f411_hal_lib.a(stm32f4xx_hal_cortex.o)
                0x08001758                HAL_NVIC_SetPriorityGrouping
 .text.HAL_NVIC_SetPriority
                0x08001770       0x38 E:\UWB\MX_STM32F411\dwm1000_f411_hal_lib\Debug\libdwm1000_f411_hal_lib.a(stm32f4xx_hal_cortex.o)
                0x08001770                HAL_NVIC_SetPriority
 .text.HAL_SYSTICK_Config
                0x080017a8       0x18 E:\UWB\MX_STM32F411\dwm1000_f411_hal_lib\Debug\libdwm1000_f411_hal_lib.a(stm32f4xx_hal_cortex.o)
                0x080017a8                HAL_SYSTICK_Config
 .text.HAL_SYSTICK_CLKSourceConfig
                0x080017c0       0x38 E:\UWB\MX_STM32F411\dwm1000_f411_hal_lib\Debug\libdwm1000_f411_hal_lib.a(stm32f4xx_hal_cortex.o)
                0x080017c0                HAL_SYSTICK_CLKSourceConfig
 .text.HAL_SYSTICK_IRQHandler
                0x080017f8        0xc E:\UWB\MX_STM32F411\dwm1000_f411_hal_lib\Debug\libdwm1000_f411_hal_lib.a(stm32f4xx_hal_cortex.o)
                0x080017f8                HAL_SYSTICK_IRQHandler
 .text.HAL_SYSTICK_Callback
                0x08001804       0x10 E:\UWB\MX_STM32F411\dwm1000_f411_hal_lib\Debug\libdwm1000_f411_hal_lib.a(stm32f4xx_hal_cortex.o)
                0x08001804                HAL_SYSTICK_Callback
 .text.HAL_GPIO_Init
                0x08001814      0x304 E:\UWB\MX_STM32F411\dwm1000_f411_hal_lib\Debug\libdwm1000_f411_hal_lib.a(stm32f4xx_hal_gpio.o)
                0x08001814                HAL_GPIO_Init
 .text.HAL_GPIO_WritePin
                0x08001b18       0x34 E:\UWB\MX_STM32F411\dwm1000_f411_hal_lib\Debug\libdwm1000_f411_hal_lib.a(stm32f4xx_hal_gpio.o)
                0x08001b18                HAL_GPIO_WritePin
 .text.HAL_GPIO_TogglePin
                0x08001b4c       0x24 E:\UWB\MX_STM32F411\dwm1000_f411_hal_lib\Debug\libdwm1000_f411_hal_lib.a(stm32f4xx_hal_gpio.o)
                0x08001b4c                HAL_GPIO_TogglePin
 .text.HAL_RCC_OscConfig
                0x08001b70      0x4b4 E:\UWB\MX_STM32F411\dwm1000_f411_hal_lib\Debug\libdwm1000_f411_hal_lib.a(stm32f4xx_hal_rcc.o)
                0x08001b70                HAL_RCC_OscConfig
 .text.HAL_RCC_ClockConfig
                0x08002024      0x224 E:\UWB\MX_STM32F411\dwm1000_f411_hal_lib\Debug\libdwm1000_f411_hal_lib.a(stm32f4xx_hal_rcc.o)
                0x08002024                HAL_RCC_ClockConfig
 .text.HAL_RCC_GetSysClockFreq
                0x08002248       0xfc E:\UWB\MX_STM32F411\dwm1000_f411_hal_lib\Debug\libdwm1000_f411_hal_lib.a(stm32f4xx_hal_rcc.o)
                0x08002248                HAL_RCC_GetSysClockFreq
 .text.HAL_RCC_GetHCLKFreq
                0x08002344       0x18 E:\UWB\MX_STM32F411\dwm1000_f411_hal_lib\Debug\libdwm1000_f411_hal_lib.a(stm32f4xx_hal_rcc.o)
                0x08002344                HAL_RCC_GetHCLKFreq
 .text.HAL_RCC_GetPCLK1Freq
                0x0800235c       0x44 E:\UWB\MX_STM32F411\dwm1000_f411_hal_lib\Debug\libdwm1000_f411_hal_lib.a(stm32f4xx_hal_rcc.o)
                0x0800235c                HAL_RCC_GetPCLK1Freq
 .text.HAL_RCC_GetPCLK2Freq
                0x080023a0       0x44 E:\UWB\MX_STM32F411\dwm1000_f411_hal_lib\Debug\libdwm1000_f411_hal_lib.a(stm32f4xx_hal_rcc.o)
                0x080023a0                HAL_RCC_GetPCLK2Freq
 .text.HAL_RCCEx_PeriphCLKConfig
                0x080023e4      0x20c E:\UWB\MX_STM32F411\dwm1000_f411_hal_lib\Debug\libdwm1000_f411_hal_lib.a(stm32f4xx_hal_rcc_ex.o)
                0x080023e4                HAL_RCCEx_PeriphCLKConfig
 .text.HAL_SPI_Init
                0x080025f0       0xd4 E:\UWB\MX_STM32F411\dwm1000_f411_hal_lib\Debug\libdwm1000_f411_hal_lib.a(stm32f4xx_hal_spi.o)
                0x080025f0                HAL_SPI_Init
 .text.HAL_SPI_Transmit
                0x080026c4      0x2bc E:\UWB\MX_STM32F411\dwm1000_f411_hal_lib\Debug\libdwm1000_f411_hal_lib.a(stm32f4xx_hal_spi.o)
                0x080026c4                HAL_SPI_Transmit
 .text.HAL_SPI_Receive
                0x08002980      0x310 E:\UWB\MX_STM32F411\dwm1000_f411_hal_lib\Debug\libdwm1000_f411_hal_lib.a(stm32f4xx_hal_spi.o)
                0x08002980                HAL_SPI_Receive
 .text.HAL_SPI_TransmitReceive
                0x08002c90      0x424 E:\UWB\MX_STM32F411\dwm1000_f411_hal_lib\Debug\libdwm1000_f411_hal_lib.a(stm32f4xx_hal_spi.o)
                0x08002c90                HAL_SPI_TransmitReceive
 .text.SPI_WaitFlagStateUntilTimeout
                0x080030b4       0xd4 E:\UWB\MX_STM32F411\dwm1000_f411_hal_lib\Debug\libdwm1000_f411_hal_lib.a(stm32f4xx_hal_spi.o)
 .text.SPI_CheckFlag_BSY
                0x08003188       0x3c E:\UWB\MX_STM32F411\dwm1000_f411_hal_lib\Debug\libdwm1000_f411_hal_lib.a(stm32f4xx_hal_spi.o)
 .text.HAL_UART_Init
                0x080031c4       0x9c E:\UWB\MX_STM32F411\dwm1000_f411_hal_lib\Debug\libdwm1000_f411_hal_lib.a(stm32f4xx_hal_uart.o)
                0x080031c4                HAL_UART_Init
 .text.UART_SetConfig
                0x08003260      0x438 E:\UWB\MX_STM32F411\dwm1000_f411_hal_lib\Debug\libdwm1000_f411_hal_lib.a(stm32f4xx_hal_uart.o)
 .text.__libc_init_array
                0x08003698       0x50 c:/ac6/systemworkbench/plugins/fr.ac6.mcu.externaltools.arm-none.win32_1.13.2.201705091103/tools/compiler/bin/../lib/gcc/arm-none-eabi/5.4.1/../../../../arm-none-eabi/lib/armv7e-m/fpu\libc.a(lib_a-init.o)
                0x08003698                __libc_init_array
 .text.startup.register_fini
                0x080036e8       0x14 c:/ac6/systemworkbench/plugins/fr.ac6.mcu.externaltools.arm-none.win32_1.13.2.201705091103/tools/compiler/bin/../lib/gcc/arm-none-eabi/5.4.1/../../../../arm-none-eabi/lib/armv7e-m/fpu\libc.a(lib_a-__call_atexit.o)
 .text.atexit   0x080036fc        0xc c:/ac6/systemworkbench/plugins/fr.ac6.mcu.externaltools.arm-none.win32_1.13.2.201705091103/tools/compiler/bin/../lib/gcc/arm-none-eabi/5.4.1/../../../../arm-none-eabi/lib/armv7e-m/fpu\libc.a(lib_a-atexit.o)
                0x080036fc                atexit
 .text.__libc_fini_array
                0x08003708       0x28 c:/ac6/systemworkbench/plugins/fr.ac6.mcu.externaltools.arm-none.win32_1.13.2.201705091103/tools/compiler/bin/../lib/gcc/arm-none-eabi/5.4.1/../../../../arm-none-eabi/lib/armv7e-m/fpu\libc.a(lib_a-fini.o)
                0x08003708                __libc_fini_array
 .text.__register_exitproc
                0x08003730       0xa4 c:/ac6/systemworkbench/plugins/fr.ac6.mcu.externaltools.arm-none.win32_1.13.2.201705091103/tools/compiler/bin/../lib/gcc/arm-none-eabi/5.4.1/../../../../arm-none-eabi/lib/armv7e-m/fpu\libc.a(lib_a-__atexit.o)
                0x08003730                __register_exitproc
 *(.glue_7)
 .glue_7        0x080037d4        0x0 linker stubs
 *(.glue_7t)
 .glue_7t       0x080037d4        0x0 linker stubs
 *(.eh_frame)
 .eh_frame      0x080037d4        0x0 c:/ac6/systemworkbench/plugins/fr.ac6.mcu.externaltools.arm-none.win32_1.13.2.201705091103/tools/compiler/bin/../lib/gcc/arm-none-eabi/5.4.1/armv7e-m/fpu/crtbegin.o
 *(.init)
 .init          0x080037d4        0x4 c:/ac6/systemworkbench/plugins/fr.ac6.mcu.externaltools.arm-none.win32_1.13.2.201705091103/tools/compiler/bin/../lib/gcc/arm-none-eabi/5.4.1/armv7e-m/fpu/crti.o
                0x080037d4                _init
 .init          0x080037d8        0x8 c:/ac6/systemworkbench/plugins/fr.ac6.mcu.externaltools.arm-none.win32_1.13.2.201705091103/tools/compiler/bin/../lib/gcc/arm-none-eabi/5.4.1/armv7e-m/fpu/crtn.o
 *(.fini)
 .fini          0x080037e0        0x4 c:/ac6/systemworkbench/plugins/fr.ac6.mcu.externaltools.arm-none.win32_1.13.2.201705091103/tools/compiler/bin/../lib/gcc/arm-none-eabi/5.4.1/armv7e-m/fpu/crti.o
                0x080037e0                _fini
 .fini          0x080037e4        0x8 c:/ac6/systemworkbench/plugins/fr.ac6.mcu.externaltools.arm-none.win32_1.13.2.201705091103/tools/compiler/bin/../lib/gcc/arm-none-eabi/5.4.1/armv7e-m/fpu/crtn.o
                0x080037ec                . = ALIGN (0x4)
                0x080037ec                _etext = .

.vfp11_veneer   0x080037ec        0x0
 .vfp11_veneer  0x080037ec        0x0 linker stubs

.v4_bx          0x080037ec        0x0
 .v4_bx         0x080037ec        0x0 linker stubs

.iplt           0x080037ec        0x0
 .iplt          0x080037ec        0x0 c:/ac6/systemworkbench/plugins/fr.ac6.mcu.externaltools.arm-none.win32_1.13.2.201705091103/tools/compiler/bin/../lib/gcc/arm-none-eabi/5.4.1/armv7e-m/fpu/crtbegin.o

.rodata         0x080037f0      0x104
                0x080037f0                . = ALIGN (0x4)
 *(.rodata)
 .rodata        0x080037f0       0xe8 decadriver/deca_params_init.o
                0x080037f0                chan_idx
                0x080037f8                tx_config
                0x08003810                fs_pll_cfg
                0x08003828                fs_pll_tune
                0x08003830                rx_config
                0x08003834                agc_config
                0x0800383c                dwnsSFDlen
                0x08003840                sftsh
                0x0800384c                dtune1
                0x08003850                digital_bb_config
                0x08003870                lde_replicaCoeff
                0x080038a8                txpwr_compensation
 .rodata        0x080038d8       0x18 src/system_stm32f4xx.o
                0x080038d8                AHBPrescTable
                0x080038e8                APBPrescTable
 *(.rodata*)
 .rodata._global_impure_ptr
                0x080038f0        0x4 c:/ac6/systemworkbench/plugins/fr.ac6.mcu.externaltools.arm-none.win32_1.13.2.201705091103/tools/compiler/bin/../lib/gcc/arm-none-eabi/5.4.1/../../../../arm-none-eabi/lib/armv7e-m/fpu\libc.a(lib_a-impure.o)
                0x080038f0                _global_impure_ptr
                0x080038f4                . = ALIGN (0x4)

.rel.dyn        0x080038f4        0x0
 .rel.iplt      0x080038f4        0x0 c:/ac6/systemworkbench/plugins/fr.ac6.mcu.externaltools.arm-none.win32_1.13.2.201705091103/tools/compiler/bin/../lib/gcc/arm-none-eabi/5.4.1/armv7e-m/fpu/crtbegin.o

.ARM.extab      0x080038f4        0x0
                0x080038f4                . = ALIGN (0x4)
 *(.ARM.extab* .gnu.linkonce.armextab.*)
                0x080038f4                . = ALIGN (0x4)

.ARM            0x080038f4        0x0
                0x080038f4                . = ALIGN (0x4)
                0x080038f4                __exidx_start = .
 *(.ARM.exidx*)
                0x080038f4                __exidx_end = .
                0x080038f4                . = ALIGN (0x4)

.preinit_array  0x080038f4        0x0
                0x080038f4                . = ALIGN (0x4)
                0x080038f4                PROVIDE (__preinit_array_start, .)
 *(.preinit_array*)
                0x080038f4                PROVIDE (__preinit_array_end, .)
                0x080038f4                . = ALIGN (0x4)

.init_array     0x080038f4        0x8
                0x080038f4                . = ALIGN (0x4)
                0x080038f4                PROVIDE (__init_array_start, .)
 *(SORT(.init_array.*))
 .init_array.00000
                0x080038f4        0x4 c:/ac6/systemworkbench/plugins/fr.ac6.mcu.externaltools.arm-none.win32_1.13.2.201705091103/tools/compiler/bin/../lib/gcc/arm-none-eabi/5.4.1/../../../../arm-none-eabi/lib/armv7e-m/fpu\libc.a(lib_a-__call_atexit.o)
 *(.init_array*)
 .init_array    0x080038f8        0x4 c:/ac6/systemworkbench/plugins/fr.ac6.mcu.externaltools.arm-none.win32_1.13.2.201705091103/tools/compiler/bin/../lib/gcc/arm-none-eabi/5.4.1/armv7e-m/fpu/crtbegin.o
                0x080038fc                PROVIDE (__init_array_end, .)
                0x080038fc                . = ALIGN (0x4)

.fini_array     0x080038fc        0x4
                0x080038fc                . = ALIGN (0x4)
                0x080038fc                PROVIDE (__fini_array_start, .)
 *(SORT(.fini_array.*))
 *(.fini_array*)
 .fini_array    0x080038fc        0x4 c:/ac6/systemworkbench/plugins/fr.ac6.mcu.externaltools.arm-none.win32_1.13.2.201705091103/tools/compiler/bin/../lib/gcc/arm-none-eabi/5.4.1/armv7e-m/fpu/crtbegin.o
                0x08003900                PROVIDE (__fini_array_end, .)
                0x08003900                . = ALIGN (0x4)
                0x08003900                _sidata = LOADADDR (.data)

.data           0x20000000      0x440 load address 0x08003900
                0x20000000                . = ALIGN (0x4)
                0x20000000                _sdata = .
 *(.data)
 .data          0x20000000        0x4 decadriver/deca_device.o
 .data          0x20000004        0xc src/main.o
 .data          0x20000010        0x4 src/system_stm32f4xx.o
                0x20000010                SystemCoreClock
 *(.data*)
 *fill*         0x20000014        0x4 
 .data.impure_data
                0x20000018      0x428 c:/ac6/systemworkbench/plugins/fr.ac6.mcu.externaltools.arm-none.win32_1.13.2.201705091103/tools/compiler/bin/../lib/gcc/arm-none-eabi/5.4.1/../../../../arm-none-eabi/lib/armv7e-m/fpu\libc.a(lib_a-impure.o)
                0x20000440                . = ALIGN (0x4)
                0x20000440                _edata = .

.jcr            0x20000440        0x0 load address 0x08003d40
 .jcr           0x20000440        0x0 c:/ac6/systemworkbench/plugins/fr.ac6.mcu.externaltools.arm-none.win32_1.13.2.201705091103/tools/compiler/bin/../lib/gcc/arm-none-eabi/5.4.1/armv7e-m/fpu/crtbegin.o

.igot.plt       0x20000440        0x0 load address 0x08003d40
 .igot.plt      0x20000440        0x0 c:/ac6/systemworkbench/plugins/fr.ac6.mcu.externaltools.arm-none.win32_1.13.2.201705091103/tools/compiler/bin/../lib/gcc/arm-none-eabi/5.4.1/armv7e-m/fpu/crtbegin.o
                0x20000440                . = ALIGN (0x4)

.bss            0x20000440      0x178 load address 0x08003d40
                0x20000440                _sbss = .
                0x20000440                __bss_start__ = _sbss
 *(.bss)
 .bss           0x20000440       0x1c c:/ac6/systemworkbench/plugins/fr.ac6.mcu.externaltools.arm-none.win32_1.13.2.201705091103/tools/compiler/bin/../lib/gcc/arm-none-eabi/5.4.1/armv7e-m/fpu/crtbegin.o
 .bss           0x2000045c       0x38 decadriver/deca_device.o
 .bss           0x20000494       0x86 src/main.o
 *(.bss*)
 *(COMMON)
 *fill*         0x2000051a        0x2 
 COMMON         0x2000051c       0x98 src/main.o
                0x2000051c                hspi2
                0x20000574                huart2
 COMMON         0x200005b4        0x4 E:\UWB\MX_STM32F411\dwm1000_f411_hal_lib\Debug\libdwm1000_f411_hal_lib.a(stm32f4xx_hal.o)
                0x200005b4                uwTick
                0x200005b8                . = ALIGN (0x4)
                0x200005b8                _ebss = .
                0x200005b8                __bss_end__ = _ebss

._user_heap_stack
                0x200005b8      0x400 load address 0x08003d40
                0x200005b8                . = ALIGN (0x8)
                0x200005b8                PROVIDE (end, .)
                [!provide]                PROVIDE (_end, .)
                0x200005b8                . = (. + _Min_Heap_Size)
                0x200009b8                . = (. + _Min_Stack_Size)
 *fill*         0x200005b8      0x400 
                0x200009b8                . = ALIGN (0x8)

/DISCARD/
 libc.a(*)
 libm.a(*)
 libgcc.a(*)

.ARM.attributes
                0x00000000       0x30
 *(.ARM.attributes)
 .ARM.attributes
                0x00000000       0x22 c:/ac6/systemworkbench/plugins/fr.ac6.mcu.externaltools.arm-none.win32_1.13.2.201705091103/tools/compiler/bin/../lib/gcc/arm-none-eabi/5.4.1/armv7e-m/fpu/crti.o
 .ARM.attributes
                0x00000022       0x34 c:/ac6/systemworkbench/plugins/fr.ac6.mcu.externaltools.arm-none.win32_1.13.2.201705091103/tools/compiler/bin/../lib/gcc/arm-none-eabi/5.4.1/armv7e-m/fpu/crtbegin.o
 .ARM.attributes
                0x00000056       0x39 decadriver/deca_device.o
 .ARM.attributes
                0x0000008f       0x39 decadriver/deca_params_init.o
 .ARM.attributes
                0x000000c8       0x39 platform/deca_spi.o
 .ARM.attributes
                0x00000101       0x39 platform/port.o
 .ARM.attributes
                0x0000013a       0x39 src/main.o
 .ARM.attributes
                0x00000173       0x39 src/stm32f4xx_it.o
 .ARM.attributes
                0x000001ac       0x39 src/system_stm32f4xx.o
 .ARM.attributes
                0x000001e5       0x25 startup/startup_stm32.o
 .ARM.attributes
                0x0000020a       0x39 E:\UWB\MX_STM32F411\dwm1000_f411_hal_lib\Debug\libdwm1000_f411_hal_lib.a(stm32f4xx_hal.o)
 .ARM.attributes
                0x00000243       0x39 E:\UWB\MX_STM32F411\dwm1000_f411_hal_lib\Debug\libdwm1000_f411_hal_lib.a(stm32f4xx_hal_cortex.o)
 .ARM.attributes
                0x0000027c       0x39 E:\UWB\MX_STM32F411\dwm1000_f411_hal_lib\Debug\libdwm1000_f411_hal_lib.a(stm32f4xx_hal_gpio.o)
 .ARM.attributes
                0x000002b5       0x39 E:\UWB\MX_STM32F411\dwm1000_f411_hal_lib\Debug\libdwm1000_f411_hal_lib.a(stm32f4xx_hal_rcc.o)
 .ARM.attributes
                0x000002ee       0x39 E:\UWB\MX_STM32F411\dwm1000_f411_hal_lib\Debug\libdwm1000_f411_hal_lib.a(stm32f4xx_hal_rcc_ex.o)
 .ARM.attributes
                0x00000327       0x39 E:\UWB\MX_STM32F411\dwm1000_f411_hal_lib\Debug\libdwm1000_f411_hal_lib.a(stm32f4xx_hal_spi.o)
 .ARM.attributes
                0x00000360       0x39 E:\UWB\MX_STM32F411\dwm1000_f411_hal_lib\Debug\libdwm1000_f411_hal_lib.a(stm32f4xx_hal_uart.o)
 .ARM.attributes
                0x00000399       0x34 c:/ac6/systemworkbench/plugins/fr.ac6.mcu.externaltools.arm-none.win32_1.13.2.201705091103/tools/compiler/bin/../lib/gcc/arm-none-eabi/5.4.1/../../../../arm-none-eabi/lib/armv7e-m/fpu\libc.a(lib_a-impure.o)
 .ARM.attributes
                0x000003cd       0x34 c:/ac6/systemworkbench/plugins/fr.ac6.mcu.externaltools.arm-none.win32_1.13.2.201705091103/tools/compiler/bin/../lib/gcc/arm-none-eabi/5.4.1/../../../../arm-none-eabi/lib/armv7e-m/fpu\libc.a(lib_a-init.o)
 .ARM.attributes
                0x00000401       0x34 c:/ac6/systemworkbench/plugins/fr.ac6.mcu.externaltools.arm-none.win32_1.13.2.201705091103/tools/compiler/bin/../lib/gcc/arm-none-eabi/5.4.1/../../../../arm-none-eabi/lib/armv7e-m/fpu\libc.a(lib_a-__call_atexit.o)
 .ARM.attributes
                0x00000435       0x34 c:/ac6/systemworkbench/plugins/fr.ac6.mcu.externaltools.arm-none.win32_1.13.2.201705091103/tools/compiler/bin/../lib/gcc/arm-none-eabi/5.4.1/../../../../arm-none-eabi/lib/armv7e-m/fpu\libc.a(lib_a-atexit.o)
 .ARM.attributes
                0x00000469       0x34 c:/ac6/systemworkbench/plugins/fr.ac6.mcu.externaltools.arm-none.win32_1.13.2.201705091103/tools/compiler/bin/../lib/gcc/arm-none-eabi/5.4.1/../../../../arm-none-eabi/lib/armv7e-m/fpu\libc.a(lib_a-fini.o)
 .ARM.attributes
                0x0000049d       0x34 c:/ac6/systemworkbench/plugins/fr.ac6.mcu.externaltools.arm-none.win32_1.13.2.201705091103/tools/compiler/bin/../lib/gcc/arm-none-eabi/5.4.1/../../../../arm-none-eabi/lib/armv7e-m/fpu\libc.a(lib_a-__atexit.o)
 .ARM.attributes
                0x000004d1       0x22 c:/ac6/systemworkbench/plugins/fr.ac6.mcu.externaltools.arm-none.win32_1.13.2.201705091103/tools/compiler/bin/../lib/gcc/arm-none-eabi/5.4.1/armv7e-m/fpu/crtn.o
OUTPUT(ex_02a_simple_rx.elf elf32-littlearm)

.debug_info     0x00000000     0x9dad
 .debug_info    0x00000000     0x1aff decadriver/deca_device.o
 .debug_info    0x00001aff      0x2a9 decadriver/deca_params_init.o
 .debug_info    0x00001da8      0x7c9 platform/deca_spi.o
 .debug_info    0x00002571     0x1311 platform/port.o
 .debug_info    0x00003882      0x98a src/main.o
 .debug_info    0x0000420c       0xbd src/stm32f4xx_it.o
 .debug_info    0x000042c9      0x525 src/system_stm32f4xx.o
 .debug_info    0x000047ee       0x6a startup/startup_stm32.o
 .debug_info    0x00004858      0x823 E:\UWB\MX_STM32F411\dwm1000_f411_hal_lib\Debug\libdwm1000_f411_hal_lib.a(stm32f4xx_hal.o)
 .debug_info    0x0000507b      0xd0f E:\UWB\MX_STM32F411\dwm1000_f411_hal_lib\Debug\libdwm1000_f411_hal_lib.a(stm32f4xx_hal_cortex.o)
 .debug_info    0x00005d8a      0x748 E:\UWB\MX_STM32F411\dwm1000_f411_hal_lib\Debug\libdwm1000_f411_hal_lib.a(stm32f4xx_hal_gpio.o)
 .debug_info    0x000064d2      0xb7c E:\UWB\MX_STM32F411\dwm1000_f411_hal_lib\Debug\libdwm1000_f411_hal_lib.a(stm32f4xx_hal_rcc.o)
 .debug_info    0x0000704e      0x5f1 E:\UWB\MX_STM32F411\dwm1000_f411_hal_lib\Debug\libdwm1000_f411_hal_lib.a(stm32f4xx_hal_rcc_ex.o)
 .debug_info    0x0000763f     0x15ea E:\UWB\MX_STM32F411\dwm1000_f411_hal_lib\Debug\libdwm1000_f411_hal_lib.a(stm32f4xx_hal_spi.o)
 .debug_info    0x00008c29     0x1184 E:\UWB\MX_STM32F411\dwm1000_f411_hal_lib\Debug\libdwm1000_f411_hal_lib.a(stm32f4xx_hal_uart.o)

.debug_abbrev   0x00000000     0x18e6
 .debug_abbrev  0x00000000      0x23a decadriver/deca_device.o
 .debug_abbrev  0x0000023a       0x7c decadriver/deca_params_init.o
 .debug_abbrev  0x000002b6      0x178 platform/deca_spi.o
 .debug_abbrev  0x0000042e      0x250 platform/port.o
 .debug_abbrev  0x0000067e      0x162 src/main.o
 .debug_abbrev  0x000007e0       0x6a src/stm32f4xx_it.o
 .debug_abbrev  0x0000084a      0x104 src/system_stm32f4xx.o
 .debug_abbrev  0x0000094e       0x12 startup/startup_stm32.o
 .debug_abbrev  0x00000960      0x252 E:\UWB\MX_STM32F411\dwm1000_f411_hal_lib\Debug\libdwm1000_f411_hal_lib.a(stm32f4xx_hal.o)
 .debug_abbrev  0x00000bb2      0x2cc E:\UWB\MX_STM32F411\dwm1000_f411_hal_lib\Debug\libdwm1000_f411_hal_lib.a(stm32f4xx_hal_cortex.o)
 .debug_abbrev  0x00000e7e      0x1af E:\UWB\MX_STM32F411\dwm1000_f411_hal_lib\Debug\libdwm1000_f411_hal_lib.a(stm32f4xx_hal_gpio.o)
 .debug_abbrev  0x0000102d      0x2a2 E:\UWB\MX_STM32F411\dwm1000_f411_hal_lib\Debug\libdwm1000_f411_hal_lib.a(stm32f4xx_hal_rcc.o)
 .debug_abbrev  0x000012cf      0x1c7 E:\UWB\MX_STM32F411\dwm1000_f411_hal_lib\Debug\libdwm1000_f411_hal_lib.a(stm32f4xx_hal_rcc_ex.o)
 .debug_abbrev  0x00001496      0x21a E:\UWB\MX_STM32F411\dwm1000_f411_hal_lib\Debug\libdwm1000_f411_hal_lib.a(stm32f4xx_hal_spi.o)
 .debug_abbrev  0x000016b0      0x236 E:\UWB\MX_STM32F411\dwm1000_f411_hal_lib\Debug\libdwm1000_f411_hal_lib.a(stm32f4xx_hal_uart.o)

.debug_aranges  0x00000000      0xb48
 .debug_aranges
                0x00000000      0x300 decadriver/deca_device.o
 .debug_aranges
                0x00000300       0x18 decadriver/deca_params_init.o
 .debug_aranges
                0x00000318       0x28 platform/deca_spi.o
 .debug_aranges
                0x00000340       0xc0 platform/port.o
 .debug_aranges
                0x00000400       0x20 src/main.o
 .debug_aranges
                0x00000420       0x20 src/stm32f4xx_it.o
 .debug_aranges
                0x00000440       0x28 src/system_stm32f4xx.o
 .debug_aranges
                0x00000468       0x28 startup/startup_stm32.o
 .debug_aranges
                0x00000490       0xc8 E:\UWB\MX_STM32F411\dwm1000_f411_hal_lib\Debug\libdwm1000_f411_hal_lib.a(stm32f4xx_hal.o)
 .debug_aranges
                0x00000558      0x118 E:\UWB\MX_STM32F411\dwm1000_f411_hal_lib\Debug\libdwm1000_f411_hal_lib.a(stm32f4xx_hal_cortex.o)
 .debug_aranges
                0x00000670       0x58 E:\UWB\MX_STM32F411\dwm1000_f411_hal_lib\Debug\libdwm1000_f411_hal_lib.a(stm32f4xx_hal_gpio.o)
 .debug_aranges
                0x000006c8       0x88 E:\UWB\MX_STM32F411\dwm1000_f411_hal_lib\Debug\libdwm1000_f411_hal_lib.a(stm32f4xx_hal_rcc.o)
 .debug_aranges
                0x00000750       0x40 E:\UWB\MX_STM32F411\dwm1000_f411_hal_lib\Debug\libdwm1000_f411_hal_lib.a(stm32f4xx_hal_rcc_ex.o)
 .debug_aranges
                0x00000790      0x1e8 E:\UWB\MX_STM32F411\dwm1000_f411_hal_lib\Debug\libdwm1000_f411_hal_lib.a(stm32f4xx_hal_spi.o)
 .debug_aranges
                0x00000978      0x1d0 E:\UWB\MX_STM32F411\dwm1000_f411_hal_lib\Debug\libdwm1000_f411_hal_lib.a(stm32f4xx_hal_uart.o)

.debug_ranges   0x00000000      0xa58
 .debug_ranges  0x00000000      0x2f0 decadriver/deca_device.o
 .debug_ranges  0x000002f0       0x18 platform/deca_spi.o
 .debug_ranges  0x00000308       0xb0 platform/port.o
 .debug_ranges  0x000003b8       0x10 src/main.o
 .debug_ranges  0x000003c8       0x10 src/stm32f4xx_it.o
 .debug_ranges  0x000003d8       0x18 src/system_stm32f4xx.o
 .debug_ranges  0x000003f0       0x20 startup/startup_stm32.o
 .debug_ranges  0x00000410       0xb8 E:\UWB\MX_STM32F411\dwm1000_f411_hal_lib\Debug\libdwm1000_f411_hal_lib.a(stm32f4xx_hal.o)
 .debug_ranges  0x000004c8      0x108 E:\UWB\MX_STM32F411\dwm1000_f411_hal_lib\Debug\libdwm1000_f411_hal_lib.a(stm32f4xx_hal_cortex.o)
 .debug_ranges  0x000005d0       0x48 E:\UWB\MX_STM32F411\dwm1000_f411_hal_lib\Debug\libdwm1000_f411_hal_lib.a(stm32f4xx_hal_gpio.o)
 .debug_ranges  0x00000618       0x78 E:\UWB\MX_STM32F411\dwm1000_f411_hal_lib\Debug\libdwm1000_f411_hal_lib.a(stm32f4xx_hal_rcc.o)
 .debug_ranges  0x00000690       0x30 E:\UWB\MX_STM32F411\dwm1000_f411_hal_lib\Debug\libdwm1000_f411_hal_lib.a(stm32f4xx_hal_rcc_ex.o)
 .debug_ranges  0x000006c0      0x1d8 E:\UWB\MX_STM32F411\dwm1000_f411_hal_lib\Debug\libdwm1000_f411_hal_lib.a(stm32f4xx_hal_spi.o)
 .debug_ranges  0x00000898      0x1c0 E:\UWB\MX_STM32F411\dwm1000_f411_hal_lib\Debug\libdwm1000_f411_hal_lib.a(stm32f4xx_hal_uart.o)

.debug_macro    0x00000000    0x1cee2
 .debug_macro   0x00000000      0x19f decadriver/deca_device.o
 .debug_macro   0x0000019f      0x8a4 decadriver/deca_device.o
 .debug_macro   0x00000a43       0x22 decadriver/deca_device.o
 .debug_macro   0x00000a65       0x4c decadriver/deca_device.o
 .debug_macro   0x00000ab1       0x8d decadriver/deca_device.o
 .debug_macro   0x00000b3e       0x35 decadriver/deca_device.o
 .debug_macro   0x00000b73       0x9c decadriver/deca_device.o
 .debug_macro   0x00000c0f       0x1c decadriver/deca_device.o
 .debug_macro   0x00000c2b       0x16 decadriver/deca_device.o
 .debug_macro   0x00000c41      0x10e decadriver/deca_device.o
 .debug_macro   0x00000d4f       0x8d decadriver/deca_device.o
 .debug_macro   0x00000ddc       0x4a decadriver/deca_device.o
 .debug_macro   0x00000e26       0x52 decadriver/deca_device.o
 .debug_macro   0x00000e78       0x1f decadriver/deca_device.o
 .debug_macro   0x00000e97       0x43 decadriver/deca_device.o
 .debug_macro   0x00000eda       0x20 decadriver/deca_device.o
 .debug_macro   0x00000efa      0x187 decadriver/deca_device.o
 .debug_macro   0x00001081      0x30d decadriver/deca_device.o
 .debug_macro   0x0000138e       0x16 decadriver/deca_device.o
 .debug_macro   0x000013a4       0x29 decadriver/deca_device.o
 .debug_macro   0x000013cd       0x2e decadriver/deca_device.o
 .debug_macro   0x000013fb       0x6a decadriver/deca_device.o
 .debug_macro   0x00001465       0x16 decadriver/deca_device.o
 .debug_macro   0x0000147b     0x1808 decadriver/deca_device.o
 .debug_macro   0x00002c83      0x1dd decadriver/deca_device.o
 .debug_macro   0x00002e60      0x1ec decadriver/deca_params_init.o
 .debug_macro   0x0000304c       0x16 decadriver/deca_params_init.o
 .debug_macro   0x00003062       0x97 decadriver/deca_params_init.o
 .debug_macro   0x000030f9       0xfd decadriver/deca_params_init.o
 .debug_macro   0x000031f6       0x10 decadriver/deca_params_init.o
 .debug_macro   0x00003206       0x10 decadriver/deca_params_init.o
 .debug_macro   0x00003216       0x5e decadriver/deca_params_init.o
 .debug_macro   0x00003274       0x1c decadriver/deca_params_init.o
 .debug_macro   0x00003290       0x52 decadriver/deca_params_init.o
 .debug_macro   0x000032e2       0x40 decadriver/deca_params_init.o
 .debug_macro   0x00003322       0x10 decadriver/deca_params_init.o
 .debug_macro   0x00003332       0x40 decadriver/deca_params_init.o
 .debug_macro   0x00003372       0xd7 decadriver/deca_params_init.o
 .debug_macro   0x00003449       0x16 decadriver/deca_params_init.o
 .debug_macro   0x0000345f      0x18b decadriver/deca_params_init.o
 .debug_macro   0x000035ea       0x35 decadriver/deca_params_init.o
 .debug_macro   0x0000361f      0x201 decadriver/deca_params_init.o
 .debug_macro   0x00003820       0x64 decadriver/deca_params_init.o
 .debug_macro   0x00003884      0x4c3 platform/deca_spi.o
 .debug_macro   0x00003d47      0x174 platform/deca_spi.o
 .debug_macro   0x00003ebb       0x10 platform/deca_spi.o
 .debug_macro   0x00003ecb       0x2d platform/deca_spi.o
 .debug_macro   0x00003ef8       0x28 platform/deca_spi.o
 .debug_macro   0x00003f20       0xfd platform/deca_spi.o
 .debug_macro   0x0000401d      0x1df platform/deca_spi.o
 .debug_macro   0x000041fc       0x35 platform/deca_spi.o
 .debug_macro   0x00004231       0x50 platform/deca_spi.o
 .debug_macro   0x00004281      0xe66 platform/deca_spi.o
 .debug_macro   0x000050e7     0xb906 platform/deca_spi.o
 .debug_macro   0x000109ed       0x43 platform/deca_spi.o
 .debug_macro   0x00010a30      0x134 platform/deca_spi.o
 .debug_macro   0x00010b64     0x3574 platform/deca_spi.o
 .debug_macro   0x000140d8       0x1c platform/deca_spi.o
 .debug_macro   0x000140f4       0x57 platform/deca_spi.o
 .debug_macro   0x0001414b      0x447 platform/deca_spi.o
 .debug_macro   0x00014592      0x9e1 platform/deca_spi.o
 .debug_macro   0x00014f73      0x11e platform/deca_spi.o
 .debug_macro   0x00015091      0x11b platform/deca_spi.o
 .debug_macro   0x000151ac       0x27 platform/deca_spi.o
 .debug_macro   0x000151d3      0x287 platform/deca_spi.o
 .debug_macro   0x0001545a       0x5f platform/deca_spi.o
 .debug_macro   0x000154b9      0x23a platform/deca_spi.o
 .debug_macro   0x000156f3      0x391 platform/deca_spi.o
 .debug_macro   0x00015a84      0x17d platform/deca_spi.o
 .debug_macro   0x00015c01       0xf9 platform/deca_spi.o
 .debug_macro   0x00015cfa       0x23 platform/deca_spi.o
 .debug_macro   0x00015d1d      0x13a platform/deca_spi.o
 .debug_macro   0x00015e57      0x264 platform/deca_spi.o
 .debug_macro   0x000160bb       0x2e platform/deca_spi.o
 .debug_macro   0x000160e9      0x1a7 platform/deca_spi.o
 .debug_macro   0x00016290       0x22 platform/deca_spi.o
 .debug_macro   0x000162b2       0xa5 platform/deca_spi.o
 .debug_macro   0x00016357      0x192 platform/deca_spi.o
 .debug_macro   0x000164e9       0x40 platform/deca_spi.o
 .debug_macro   0x00016529       0x3c platform/deca_spi.o
 .debug_macro   0x00016565       0x79 platform/deca_spi.o
 .debug_macro   0x000165de      0x11e platform/deca_spi.o
 .debug_macro   0x000166fc       0x85 platform/deca_spi.o
 .debug_macro   0x00016781       0x89 platform/deca_spi.o
 .debug_macro   0x0001680a      0x31a platform/deca_spi.o
 .debug_macro   0x00016b24      0x409 platform/deca_spi.o
 .debug_macro   0x00016f2d       0xe4 platform/deca_spi.o
 .debug_macro   0x00017011      0x845 platform/deca_spi.o
 .debug_macro   0x00017856      0x198 platform/deca_spi.o
 .debug_macro   0x000179ee      0x202 platform/deca_spi.o
 .debug_macro   0x00017bf0      0x6e0 platform/deca_spi.o
 .debug_macro   0x000182d0       0x5b platform/deca_spi.o
 .debug_macro   0x0001832b      0x14d platform/deca_spi.o
 .debug_macro   0x00018478      0x287 platform/deca_spi.o
 .debug_macro   0x000186ff      0x225 platform/deca_spi.o
 .debug_macro   0x00018924      0x1b5 platform/deca_spi.o
 .debug_macro   0x00018ad9      0x2db platform/deca_spi.o
 .debug_macro   0x00018db4       0x89 platform/deca_spi.o
 .debug_macro   0x00018e3d      0x1df platform/deca_spi.o
 .debug_macro   0x0001901c      0x115 platform/deca_spi.o
 .debug_macro   0x00019131       0x6e platform/deca_spi.o
 .debug_macro   0x0001919f      0x11e platform/deca_spi.o
 .debug_macro   0x000192bd       0xb3 platform/deca_spi.o
 .debug_macro   0x00019370      0x488 platform/port.o
 .debug_macro   0x000197f8       0x87 platform/port.o
 .debug_macro   0x0001987f       0x44 platform/port.o
 .debug_macro   0x000198c3       0x52 platform/port.o
 .debug_macro   0x00019915      0x4ac src/main.o
 .debug_macro   0x00019dc1      0x472 src/stm32f4xx_it.o
 .debug_macro   0x0001a233      0x46e src/system_stm32f4xx.o
 .debug_macro   0x0001a6a1      0x4c8 E:\UWB\MX_STM32F411\dwm1000_f411_hal_lib\Debug\libdwm1000_f411_hal_lib.a(stm32f4xx_hal.o)
 .debug_macro   0x0001ab69      0x89e E:\UWB\MX_STM32F411\dwm1000_f411_hal_lib\Debug\libdwm1000_f411_hal_lib.a(stm32f4xx_hal.o)
 .debug_macro   0x0001b407      0x468 E:\UWB\MX_STM32F411\dwm1000_f411_hal_lib\Debug\libdwm1000_f411_hal_lib.a(stm32f4xx_hal_cortex.o)
 .debug_macro   0x0001b86f      0x4a0 E:\UWB\MX_STM32F411\dwm1000_f411_hal_lib\Debug\libdwm1000_f411_hal_lib.a(stm32f4xx_hal_gpio.o)
 .debug_macro   0x0001bd0f      0x492 E:\UWB\MX_STM32F411\dwm1000_f411_hal_lib\Debug\libdwm1000_f411_hal_lib.a(stm32f4xx_hal_rcc.o)
 .debug_macro   0x0001c1a1      0x468 E:\UWB\MX_STM32F411\dwm1000_f411_hal_lib\Debug\libdwm1000_f411_hal_lib.a(stm32f4xx_hal_rcc_ex.o)
 .debug_macro   0x0001c609      0x470 E:\UWB\MX_STM32F411\dwm1000_f411_hal_lib\Debug\libdwm1000_f411_hal_lib.a(stm32f4xx_hal_spi.o)
 .debug_macro   0x0001ca79      0x469 E:\UWB\MX_STM32F411\dwm1000_f411_hal_lib\Debug\libdwm1000_f411_hal_lib.a(stm32f4xx_hal_uart.o)

.debug_line     0x00000000     0xadb7
 .debug_line    0x00000000      0xdae decadriver/deca_device.o
 .debug_line    0x00000dae      0x43f decadriver/deca_params_init.o
 .debug_line    0x000011ed      0xb17 platform/deca_spi.o
 .debug_line    0x00001d04      0xc8f platform/port.o
 .debug_line    0x00002993      0xac6 src/main.o
 .debug_line    0x00003459      0xa4f src/stm32f4xx_it.o
 .debug_line    0x00003ea8      0xa45 src/system_stm32f4xx.o
 .debug_line    0x000048ed       0x79 startup/startup_stm32.o
 .debug_line    0x00004966      0xbcf E:\UWB\MX_STM32F411\dwm1000_f411_hal_lib\Debug\libdwm1000_f411_hal_lib.a(stm32f4xx_hal.o)
 .debug_line    0x00005535      0xd30 E:\UWB\MX_STM32F411\dwm1000_f411_hal_lib\Debug\libdwm1000_f411_hal_lib.a(stm32f4xx_hal_cortex.o)
 .debug_line    0x00006265      0xbbc E:\UWB\MX_STM32F411\dwm1000_f411_hal_lib\Debug\libdwm1000_f411_hal_lib.a(stm32f4xx_hal_gpio.o)
 .debug_line    0x00006e21      0xd39 E:\UWB\MX_STM32F411\dwm1000_f411_hal_lib\Debug\libdwm1000_f411_hal_lib.a(stm32f4xx_hal_rcc.o)
 .debug_line    0x00007b5a      0xb28 E:\UWB\MX_STM32F411\dwm1000_f411_hal_lib\Debug\libdwm1000_f411_hal_lib.a(stm32f4xx_hal_rcc_ex.o)
 .debug_line    0x00008682     0x143a E:\UWB\MX_STM32F411\dwm1000_f411_hal_lib\Debug\libdwm1000_f411_hal_lib.a(stm32f4xx_hal_spi.o)
 .debug_line    0x00009abc     0x12fb E:\UWB\MX_STM32F411\dwm1000_f411_hal_lib\Debug\libdwm1000_f411_hal_lib.a(stm32f4xx_hal_uart.o)

.debug_str      0x00000000    0xa494e
 .debug_str     0x00000000     0xbeb3 decadriver/deca_device.o
                               0xc0a8 (size before relaxing)
 .debug_str     0x0000beb3     0x12a9 decadriver/deca_params_init.o
                               0xc4cd (size before relaxing)
 .debug_str     0x0000d15c    0x954a9 platform/deca_spi.o
                              0x9c1c2 (size before relaxing)
 .debug_str     0x000a2605      0x993 platform/port.o
                              0x9ca48 (size before relaxing)
 .debug_str     0x000a2f98       0x5e src/main.o
                              0xa18ca (size before relaxing)
 .debug_str     0x000a2ff6       0x38 src/stm32f4xx_it.o
                              0x9b315 (size before relaxing)
 .debug_str     0x000a302e       0xeb src/system_stm32f4xx.o
                              0x9b4fc (size before relaxing)
 .debug_str     0x000a3119      0x572 E:\UWB\MX_STM32F411\dwm1000_f411_hal_lib\Debug\libdwm1000_f411_hal_lib.a(stm32f4xx_hal.o)
                              0x9be06 (size before relaxing)
 .debug_str     0x000a368b      0x386 E:\UWB\MX_STM32F411\dwm1000_f411_hal_lib\Debug\libdwm1000_f411_hal_lib.a(stm32f4xx_hal_cortex.o)
                              0x9bc01 (size before relaxing)
 .debug_str     0x000a3a11      0x1f5 E:\UWB\MX_STM32F411\dwm1000_f411_hal_lib\Debug\libdwm1000_f411_hal_lib.a(stm32f4xx_hal_gpio.o)
                              0x9b6fe (size before relaxing)
 .debug_str     0x000a3c06      0x238 E:\UWB\MX_STM32F411\dwm1000_f411_hal_lib\Debug\libdwm1000_f411_hal_lib.a(stm32f4xx_hal_rcc.o)
                              0x9b8d4 (size before relaxing)
 .debug_str     0x000a3e3e       0xdf E:\UWB\MX_STM32F411\dwm1000_f411_hal_lib\Debug\libdwm1000_f411_hal_lib.a(stm32f4xx_hal_rcc_ex.o)
                              0x9b614 (size before relaxing)
 .debug_str     0x000a3f1d      0x536 E:\UWB\MX_STM32F411\dwm1000_f411_hal_lib\Debug\libdwm1000_f411_hal_lib.a(stm32f4xx_hal_spi.o)
                              0x9bd16 (size before relaxing)
 .debug_str     0x000a4453      0x4fb E:\UWB\MX_STM32F411\dwm1000_f411_hal_lib\Debug\libdwm1000_f411_hal_lib.a(stm32f4xx_hal_uart.o)
                              0x9bccb (size before relaxing)

.comment        0x00000000       0x6e
 .comment       0x00000000       0x6e decadriver/deca_device.o
                                 0x6f (size before relaxing)
 .comment       0x0000006e       0x6f decadriver/deca_params_init.o
 .comment       0x0000006e       0x6f platform/deca_spi.o
 .comment       0x0000006e       0x6f platform/port.o
 .comment       0x0000006e       0x6f src/main.o
 .comment       0x0000006e       0x6f src/stm32f4xx_it.o
 .comment       0x0000006e       0x6f src/system_stm32f4xx.o
 .comment       0x0000006e       0x6f E:\UWB\MX_STM32F411\dwm1000_f411_hal_lib\Debug\libdwm1000_f411_hal_lib.a(stm32f4xx_hal.o)
 .comment       0x0000006e       0x6f E:\UWB\MX_STM32F411\dwm1000_f411_hal_lib\Debug\libdwm1000_f411_hal_lib.a(stm32f4xx_hal_cortex.o)
 .comment       0x0000006e       0x6f E:\UWB\MX_STM32F411\dwm1000_f411_hal_lib\Debug\libdwm1000_f411_hal_lib.a(stm32f4xx_hal_gpio.o)
 .comment       0x0000006e       0x6f E:\UWB\MX_STM32F411\dwm1000_f411_hal_lib\Debug\libdwm1000_f411_hal_lib.a(stm32f4xx_hal_rcc.o)
 .comment       0x0000006e       0x6f E:\UWB\MX_STM32F411\dwm1000_f411_hal_lib\Debug\libdwm1000_f411_hal_lib.a(stm32f4xx_hal_rcc_ex.o)
 .comment       0x0000006e       0x6f E:\UWB\MX_STM32F411\dwm1000_f411_hal_lib\Debug\libdwm1000_f411_hal_lib.a(stm32f4xx_hal_spi.o)
 .comment       0x0000006e       0x6f E:\UWB\MX_STM32F411\dwm1000_f411_hal_lib\Debug\libdwm1000_f411_hal_lib.a(stm32f4xx_hal_uart.o)

.debug_frame    0x00000000     0x2e48
 .debug_frame   0x00000000      0xcc0 decadriver/deca_device.o
 .debug_frame   0x00000cc0       0x58 platform/deca_spi.o
 .debug_frame   0x00000d18      0x310 platform/port.o
 .debug_frame   0x00001028       0x30 src/main.o
 .debug_frame   0x00001058       0x2c src/stm32f4xx_it.o
 .debug_frame   0x00001084       0x58 src/system_stm32f4xx.o
 .debug_frame   0x000010dc      0x2e8 E:\UWB\MX_STM32F411\dwm1000_f411_hal_lib\Debug\libdwm1000_f411_hal_lib.a(stm32f4xx_hal.o)
 .debug_frame   0x000013c4      0x498 E:\UWB\MX_STM32F411\dwm1000_f411_hal_lib\Debug\libdwm1000_f411_hal_lib.a(stm32f4xx_hal_cortex.o)
 .debug_frame   0x0000185c      0x14c E:\UWB\MX_STM32F411\dwm1000_f411_hal_lib\Debug\libdwm1000_f411_hal_lib.a(stm32f4xx_hal_gpio.o)
 .debug_frame   0x000019a8      0x200 E:\UWB\MX_STM32F411\dwm1000_f411_hal_lib\Debug\libdwm1000_f411_hal_lib.a(stm32f4xx_hal_rcc.o)
 .debug_frame   0x00001ba8       0xcc E:\UWB\MX_STM32F411\dwm1000_f411_hal_lib\Debug\libdwm1000_f411_hal_lib.a(stm32f4xx_hal_rcc_ex.o)
 .debug_frame   0x00001c74      0x894 E:\UWB\MX_STM32F411\dwm1000_f411_hal_lib\Debug\libdwm1000_f411_hal_lib.a(stm32f4xx_hal_spi.o)
 .debug_frame   0x00002508      0x83c E:\UWB\MX_STM32F411\dwm1000_f411_hal_lib\Debug\libdwm1000_f411_hal_lib.a(stm32f4xx_hal_uart.o)
 .debug_frame   0x00002d44       0x2c c:/ac6/systemworkbench/plugins/fr.ac6.mcu.externaltools.arm-none.win32_1.13.2.201705091103/tools/compiler/bin/../lib/gcc/arm-none-eabi/5.4.1/../../../../arm-none-eabi/lib/armv7e-m/fpu\libc.a(lib_a-init.o)
 .debug_frame   0x00002d70       0x50 c:/ac6/systemworkbench/plugins/fr.ac6.mcu.externaltools.arm-none.win32_1.13.2.201705091103/tools/compiler/bin/../lib/gcc/arm-none-eabi/5.4.1/../../../../arm-none-eabi/lib/armv7e-m/fpu\libc.a(lib_a-__call_atexit.o)
 .debug_frame   0x00002dc0       0x20 c:/ac6/systemworkbench/plugins/fr.ac6.mcu.externaltools.arm-none.win32_1.13.2.201705091103/tools/compiler/bin/../lib/gcc/arm-none-eabi/5.4.1/../../../../arm-none-eabi/lib/armv7e-m/fpu\libc.a(lib_a-atexit.o)
 .debug_frame   0x00002de0       0x34 c:/ac6/systemworkbench/plugins/fr.ac6.mcu.externaltools.arm-none.win32_1.13.2.201705091103/tools/compiler/bin/../lib/gcc/arm-none-eabi/5.4.1/../../../../arm-none-eabi/lib/armv7e-m/fpu\libc.a(lib_a-fini.o)
 .debug_frame   0x00002e14       0x34 c:/ac6/systemworkbench/plugins/fr.ac6.mcu.externaltools.arm-none.win32_1.13.2.201705091103/tools/compiler/bin/../lib/gcc/arm-none-eabi/5.4.1/../../../../arm-none-eabi/lib/armv7e-m/fpu\libc.a(lib_a-__atexit.o)
