Archive member included to satisfy reference by file (symbol)

E:\UWB\WS_F030CC\uwb_f030cc_hal_lib\Debug\libuwb_f030cc_hal_lib.a(stm32f0xx_hal.o)
                              platform/port.o (HAL_Init)
E:\UWB\WS_F030CC\uwb_f030cc_hal_lib\Debug\libuwb_f030cc_hal_lib.a(stm32f0xx_hal_cortex.o)
                              platform/port.o (HAL_NVIC_SetPriority)
E:\UWB\WS_F030CC\uwb_f030cc_hal_lib\Debug\libuwb_f030cc_hal_lib.a(stm32f0xx_hal_gpio.o)
                              platform/port.o (HAL_GPIO_Init)
E:\UWB\WS_F030CC\uwb_f030cc_hal_lib\Debug\libuwb_f030cc_hal_lib.a(stm32f0xx_hal_rcc.o)
                              platform/port.o (HAL_RCC_OscConfig)
E:\UWB\WS_F030CC\uwb_f030cc_hal_lib\Debug\libuwb_f030cc_hal_lib.a(stm32f0xx_hal_rcc_ex.o)
                              platform/port.o (HAL_RCCEx_PeriphCLKConfig)
E:\UWB\WS_F030CC\uwb_f030cc_hal_lib\Debug\libuwb_f030cc_hal_lib.a(stm32f0xx_hal_spi.o)
                              platform/port.o (HAL_SPI_Init)
E:\UWB\WS_F030CC\uwb_f030cc_hal_lib\Debug\libuwb_f030cc_hal_lib.a(stm32f0xx_hal_uart.o)
                              platform/port.o (HAL_UART_Init)
E:\UWB\WS_F030CC\uwb_f030cc_hal_lib\Debug\libuwb_f030cc_hal_lib.a(stm32f0xx_hal_dma.o)
                              E:\UWB\WS_F030CC\uwb_f030cc_hal_lib\Debug\libuwb_f030cc_hal_lib.a(stm32f0xx_hal_spi.o) (HAL_DMA_Start_IT)
c:/ac6/systemworkbench/plugins/fr.ac6.mcu.externaltools.arm-none.win32_1.13.2.201705091103/tools/compiler/bin/../lib/gcc/arm-none-eabi/5.4.1/armv6-m\libgcc.a(_udivsi3.o)
                              decadriver/deca_device.o (__aeabi_uidiv)
c:/ac6/systemworkbench/plugins/fr.ac6.mcu.externaltools.arm-none.win32_1.13.2.201705091103/tools/compiler/bin/../lib/gcc/arm-none-eabi/5.4.1/armv6-m\libgcc.a(_dvmd_tls.o)
                              c:/ac6/systemworkbench/plugins/fr.ac6.mcu.externaltools.arm-none.win32_1.13.2.201705091103/tools/compiler/bin/../lib/gcc/arm-none-eabi/5.4.1/armv6-m\libgcc.a(_udivsi3.o) (__aeabi_idiv0)
c:/ac6/systemworkbench/plugins/fr.ac6.mcu.externaltools.arm-none.win32_1.13.2.201705091103/tools/compiler/bin/../lib/gcc/arm-none-eabi/5.4.1/armv6-m\libgcc.a(_arm_cmpdf2.o)
                              platform/port.o (__aeabi_dcmplt)
c:/ac6/systemworkbench/plugins/fr.ac6.mcu.externaltools.arm-none.win32_1.13.2.201705091103/tools/compiler/bin/../lib/gcc/arm-none-eabi/5.4.1/armv6-m\libgcc.a(_aeabi_uldivmod.o)
                              platform/port.o (__aeabi_uldivmod)
c:/ac6/systemworkbench/plugins/fr.ac6.mcu.externaltools.arm-none.win32_1.13.2.201705091103/tools/compiler/bin/../lib/gcc/arm-none-eabi/5.4.1/armv6-m\libgcc.a(_fixunsdfsi.o)
                              platform/port.o (__aeabi_d2uiz)
c:/ac6/systemworkbench/plugins/fr.ac6.mcu.externaltools.arm-none.win32_1.13.2.201705091103/tools/compiler/bin/../lib/gcc/arm-none-eabi/5.4.1/armv6-m\libgcc.a(_fixdfdi.o)
                              src/main.o (__aeabi_d2lz)
c:/ac6/systemworkbench/plugins/fr.ac6.mcu.externaltools.arm-none.win32_1.13.2.201705091103/tools/compiler/bin/../lib/gcc/arm-none-eabi/5.4.1/armv6-m\libgcc.a(_fixunsdfdi.o)
                              c:/ac6/systemworkbench/plugins/fr.ac6.mcu.externaltools.arm-none.win32_1.13.2.201705091103/tools/compiler/bin/../lib/gcc/arm-none-eabi/5.4.1/armv6-m\libgcc.a(_fixdfdi.o) (__aeabi_d2ulz)
c:/ac6/systemworkbench/plugins/fr.ac6.mcu.externaltools.arm-none.win32_1.13.2.201705091103/tools/compiler/bin/../lib/gcc/arm-none-eabi/5.4.1/armv6-m\libgcc.a(_floatdidf.o)
                              src/main.o (__aeabi_l2d)
c:/ac6/systemworkbench/plugins/fr.ac6.mcu.externaltools.arm-none.win32_1.13.2.201705091103/tools/compiler/bin/../lib/gcc/arm-none-eabi/5.4.1/armv6-m\libgcc.a(_udivmoddi4.o)
                              c:/ac6/systemworkbench/plugins/fr.ac6.mcu.externaltools.arm-none.win32_1.13.2.201705091103/tools/compiler/bin/../lib/gcc/arm-none-eabi/5.4.1/armv6-m\libgcc.a(_aeabi_uldivmod.o) (__udivmoddi4)
c:/ac6/systemworkbench/plugins/fr.ac6.mcu.externaltools.arm-none.win32_1.13.2.201705091103/tools/compiler/bin/../lib/gcc/arm-none-eabi/5.4.1/armv6-m\libgcc.a(adddf3.o)
                              platform/port.o (__aeabi_dadd)
c:/ac6/systemworkbench/plugins/fr.ac6.mcu.externaltools.arm-none.win32_1.13.2.201705091103/tools/compiler/bin/../lib/gcc/arm-none-eabi/5.4.1/armv6-m\libgcc.a(divdf3.o)
                              decadriver/deca_device.o (__aeabi_ddiv)
c:/ac6/systemworkbench/plugins/fr.ac6.mcu.externaltools.arm-none.win32_1.13.2.201705091103/tools/compiler/bin/../lib/gcc/arm-none-eabi/5.4.1/armv6-m\libgcc.a(eqdf2.o)
                              c:/ac6/systemworkbench/plugins/fr.ac6.mcu.externaltools.arm-none.win32_1.13.2.201705091103/tools/compiler/bin/../lib/gcc/arm-none-eabi/5.4.1/armv6-m\libgcc.a(_arm_cmpdf2.o) (__eqdf2)
c:/ac6/systemworkbench/plugins/fr.ac6.mcu.externaltools.arm-none.win32_1.13.2.201705091103/tools/compiler/bin/../lib/gcc/arm-none-eabi/5.4.1/armv6-m\libgcc.a(gedf2.o)
[...]
Memory Configuration

Name             Origin             Length             Attributes
RAM              0x20000000         0x00008000         xrw
ROM              0x08000000         0x00040000         xr
*default*        0x00000000         0xffffffff

Linker script and memory map

LOAD c:/ac6/systemworkbench/plugins/fr.ac6.mcu.externaltools.arm-none.win32_1.13.2.201705091103/tools/compiler/bin/../lib/gcc/arm-none-eabi/5.4.1/armv6-m/crti.o
LOAD c:/ac6/systemworkbench/plugins/fr.ac6.mcu.externaltools.arm-none.win32_1.13.2.201705091103/tools/compiler/bin/../lib/gcc/arm-none-eabi/5.4.1/armv6-m/crtbegin.o
LOAD c:/ac6/systemworkbench/plugins/fr.ac6.mcu.externaltools.arm-none.win32_1.13.2.201705091103/tools/compiler/bin/../lib/gcc/arm-none-eabi/5.4.1/../../../../arm-none-eabi/lib/armv6-m/crt0.o
LOAD decadriver/deca_device.o
LOAD decadriver/deca_params_init.o
LOAD platform/deca_spi.o
LOAD platform/port.o
LOAD src/main.o
LOAD src/stm32f0xx_it.o
LOAD src/syscalls.o
LOAD src/system_stm32f0xx.o
LOAD startup/startup_stm32.o
LOAD E:\UWB\WS_F030CC\uwb_f030cc_hal_lib\Debug\libuwb_f030cc_hal_lib.a
LOAD c:/ac6/systemworkbench/plugins/fr.ac6.mcu.externaltools.arm-none.win32_1.13.2.201705091103/tools/compiler/bin/../lib/gcc/arm-none-eabi/5.4.1/../../../../arm-none-eabi/lib/armv6-m\libm.a
START GROUP
LOAD c:/ac6/systemworkbench/plugins/fr.ac6.mcu.externaltools.arm-none.win32_1.13.2.201705091103/tools/compiler/bin/../lib/gcc/arm-none-eabi/5.4.1/armv6-m\libgcc.a
LOAD c:/ac6/systemworkbench/plugins/fr.ac6.mcu.externaltools.arm-none.win32_1.13.2.201705091103/tools/compiler/bin/../lib/gcc/arm-none-eabi/5.4.1/../../../../arm-none-eabi/lib/armv6-m\libc.a
END GROUP
LOAD c:/ac6/systemworkbench/plugins/fr.ac6.mcu.externaltools.arm-none.win32_1.13.2.201705091103/tools/compiler/bin/../lib/gcc/arm-none-eabi/5.4.1/armv6-m/crtend.o
LOAD c:/ac6/systemworkbench/plugins/fr.ac6.mcu.externaltools.arm-none.win32_1.13.2.201705091103/tools/compiler/bin/../lib/gcc/arm-none-eabi/5.4.1/armv6-m/crtn.o
                0x20008000                _estack = 0x20008000
                0x00000000                _Min_Heap_Size = 0x0
                0x00000400                _Min_Stack_Size = 0x400

.isr_vector     0x08000000      0x188
                0x08000000                . = ALIGN (0x4)
 *(.isr_vector)
 .isr_vector    0x08000000      0x188 startup/startup_stm32.o
                0x08000000                g_pfnVectors
                0x08000188                . = ALIGN (0x4)

.text           0x08000188     0x63f0
                0x08000188                . = ALIGN (0x4)
 *(.text)
 .text          0x08000188       0x60 c:/ac6/systemworkbench/plugins/fr.ac6.mcu.externaltools.arm-none.win32_1.13.2.201705091103/tools/compiler/bin/../lib/gcc/arm-none-eabi/5.4.1/armv6-m/crtbegin.o
 .text          0x080001e8      0x114 c:/ac6/systemworkbench/plugins/fr.ac6.mcu.externaltools.arm-none.win32_1.13.2.201705091103/tools/compiler/bin/../lib/gcc/arm-none-eabi/5.4.1/armv6-m\libgcc.a(_udivsi3.o)
                0x080001e8                __aeabi_uidiv
                0x080001e8                __udivsi3
                0x080002f4                __aeabi_uidivmod
 .text          0x080002fc        0x4 c:/ac6/systemworkbench/plugins/fr.ac6.mcu.externaltools.arm-none.win32_1.13.2.201705091103/tools/compiler/bin/../lib/gcc/arm-none-eabi/5.4.1/armv6-m\libgcc.a(_dvmd_tls.o)
                0x080002fc                __aeabi_idiv0
                0x080002fc                __aeabi_ldiv0
 .text          0x08000300       0x7c c:/ac6/systemworkbench/plugins/fr.ac6.mcu.externaltools.arm-none.win32_1.13.2.201705091103/tools/compiler/bin/../lib/gcc/arm-none-eabi/5.4.1/armv6-m\libgcc.a(_arm_cmpdf2.o)
                0x08000300                __aeabi_cdrcmple
                0x08000310                __aeabi_cdcmple
                0x08000310                __aeabi_cdcmpeq
                0x08000320                __aeabi_dcmpeq
                0x0800032c                __aeabi_dcmplt
                0x08000340                __aeabi_dcmple
                0x08000354                __aeabi_dcmpgt
                0x08000368                __aeabi_dcmpge
 .text          0x0800037c       0x3c c:/ac6/systemworkbench/plugins/fr.ac6.mcu.externaltools.arm-none.win32_1.13.2.201705091103/tools/compiler/bin/../lib/gcc/arm-none-eabi/5.4.1/armv6-m\libgcc.a(_fixunsdfsi.o)
                0x0800037c                __aeabi_d2uiz
                0x0800037c                __fixunsdfsi
 .text          0x080003b8       0x34 c:/ac6/systemworkbench/plugins/fr.ac6.mcu.externaltools.arm-none.win32_1.13.2.201705091103/tools/compiler/bin/../lib/gcc/arm-none-eabi/5.4.1/armv6-m\libgcc.a(_fixdfdi.o)
                0x080003b8                __fixdfdi
                0x080003b8                __aeabi_d2lz
 .text          0x080003ec       0x3c c:/ac6/systemworkbench/plugins/fr.ac6.mcu.externaltools.arm-none.win32_1.13.2.201705091103/tools/compiler/bin/../lib/gcc/arm-none-eabi/5.4.1/armv6-m\libgcc.a(_fixunsdfdi.o)
                0x080003ec                __fixunsdfdi
                0x080003ec                __aeabi_d2ulz
 .text          0x08000428       0x2c c:/ac6/systemworkbench/plugins/fr.ac6.mcu.externaltools.arm-none.win32_1.13.2.201705091103/tools/compiler/bin/../lib/gcc/arm-none-eabi/5.4.1/armv6-m\libgcc.a(_floatdidf.o)
                0x08000428                __aeabi_l2d
                0x08000428                __floatdidf
 .text          0x08000454      0x658 c:/ac6/systemworkbench/plugins/fr.ac6.mcu.externaltools.arm-none.win32_1.13.2.201705091103/tools/compiler/bin/../lib/gcc/arm-none-eabi/5.4.1/armv6-m\libgcc.a(adddf3.o)
                0x08000454                __aeabi_dadd
 .text          0x08000aac      0x62c c:/ac6/systemworkbench/plugins/fr.ac6.mcu.externaltools.arm-none.win32_1.13.2.201705091103/tools/compiler/bin/../lib/gcc/arm-none-eabi/5.4.1/armv6-m\libgcc.a(divdf3.o)
                0x08000aac                __aeabi_ddiv
 .text          0x080010d8       0x80 c:/ac6/systemworkbench/plugins/fr.ac6.mcu.externaltools.arm-none.win32_1.13.2.201705091103/tools/compiler/bin/../lib/gcc/arm-none-eabi/5.4.1/armv6-m\libgcc.a(eqdf2.o)
                0x080010d8                __nedf2
                0x080010d8                __eqdf2
 .text          0x08001158       0xc8 c:/ac6/systemworkbench/plugins/fr.ac6.mcu.externaltools.arm-none.win32_1.13.2.201705091103/tools/compiler/bin/../lib/gcc/arm-none-eabi/5.4.1/armv6-m\libgcc.a(gedf2.o)
                0x08001158                __gedf2
                0x08001158                __gtdf2
 .text          0x08001220       0xd4 c:/ac6/systemworkbench/plugins/fr.ac6.mcu.externaltools.arm-none.win32_1.13.2.201705091103/tools/compiler/bin/../lib/gcc/arm-none-eabi/5.4.1/armv6-m\libgcc.a(ledf2.o)
                0x08001220                __ledf2
                0x08001220                __ltdf2
 .text          0x080012f4      0x4f4 c:/ac6/systemworkbench/plugins/fr.ac6.mcu.externaltools.arm-none.win32_1.13.2.201705091103/tools/compiler/bin/../lib/gcc/arm-none-eabi/5.4.1/armv6-m\libgcc.a(muldf3.o)
                0x080012f4                __aeabi_dmul
 .text          0x080017e8      0x6a8 c:/ac6/systemworkbench/plugins/fr.ac6.mcu.externaltools.arm-none.win32_1.13.2.201705091103/tools/compiler/bin/../lib/gcc/arm-none-eabi/5.4.1/armv6-m\libgcc.a(subdf3.o)
                0x080017e8                __aeabi_dsub
 .text          0x08001e90       0x6c c:/ac6/systemworkbench/plugins/fr.ac6.mcu.externaltools.arm-none.win32_1.13.2.201705091103/tools/compiler/bin/../lib/gcc/arm-none-eabi/5.4.1/armv6-m\libgcc.a(fixdfsi.o)
                0x08001e90                __aeabi_d2iz
 .text          0x08001efc       0x84 c:/ac6/systemworkbench/plugins/fr.ac6.mcu.externaltools.arm-none.win32_1.13.2.201705091103/tools/compiler/bin/../lib/gcc/arm-none-eabi/5.4.1/armv6-m\libgcc.a(floatsidf.o)
                0x08001efc                __aeabi_i2d
 .text          0x08001f80       0x70 c:/ac6/systemworkbench/plugins/fr.ac6.mcu.externaltools.arm-none.win32_1.13.2.201705091103/tools/compiler/bin/../lib/gcc/arm-none-eabi/5.4.1/armv6-m\libgcc.a(floatunsidf.o)
                0x08001f80                __aeabi_ui2d
 .text          0x08001ff0       0x3c c:/ac6/systemworkbench/plugins/fr.ac6.mcu.externaltools.arm-none.win32_1.13.2.201705091103/tools/compiler/bin/../lib/gcc/arm-none-eabi/5.4.1/armv6-m\libgcc.a(_clzsi2.o)
                0x08001ff0                __clzsi2
 *(.text*)
 .text.dwt_initialise
                0x0800202c      0x1a0 decadriver/deca_device.o
                0x0800202c                dwt_initialise
 .text.dwt_readdevid
                0x080021cc       0x14 decadriver/deca_device.o
                0x080021cc                dwt_readdevid
 .text.dwt_configure
                0x080021e0      0x360 decadriver/deca_device.o
                0x080021e0                dwt_configure
 .text.dwt_setrxantennadelay
                0x08002540       0x28 decadriver/deca_device.o
                0x08002540                dwt_setrxantennadelay
 .text.dwt_settxantennadelay
                0x08002568       0x24 decadriver/deca_device.o
                0x08002568                dwt_settxantennadelay
 .text.dwt_writetxdata
                0x0800258c       0x50 decadriver/deca_device.o
                0x0800258c                dwt_writetxdata
 .text.dwt_writetxfctrl
                0x080025dc       0x48 decadriver/deca_device.o
                0x080025dc                dwt_writetxfctrl
 .text.dwt_readrxdata
                0x08002624       0x34 decadriver/deca_device.o
                0x08002624                dwt_readrxdata
 .text.dwt_readtxtimestamp
                0x08002658       0x1c decadriver/deca_device.o
                0x08002658                dwt_readtxtimestamp
 .text.dwt_readrxtimestamp
                0x08002674       0x1c decadriver/deca_device.o
                0x08002674                dwt_readrxtimestamp
 .text.dwt_writetodevice
                0x08002690       0xd0 decadriver/deca_device.o
                0x08002690                dwt_writetodevice
 .text.dwt_readfromdevice
                0x08002760       0xc4 decadriver/deca_device.o
                0x08002760                dwt_readfromdevice
 .text.dwt_read32bitoffsetreg
                0x08002824       0x50 decadriver/deca_device.o
                0x08002824                dwt_read32bitoffsetreg
 .text.dwt_read16bitoffsetreg
                0x08002874       0x50 decadriver/deca_device.o
                0x08002874                dwt_read16bitoffsetreg
 .text.dwt_read8bitoffsetreg
                0x080028c4       0x2c decadriver/deca_device.o
                0x080028c4                dwt_read8bitoffsetreg
 .text.dwt_write8bitoffsetreg
                0x080028f0       0x28 decadriver/deca_device.o
                0x080028f0                dwt_write8bitoffsetreg
 .text.dwt_write16bitoffsetreg
                0x08002918       0x44 decadriver/deca_device.o
                0x08002918                dwt_write16bitoffsetreg
 .text.dwt_write32bitoffsetreg
                0x0800295c       0x50 decadriver/deca_device.o
                0x0800295c                dwt_write32bitoffsetreg
 .text._dwt_otpread
                0x080029ac       0x40 decadriver/deca_device.o
                0x080029ac                _dwt_otpread
 .text._dwt_otpsetmrregs
                0x080029ec      0x2f4 decadriver/deca_device.o
                0x080029ec                _dwt_otpsetmrregs
 .text._dwt_aonarrayupload
                0x08002ce0       0x20 decadriver/deca_device.o
                0x08002ce0                _dwt_aonarrayupload
 .text._dwt_configlde
                0x08002d00       0x4c decadriver/deca_device.o
                0x08002d00                _dwt_configlde
 .text._dwt_loaducodefromrom
                0x08002d4c       0x2c decadriver/deca_device.o
                0x08002d4c                _dwt_loaducodefromrom
 .text.dwt_setrxaftertxdelay
                0x08002d78       0x3c decadriver/deca_device.o
                0x08002d78                dwt_setrxaftertxdelay
 .text._dwt_enableclocks
                0x08002db4      0x160 decadriver/deca_device.o
                0x08002db4                _dwt_enableclocks
 .text._dwt_disablesequencing
                0x08002f14       0x1c decadriver/deca_device.o
                0x08002f14                _dwt_disablesequencing
 .text.dwt_setdelayedtrxtime
                0x08002f30       0x1c decadriver/deca_device.o
                0x08002f30                dwt_setdelayedtrxtime
 .text.dwt_starttx
                0x08002f4c       0xf0 decadriver/deca_device.o
                0x08002f4c                dwt_starttx
 .text.dwt_forcetrxoff
                0x0800303c       0x6c decadriver/deca_device.o
                0x0800303c                dwt_forcetrxoff
 .text.dwt_syncrxbufptrs
                0x080030a8       0x38 decadriver/deca_device.o
                0x080030a8                dwt_syncrxbufptrs
 .text.dwt_rxenable
                0x080030e0       0x98 decadriver/deca_device.o
                0x080030e0                dwt_rxenable
 .text.dwt_setrxtimeout
                0x08003178       0xa8 decadriver/deca_device.o
                0x08003178                dwt_setrxtimeout
 .text.dwt_setpreambledetecttimeout
                0x08003220       0x24 decadriver/deca_device.o
                0x08003220                dwt_setpreambledetecttimeout
 .text.dwt_rxreset
                0x08003244       0x20 decadriver/deca_device.o
                0x08003244                dwt_rxreset
 .text.dwt_softreset
                0x08003264       0x4c decadriver/deca_device.o
                0x08003264                dwt_softreset
 .text.dwt_setxtaltrim
                0x080032b0       0x3c decadriver/deca_device.o
                0x080032b0                dwt_setxtaltrim
 .text.writetospi
                0x080032ec       0xac platform/deca_spi.o
                0x080032ec                writetospi
 .text.readfromspi
                0x08003398       0xb8 platform/deca_spi.o
                0x08003398                readfromspi
 .text.deca_sleep
                0x08003450       0x2c platform/port.o
                0x08003450                deca_sleep
 .text.decamutexon
                0x0800347c       0x14 platform/port.o
                0x0800347c                decamutexon
 .text.decamutexoff
                0x08003490       0x10 platform/port.o
                0x08003490                decamutexoff
 .text.spi_set_rate_low
                0x080034a0       0x2c platform/port.o
                0x080034a0                spi_set_rate_low
 .text.spi_set_rate_high
                0x080034cc       0x2c platform/port.o
                0x080034cc                spi_set_rate_high
 .text.reset_DW1000
                0x080034f8       0x64 platform/port.o
                0x080034f8                reset_DW1000
 .text.peripherals_init
                0x0800355c      0x210 platform/port.o
                0x0800355c                peripherals_init
 .text.HAL_SPI_MspInit
                0x0800376c       0x78 platform/port.o
                0x0800376c                HAL_SPI_MspInit
 .text.HAL_UART_MspInit
                0x080037e4       0x78 platform/port.o
                0x080037e4                HAL_UART_MspInit
 .text.main     0x0800385c      0x3d0 src/main.o
                0x0800385c                main
 .text.get_tx_timestamp_u64
                0x08003c2c       0x64 src/main.o
 .text.get_rx_timestamp_u64
                0x08003c90       0x64 src/main.o
 .text.final_msg_get_ts
                0x08003cf4       0x48 src/main.o
 .text.SysTick_Handler
                0x08003d3c       0x14 src/stm32f0xx_it.o
                0x08003d3c                SysTick_Handler
 .text.SystemInit
                0x08003d50       0x88 src/system_stm32f0xx.o
                0x08003d50                SystemInit
 .text.Reset_Handler
                0x08003dd8       0x48 startup/startup_stm32.o
                0x08003dd8                Reset_Handler
 .text.Default_Handler
                0x08003e20        0x2 startup/startup_stm32.o
                0x08003e20                DebugMon_Handler
                0x08003e20                HardFault_Handler
                0x08003e20                PendSV_Handler
                0x08003e20                NMI_Handler
                0x08003e20                UsageFault_Handler
                0x08003e20                Default_Handler
                0x08003e20                MemManage_Handler
                0x08003e20                SVC_Handler
                0x08003e20                BusFault_Handler
 *fill*         0x08003e22        0x2 
 .text.HAL_Init
                0x08003e24       0x28 E:\UWB\WS_F030CC\uwb_f030cc_hal_lib\Debug\libuwb_f030cc_hal_lib.a(stm32f0xx_hal.o)
                0x08003e24                HAL_Init
 .text.HAL_MspInit
                0x08003e4c        0xc E:\UWB\WS_F030CC\uwb_f030cc_hal_lib\Debug\libuwb_f030cc_hal_lib.a(stm32f0xx_hal.o)
                0x08003e4c                HAL_MspInit
 .text.HAL_InitTick
                0x08003e58       0x38 E:\UWB\WS_F030CC\uwb_f030cc_hal_lib\Debug\libuwb_f030cc_hal_lib.a(stm32f0xx_hal.o)
                0x08003e58                HAL_InitTick
 .text.HAL_IncTick
                0x08003e90       0x18 E:\UWB\WS_F030CC\uwb_f030cc_hal_lib\Debug\libuwb_f030cc_hal_lib.a(stm32f0xx_hal.o)
                0x08003e90                HAL_IncTick
 .text.HAL_GetTick
                0x08003ea8       0x14 E:\UWB\WS_F030CC\uwb_f030cc_hal_lib\Debug\libuwb_f030cc_hal_lib.a(stm32f0xx_hal.o)
                0x08003ea8                HAL_GetTick
 .text.HAL_Delay
                0x08003ebc       0x30 E:\UWB\WS_F030CC\uwb_f030cc_hal_lib\Debug\libuwb_f030cc_hal_lib.a(stm32f0xx_hal.o)
                0x08003ebc                HAL_Delay
 .text.NVIC_SetPriority
                0x08003eec       0xdc E:\UWB\WS_F030CC\uwb_f030cc_hal_lib\Debug\libuwb_f030cc_hal_lib.a(stm32f0xx_hal_cortex.o)
 .text.SysTick_Config
                0x08003fc8       0x48 E:\UWB\WS_F030CC\uwb_f030cc_hal_lib\Debug\libuwb_f030cc_hal_lib.a(stm32f0xx_hal_cortex.o)
 .text.HAL_NVIC_SetPriority
                0x08004010       0x2c E:\UWB\WS_F030CC\uwb_f030cc_hal_lib\Debug\libuwb_f030cc_hal_lib.a(stm32f0xx_hal_cortex.o)
                0x08004010                HAL_NVIC_SetPriority
 .text.HAL_SYSTICK_Config
                0x0800403c       0x1c E:\UWB\WS_F030CC\uwb_f030cc_hal_lib\Debug\libuwb_f030cc_hal_lib.a(stm32f0xx_hal_cortex.o)
                0x0800403c                HAL_SYSTICK_Config
 .text.HAL_SYSTICK_CLKSourceConfig
                0x08004058       0x34 E:\UWB\WS_F030CC\uwb_f030cc_hal_lib\Debug\libuwb_f030cc_hal_lib.a(stm32f0xx_hal_cortex.o)
                0x08004058                HAL_SYSTICK_CLKSourceConfig
 .text.HAL_SYSTICK_IRQHandler
                0x0800408c       0x10 E:\UWB\WS_F030CC\uwb_f030cc_hal_lib\Debug\libuwb_f030cc_hal_lib.a(stm32f0xx_hal_cortex.o)
                0x0800408c                HAL_SYSTICK_IRQHandler
 .text.HAL_SYSTICK_Callback
                0x0800409c        0xc E:\UWB\WS_F030CC\uwb_f030cc_hal_lib\Debug\libuwb_f030cc_hal_lib.a(stm32f0xx_hal_cortex.o)
                0x0800409c                HAL_SYSTICK_Callback
 .text.HAL_GPIO_Init
                0x080040a8      0x2e8 E:\UWB\WS_F030CC\uwb_f030cc_hal_lib\Debug\libuwb_f030cc_hal_lib.a(stm32f0xx_hal_gpio.o)
                0x080040a8                HAL_GPIO_Init
 .text.HAL_GPIO_WritePin
                0x08004390       0x3c E:\UWB\WS_F030CC\uwb_f030cc_hal_lib\Debug\libuwb_f030cc_hal_lib.a(stm32f0xx_hal_gpio.o)
                0x08004390                HAL_GPIO_WritePin
 .text.HAL_RCC_OscConfig
                0x080043cc      0x5f0 E:\UWB\WS_F030CC\uwb_f030cc_hal_lib\Debug\libuwb_f030cc_hal_lib.a(stm32f0xx_hal_rcc.o)
                0x080043cc                HAL_RCC_OscConfig
 .text.HAL_RCC_ClockConfig
                0x080049bc      0x1cc E:\UWB\WS_F030CC\uwb_f030cc_hal_lib\Debug\libuwb_f030cc_hal_lib.a(stm32f0xx_hal_rcc.o)
                0x080049bc                HAL_RCC_ClockConfig
 .text.HAL_RCC_GetSysClockFreq
                0x08004b88       0xd4 E:\UWB\WS_F030CC\uwb_f030cc_hal_lib\Debug\libuwb_f030cc_hal_lib.a(stm32f0xx_hal_rcc.o)
                0x08004b88                HAL_RCC_GetSysClockFreq
 .text.HAL_RCC_GetHCLKFreq
                0x08004c5c       0x14 E:\UWB\WS_F030CC\uwb_f030cc_hal_lib\Debug\libuwb_f030cc_hal_lib.a(stm32f0xx_hal_rcc.o)
                0x08004c5c                HAL_RCC_GetHCLKFreq
 .text.HAL_RCC_GetPCLK1Freq
                0x08004c70       0x2c E:\UWB\WS_F030CC\uwb_f030cc_hal_lib\Debug\libuwb_f030cc_hal_lib.a(stm32f0xx_hal_rcc.o)
                0x08004c70                HAL_RCC_GetPCLK1Freq
 .text.HAL_RCCEx_PeriphCLKConfig
                0x08004c9c      0x19c E:\UWB\WS_F030CC\uwb_f030cc_hal_lib\Debug\libuwb_f030cc_hal_lib.a(stm32f0xx_hal_rcc_ex.o)
                0x08004c9c                HAL_RCCEx_PeriphCLKConfig
 .text.HAL_SPI_Init
                0x08004e38      0x130 E:\UWB\WS_F030CC\uwb_f030cc_hal_lib\Debug\libuwb_f030cc_hal_lib.a(stm32f0xx_hal_spi.o)
                0x08004e38                HAL_SPI_Init
 .text.HAL_SPI_Transmit
                0x08004f68      0x2cc E:\UWB\WS_F030CC\uwb_f030cc_hal_lib\Debug\libuwb_f030cc_hal_lib.a(stm32f0xx_hal_spi.o)
                0x08004f68                HAL_SPI_Transmit
 .text.HAL_SPI_Receive
                0x08005234      0x270 E:\UWB\WS_F030CC\uwb_f030cc_hal_lib\Debug\libuwb_f030cc_hal_lib.a(stm32f0xx_hal_spi.o)
                0x08005234                HAL_SPI_Receive
 .text.HAL_SPI_TransmitReceive
                0x080054a4      0x420 E:\UWB\WS_F030CC\uwb_f030cc_hal_lib\Debug\libuwb_f030cc_hal_lib.a(stm32f0xx_hal_spi.o)
                0x080054a4                HAL_SPI_TransmitReceive
 .text.SPI_WaitFlagStateUntilTimeout
                0x080058c4       0xdc E:\UWB\WS_F030CC\uwb_f030cc_hal_lib\Debug\libuwb_f030cc_hal_lib.a(stm32f0xx_hal_spi.o)
 .text.SPI_WaitFifoStateUntilTimeout
                0x080059a0       0xf8 E:\UWB\WS_F030CC\uwb_f030cc_hal_lib\Debug\libuwb_f030cc_hal_lib.a(stm32f0xx_hal_spi.o)
 .text.SPI_EndRxTransaction
                0x08005a98       0xbc E:\UWB\WS_F030CC\uwb_f030cc_hal_lib\Debug\libuwb_f030cc_hal_lib.a(stm32f0xx_hal_spi.o)
 .text.SPI_EndRxTxTransaction
                0x08005b54       0x64 E:\UWB\WS_F030CC\uwb_f030cc_hal_lib\Debug\libuwb_f030cc_hal_lib.a(stm32f0xx_hal_spi.o)
 .text.HAL_UART_Init
                0x08005bb8       0xb0 E:\UWB\WS_F030CC\uwb_f030cc_hal_lib\Debug\libuwb_f030cc_hal_lib.a(stm32f0xx_hal_uart.o)
                0x08005bb8                HAL_UART_Init
 .text.HAL_UART_Transmit
                0x08005c68      0x148 E:\UWB\WS_F030CC\uwb_f030cc_hal_lib\Debug\libuwb_f030cc_hal_lib.a(stm32f0xx_hal_uart.o)
                0x08005c68                HAL_UART_Transmit
 .text.UART_SetConfig
                0x08005db0      0x34c E:\UWB\WS_F030CC\uwb_f030cc_hal_lib\Debug\libuwb_f030cc_hal_lib.a(stm32f0xx_hal_uart.o)
                0x08005db0                UART_SetConfig
 .text.UART_AdvFeatureConfig
                0x080060fc      0x158 E:\UWB\WS_F030CC\uwb_f030cc_hal_lib\Debug\libuwb_f030cc_hal_lib.a(stm32f0xx_hal_uart.o)
                0x080060fc                UART_AdvFeatureConfig
 .text.UART_CheckIdleState
                0x08006254       0x30 E:\UWB\WS_F030CC\uwb_f030cc_hal_lib\Debug\libuwb_f030cc_hal_lib.a(stm32f0xx_hal_uart.o)
                0x08006254                UART_CheckIdleState
 .text.UART_WaitOnFlagUntilTimeout
                0x08006284       0x98 E:\UWB\WS_F030CC\uwb_f030cc_hal_lib\Debug\libuwb_f030cc_hal_lib.a(stm32f0xx_hal_uart.o)
                0x08006284                UART_WaitOnFlagUntilTimeout
 .text.__libc_init_array
                0x0800631c       0x48 c:/ac6/systemworkbench/plugins/fr.ac6.mcu.externaltools.arm-none.win32_1.13.2.201705091103/tools/compiler/bin/../lib/gcc/arm-none-eabi/5.4.1/../../../../arm-none-eabi/lib/armv6-m\libc.a(lib_a-init.o)
                0x0800631c                __libc_init_array
 .text.memcmp   0x08006364       0x50 c:/ac6/systemworkbench/plugins/fr.ac6.mcu.externaltools.arm-none.win32_1.13.2.201705091103/tools/compiler/bin/../lib/gcc/arm-none-eabi/5.4.1/../../../../arm-none-eabi/lib/armv6-m\libc.a(lib_a-memcmp.o)
                0x08006364                memcmp
 .text.memcpy   0x080063b4       0x7c c:/ac6/systemworkbench/plugins/fr.ac6.mcu.externaltools.arm-none.win32_1.13.2.201705091103/tools/compiler/bin/../lib/gcc/arm-none-eabi/5.4.1/../../../../arm-none-eabi/lib/armv6-m\libc.a(lib_a-memcpy-stub.o)
                0x080063b4                memcpy
 .text.startup.register_fini
                0x08006430       0x18 c:/ac6/systemworkbench/plugins/fr.ac6.mcu.externaltools.arm-none.win32_1.13.2.201705091103/tools/compiler/bin/../lib/gcc/arm-none-eabi/5.4.1/../../../../arm-none-eabi/lib/armv6-m\libc.a(lib_a-__call_atexit.o)
 .text.atexit   0x08006448       0x10 c:/ac6/systemworkbench/plugins/fr.ac6.mcu.externaltools.arm-none.win32_1.13.2.201705091103/tools/compiler/bin/../lib/gcc/arm-none-eabi/5.4.1/../../../../arm-none-eabi/lib/armv6-m\libc.a(lib_a-atexit.o)
                0x08006448                atexit
 .text.__libc_fini_array
                0x08006458       0x34 c:/ac6/systemworkbench/plugins/fr.ac6.mcu.externaltools.arm-none.win32_1.13.2.201705091103/tools/compiler/bin/../lib/gcc/arm-none-eabi/5.4.1/../../../../arm-none-eabi/lib/armv6-m\libc.a(lib_a-fini.o)
                0x08006458                __libc_fini_array
 .text.__register_exitproc
                0x0800648c       0xd4 c:/ac6/systemworkbench/plugins/fr.ac6.mcu.externaltools.arm-none.win32_1.13.2.201705091103/tools/compiler/bin/../lib/gcc/arm-none-eabi/5.4.1/../../../../arm-none-eabi/lib/armv6-m\libc.a(lib_a-__atexit.o)
                0x0800648c                __register_exitproc
 *(.glue_7)
 .glue_7        0x08006560        0x0 linker stubs
 *(.glue_7t)
 .glue_7t       0x08006560        0x0 linker stubs
 *(.eh_frame)
 .eh_frame      0x08006560        0x0 c:/ac6/systemworkbench/plugins/fr.ac6.mcu.externaltools.arm-none.win32_1.13.2.201705091103/tools/compiler/bin/../lib/gcc/arm-none-eabi/5.4.1/armv6-m/crtbegin.o
 *(.init)
 .init          0x08006560        0x4 c:/ac6/systemworkbench/plugins/fr.ac6.mcu.externaltools.arm-none.win32_1.13.2.201705091103/tools/compiler/bin/../lib/gcc/arm-none-eabi/5.4.1/armv6-m/crti.o
                0x08006560                _init
 .init          0x08006564        0x8 c:/ac6/systemworkbench/plugins/fr.ac6.mcu.externaltools.arm-none.win32_1.13.2.201705091103/tools/compiler/bin/../lib/gcc/arm-none-eabi/5.4.1/armv6-m/crtn.o
 *(.fini)
 .fini          0x0800656c        0x4 c:/ac6/systemworkbench/plugins/fr.ac6.mcu.externaltools.arm-none.win32_1.13.2.201705091103/tools/compiler/bin/../lib/gcc/arm-none-eabi/5.4.1/armv6-m/crti.o
                0x0800656c                _fini
 .fini          0x08006570        0x8 c:/ac6/systemworkbench/plugins/fr.ac6.mcu.externaltools.arm-none.win32_1.13.2.201705091103/tools/compiler/bin/../lib/gcc/arm-none-eabi/5.4.1/armv6-m/crtn.o
                0x08006578                . = ALIGN (0x4)
                0x08006578                _etext = .

.vfp11_veneer   0x08006578        0x0
 .vfp11_veneer  0x08006578        0x0 linker stubs

.v4_bx          0x08006578        0x0
 .v4_bx         0x08006578        0x0 linker stubs

.iplt           0x08006578        0x0
 .iplt          0x08006578        0x0 c:/ac6/systemworkbench/plugins/fr.ac6.mcu.externaltools.arm-none.win32_1.13.2.201705091103/tools/compiler/bin/../lib/gcc/arm-none-eabi/5.4.1/armv6-m/crtbegin.o

.rodata         0x08006578      0x208
                0x08006578                . = ALIGN (0x4)
 *(.rodata)
 .rodata        0x08006578       0x54 decadriver/deca_device.o
 *fill*         0x080065cc        0x4 
 .rodata        0x080065d0       0xe8 decadriver/deca_params_init.o
                0x080065d0                chan_idx
                0x080065d8                tx_config
                0x080065f0                fs_pll_cfg
                0x08006608                fs_pll_tune
                0x08006610                rx_config
                0x08006614                agc_config
                0x0800661c                dwnsSFDlen
                0x08006620                sftsh
                0x0800662c                dtune1
                0x08006630                digital_bb_config
                0x08006650                lde_replicaCoeff
                0x08006688                txpwr_compensation
 .rodata        0x080066b8        0xb src/main.o
 *fill*         0x080066c3        0x1 
 .rodata        0x080066c4       0x18 src/system_stm32f0xx.o
                0x080066c4                AHBPrescTable
                0x080066d4                APBPrescTable
 .rodata        0x080066dc       0x20 E:\UWB\WS_F030CC\uwb_f030cc_hal_lib\Debug\libuwb_f030cc_hal_lib.a(stm32f0xx_hal_rcc.o)
 .rodata        0x080066fc       0x40 c:/ac6/systemworkbench/plugins/fr.ac6.mcu.externaltools.arm-none.win32_1.13.2.201705091103/tools/compiler/bin/../lib/gcc/arm-none-eabi/5.4.1/armv6-m\libgcc.a(divdf3.o)
 .rodata        0x0800673c       0x40 c:/ac6/systemworkbench/plugins/fr.ac6.mcu.externaltools.arm-none.win32_1.13.2.201705091103/tools/compiler/bin/../lib/gcc/arm-none-eabi/5.4.1/armv6-m\libgcc.a(muldf3.o)
 *(.rodata*)
 .rodata._global_impure_ptr
                0x0800677c        0x4 c:/ac6/systemworkbench/plugins/fr.ac6.mcu.externaltools.arm-none.win32_1.13.2.201705091103/tools/compiler/bin/../lib/gcc/arm-none-eabi/5.4.1/../../../../arm-none-eabi/lib/armv6-m\libc.a(lib_a-impure.o)
                0x0800677c                _global_impure_ptr
                0x08006780                . = ALIGN (0x4)

.rel.dyn        0x08006780        0x0
 .rel.iplt      0x08006780        0x0 c:/ac6/systemworkbench/plugins/fr.ac6.mcu.externaltools.arm-none.win32_1.13.2.201705091103/tools/compiler/bin/../lib/gcc/arm-none-eabi/5.4.1/armv6-m/crtbegin.o

.ARM.extab      0x08006780        0x0
                0x08006780                . = ALIGN (0x4)
 *(.ARM.extab* .gnu.linkonce.armextab.*)
                0x08006780                . = ALIGN (0x4)

.ARM            0x08006780        0x0
                0x08006780                . = ALIGN (0x4)
                0x08006780                __exidx_start = .
 *(.ARM.exidx*)
                0x08006780                __exidx_end = .
                0x08006780                . = ALIGN (0x4)

.preinit_array  0x08006780        0x0
                0x08006780                . = ALIGN (0x4)
                0x08006780                PROVIDE (__preinit_array_start, .)
 *(.preinit_array*)
                0x08006780                PROVIDE (__preinit_array_end, .)
                0x08006780                . = ALIGN (0x4)

.init_array     0x08006780        0x8
                0x08006780                . = ALIGN (0x4)
                0x08006780                PROVIDE (__init_array_start, .)
 *(SORT(.init_array.*))
 .init_array.00000
                0x08006780        0x4 c:/ac6/systemworkbench/plugins/fr.ac6.mcu.externaltools.arm-none.win32_1.13.2.201705091103/tools/compiler/bin/../lib/gcc/arm-none-eabi/5.4.1/../../../../arm-none-eabi/lib/armv6-m\libc.a(lib_a-__call_atexit.o)
 *(.init_array*)
 .init_array    0x08006784        0x4 c:/ac6/systemworkbench/plugins/fr.ac6.mcu.externaltools.arm-none.win32_1.13.2.201705091103/tools/compiler/bin/../lib/gcc/arm-none-eabi/5.4.1/armv6-m/crtbegin.o
                0x08006788                PROVIDE (__init_array_end, .)
                0x08006788                . = ALIGN (0x4)

.fini_array     0x08006788        0x4
                0x08006788                . = ALIGN (0x4)
                0x08006788                PROVIDE (__fini_array_start, .)
 *(SORT(.fini_array.*))
 *(.fini_array*)
 .fini_array    0x08006788        0x4 c:/ac6/systemworkbench/plugins/fr.ac6.mcu.externaltools.arm-none.win32_1.13.2.201705091103/tools/compiler/bin/../lib/gcc/arm-none-eabi/5.4.1/armv6-m/crtbegin.o
                0x0800678c                PROVIDE (__fini_array_end, .)
                0x0800678c                . = ALIGN (0x4)
                0x0800678c                _sidata = LOADADDR (.data)

.data           0x20000000      0x470 load address 0x0800678c
                0x20000000                . = ALIGN (0x4)
                0x20000000                _sdata = .
 *(.data)
 .data          0x20000000        0x4 decadriver/deca_device.o
 .data          0x20000004       0x40 src/main.o
 .data          0x20000044        0x4 src/system_stm32f0xx.o
                0x20000044                SystemCoreClock
 *(.data*)
 .data.impure_data
                0x20000048      0x428 c:/ac6/systemworkbench/plugins/fr.ac6.mcu.externaltools.arm-none.win32_1.13.2.201705091103/tools/compiler/bin/../lib/gcc/arm-none-eabi/5.4.1/../../../../arm-none-eabi/lib/armv6-m\libc.a(lib_a-impure.o)
                0x20000470                . = ALIGN (0x4)
                0x20000470                _edata = .

.jcr            0x20000470        0x0 load address 0x08006bfc
 .jcr           0x20000470        0x0 c:/ac6/systemworkbench/plugins/fr.ac6.mcu.externaltools.arm-none.win32_1.13.2.201705091103/tools/compiler/bin/../lib/gcc/arm-none-eabi/5.4.1/armv6-m/crtbegin.o

.igot.plt       0x20000470        0x0 load address 0x08006bfc
 .igot.plt      0x20000470        0x0 c:/ac6/systemworkbench/plugins/fr.ac6.mcu.externaltools.arm-none.win32_1.13.2.201705091103/tools/compiler/bin/../lib/gcc/arm-none-eabi/5.4.1/armv6-m/crtbegin.o
                0x20000470                . = ALIGN (0x4)

.bss            0x20000470      0x178 load address 0x08006bfc
                0x20000470                _sbss = .
                0x20000470                __bss_start__ = _sbss
 *(.bss)
 .bss           0x20000470       0x1c c:/ac6/systemworkbench/plugins/fr.ac6.mcu.externaltools.arm-none.win32_1.13.2.201705091103/tools/compiler/bin/../lib/gcc/arm-none-eabi/5.4.1/armv6-m/crtbegin.o
 .bss           0x2000048c       0x38 decadriver/deca_device.o
 *fill*         0x200004c4        0x4 
 .bss           0x200004c8       0x48 src/main.o
 *(.bss*)
 *(COMMON)
 COMMON         0x20000510       0xd4 src/main.o
                0x20000510                huart1
                0x20000580                hspi1
 COMMON         0x200005e4        0x4 E:\UWB\WS_F030CC\uwb_f030cc_hal_lib\Debug\libuwb_f030cc_hal_lib.a(stm32f0xx_hal.o)
                0x200005e4                uwTick
                0x200005e8                . = ALIGN (0x4)
                0x200005e8                _ebss = .
                0x200005e8                __bss_end__ = _ebss

._user_heap_stack
                0x200005e8      0x400 load address 0x08006bfc
                0x200005e8                . = ALIGN (0x8)
                0x200005e8                PROVIDE (end, .)
                [!provide]                PROVIDE (_end, .)
                0x200005e8                . = (. + _Min_Heap_Size)
                0x200009e8                . = (. + _Min_Stack_Size)
 *fill*         0x200005e8      0x400 
                0x200009e8                . = ALIGN (0x8)

/DISCARD/
 libc.a(*)
 libm.a(*)
 libgcc.a(*)

.ARM.attributes
                0x00000000       0x28
 *(.ARM.attributes)
 .ARM.attributes
                0x00000000       0x1e c:/ac6/systemworkbench/plugins/fr.ac6.mcu.externaltools.arm-none.win32_1.13.2.201705091103/tools/compiler/bin/../lib/gcc/arm-none-eabi/5.4.1/armv6-m/crti.o
 .ARM.attributes
                0x0000001e       0x2c c:/ac6/systemworkbench/plugins/fr.ac6.mcu.externaltools.arm-none.win32_1.13.2.201705091103/tools/compiler/bin/../lib/gcc/arm-none-eabi/5.4.1/armv6-m/crtbegin.o
 .ARM.attributes
                0x0000004a       0x31 decadriver/deca_device.o
 .ARM.attributes
                0x0000007b       0x31 decadriver/deca_params_init.o
 .ARM.attributes
                0x000000ac       0x31 platform/deca_spi.o
 .ARM.attributes
                0x000000dd       0x31 platform/port.o
 .ARM.attributes
                0x0000010e       0x31 src/main.o
 .ARM.attributes
                0x0000013f       0x31 src/stm32f0xx_it.o
 .ARM.attributes
                0x00000170       0x31 src/system_stm32f0xx.o
 .ARM.attributes
                0x000001a1       0x21 startup/startup_stm32.o
 .ARM.attributes
                0x000001c2       0x31 E:\UWB\WS_F030CC\uwb_f030cc_hal_lib\Debug\libuwb_f030cc_hal_lib.a(stm32f0xx_hal.o)
 .ARM.attributes
                0x000001f3       0x31 E:\UWB\WS_F030CC\uwb_f030cc_hal_lib\Debug\libuwb_f030cc_hal_lib.a(stm32f0xx_hal_cortex.o)
 .ARM.attributes
                0x00000224       0x31 E:\UWB\WS_F030CC\uwb_f030cc_hal_lib\Debug\libuwb_f030cc_hal_lib.a(stm32f0xx_hal_gpio.o)
 .ARM.attributes
                0x00000255       0x31 E:\UWB\WS_F030CC\uwb_f030cc_hal_lib\Debug\libuwb_f030cc_hal_lib.a(stm32f0xx_hal_rcc.o)
 .ARM.attributes
                0x00000286       0x31 E:\UWB\WS_F030CC\uwb_f030cc_hal_lib\Debug\libuwb_f030cc_hal_lib.a(stm32f0xx_hal_rcc_ex.o)
 .ARM.attributes
                0x000002b7       0x31 E:\UWB\WS_F030CC\uwb_f030cc_hal_lib\Debug\libuwb_f030cc_hal_lib.a(stm32f0xx_hal_spi.o)
 .ARM.attributes
                0x000002e8       0x31 E:\UWB\WS_F030CC\uwb_f030cc_hal_lib\Debug\libuwb_f030cc_hal_lib.a(stm32f0xx_hal_uart.o)
 .ARM.attributes
                0x00000319       0x1e c:/ac6/systemworkbench/plugins/fr.ac6.mcu.externaltools.arm-none.win32_1.13.2.201705091103/tools/compiler/bin/../lib/gcc/arm-none-eabi/5.4.1/armv6-m\libgcc.a(_udivsi3.o)
 .ARM.attributes
                0x00000337       0x1e c:/ac6/systemworkbench/plugins/fr.ac6.mcu.externaltools.arm-none.win32_1.13.2.201705091103/tools/compiler/bin/../lib/gcc/arm-none-eabi/5.4.1/armv6-m\libgcc.a(_dvmd_tls.o)
 .ARM.attributes
                0x00000355       0x1e c:/ac6/systemworkbench/plugins/fr.ac6.mcu.externaltools.arm-none.win32_1.13.2.201705091103/tools/compiler/bin/../lib/gcc/arm-none-eabi/5.4.1/armv6-m\libgcc.a(_arm_cmpdf2.o)
 .ARM.attributes
                0x00000373       0x2c c:/ac6/systemworkbench/plugins/fr.ac6.mcu.externaltools.arm-none.win32_1.13.2.201705091103/tools/compiler/bin/../lib/gcc/arm-none-eabi/5.4.1/armv6-m\libgcc.a(_fixunsdfsi.o)
 .ARM.attributes
                0x0000039f       0x2c c:/ac6/systemworkbench/plugins/fr.ac6.mcu.externaltools.arm-none.win32_1.13.2.201705091103/tools/compiler/bin/../lib/gcc/arm-none-eabi/5.4.1/armv6-m\libgcc.a(_fixdfdi.o)
 .ARM.attributes
                0x000003cb       0x2c c:/ac6/systemworkbench/plugins/fr.ac6.mcu.externaltools.arm-none.win32_1.13.2.201705091103/tools/compiler/bin/../lib/gcc/arm-none-eabi/5.4.1/armv6-m\libgcc.a(_fixunsdfdi.o)
 .ARM.attributes
                0x000003f7       0x2c c:/ac6/systemworkbench/plugins/fr.ac6.mcu.externaltools.arm-none.win32_1.13.2.201705091103/tools/compiler/bin/../lib/gcc/arm-none-eabi/5.4.1/armv6-m\libgcc.a(_floatdidf.o)
 .ARM.attributes
                0x00000423       0x2c c:/ac6/systemworkbench/plugins/fr.ac6.mcu.externaltools.arm-none.win32_1.13.2.201705091103/tools/compiler/bin/../lib/gcc/arm-none-eabi/5.4.1/armv6-m\libgcc.a(adddf3.o)
 .ARM.attributes
                0x0000044f       0x2c c:/ac6/systemworkbench/plugins/fr.ac6.mcu.externaltools.arm-none.win32_1.13.2.201705091103/tools/compiler/bin/../lib/gcc/arm-none-eabi/5.4.1/armv6-m\libgcc.a(divdf3.o)
 .ARM.attributes
                0x0000047b       0x2c c:/ac6/systemworkbench/plugins/fr.ac6.mcu.externaltools.arm-none.win32_1.13.2.201705091103/tools/compiler/bin/../lib/gcc/arm-none-eabi/5.4.1/armv6-m\libgcc.a(eqdf2.o)
 .ARM.attributes
                0x000004a7       0x2c c:/ac6/systemworkbench/plugins/fr.ac6.mcu.externaltools.arm-none.win32_1.13.2.201705091103/tools/compiler/bin/../lib/gcc/arm-none-eabi/5.4.1/armv6-m\libgcc.a(gedf2.o)
 .ARM.attributes
                0x000004d3       0x2c c:/ac6/systemworkbench/plugins/fr.ac6.mcu.externaltools.arm-none.win32_1.13.2.201705091103/tools/compiler/bin/../lib/gcc/arm-none-eabi/5.4.1/armv6-m\libgcc.a(ledf2.o)
 .ARM.attributes
                0x000004ff       0x2c c:/ac6/systemworkbench/plugins/fr.ac6.mcu.externaltools.arm-none.win32_1.13.2.201705091103/tools/compiler/bin/../lib/gcc/arm-none-eabi/5.4.1/armv6-m\libgcc.a(muldf3.o)
 .ARM.attributes
                0x0000052b       0x2c c:/ac6/systemworkbench/plugins/fr.ac6.mcu.externaltools.arm-none.win32_1.13.2.201705091103/tools/compiler/bin/../lib/gcc/arm-none-eabi/5.4.1/armv6-m\libgcc.a(subdf3.o)
 .ARM.attributes
                0x00000557       0x2c c:/ac6/systemworkbench/plugins/fr.ac6.mcu.externaltools.arm-none.win32_1.13.2.201705091103/tools/compiler/bin/../lib/gcc/arm-none-eabi/5.4.1/armv6-m\libgcc.a(fixdfsi.o)
 .ARM.attributes
                0x00000583       0x2c c:/ac6/systemworkbench/plugins/fr.ac6.mcu.externaltools.arm-none.win32_1.13.2.201705091103/tools/compiler/bin/../lib/gcc/arm-none-eabi/5.4.1/armv6-m\libgcc.a(floatsidf.o)
 .ARM.attributes
                0x000005af       0x2c c:/ac6/systemworkbench/plugins/fr.ac6.mcu.externaltools.arm-none.win32_1.13.2.201705091103/tools/compiler/bin/../lib/gcc/arm-none-eabi/5.4.1/armv6-m\libgcc.a(floatunsidf.o)
 .ARM.attributes
                0x000005db       0x1e c:/ac6/systemworkbench/plugins/fr.ac6.mcu.externaltools.arm-none.win32_1.13.2.201705091103/tools/compiler/bin/../lib/gcc/arm-none-eabi/5.4.1/armv6-m\libgcc.a(_clzsi2.o)
 .ARM.attributes
                0x000005f9       0x2c c:/ac6/systemworkbench/plugins/fr.ac6.mcu.externaltools.arm-none.win32_1.13.2.201705091103/tools/compiler/bin/../lib/gcc/arm-none-eabi/5.4.1/../../../../arm-none-eabi/lib/armv6-m\libc.a(lib_a-impure.o)
 .ARM.attributes
                0x00000625       0x2c c:/ac6/systemworkbench/plugins/fr.ac6.mcu.externaltools.arm-none.win32_1.13.2.201705091103/tools/compiler/bin/../lib/gcc/arm-none-eabi/5.4.1/../../../../arm-none-eabi/lib/armv6-m\libc.a(lib_a-init.o)
 .ARM.attributes
                0x00000651       0x2c c:/ac6/systemworkbench/plugins/fr.ac6.mcu.externaltools.arm-none.win32_1.13.2.201705091103/tools/compiler/bin/../lib/gcc/arm-none-eabi/5.4.1/../../../../arm-none-eabi/lib/armv6-m\libc.a(lib_a-memcmp.o)
 .ARM.attributes
                0x0000067d       0x2c c:/ac6/systemworkbench/plugins/fr.ac6.mcu.externaltools.arm-none.win32_1.13.2.201705091103/tools/compiler/bin/../lib/gcc/arm-none-eabi/5.4.1/../../../../arm-none-eabi/lib/armv6-m\libc.a(lib_a-memcpy-stub.o)
 .ARM.attributes
                0x000006a9       0x2c c:/ac6/systemworkbench/plugins/fr.ac6.mcu.externaltools.arm-none.win32_1.13.2.201705091103/tools/compiler/bin/../lib/gcc/arm-none-eabi/5.4.1/../../../../arm-none-eabi/lib/armv6-m\libc.a(lib_a-__call_atexit.o)
 .ARM.attributes
                0x000006d5       0x2c c:/ac6/systemworkbench/plugins/fr.ac6.mcu.externaltools.arm-none.win32_1.13.2.201705091103/tools/compiler/bin/../lib/gcc/arm-none-eabi/5.4.1/../../../../arm-none-eabi/lib/armv6-m\libc.a(lib_a-atexit.o)
 .ARM.attributes
                0x00000701       0x2c c:/ac6/systemworkbench/plugins/fr.ac6.mcu.externaltools.arm-none.win32_1.13.2.201705091103/tools/compiler/bin/../lib/gcc/arm-none-eabi/5.4.1/../../../../arm-none-eabi/lib/armv6-m\libc.a(lib_a-fini.o)
 .ARM.attributes
                0x0000072d       0x2c c:/ac6/systemworkbench/plugins/fr.ac6.mcu.externaltools.arm-none.win32_1.13.2.201705091103/tools/compiler/bin/../lib/gcc/arm-none-eabi/5.4.1/../../../../arm-none-eabi/lib/armv6-m\libc.a(lib_a-__atexit.o)
 .ARM.attributes
                0x00000759       0x1e c:/ac6/systemworkbench/plugins/fr.ac6.mcu.externaltools.arm-none.win32_1.13.2.201705091103/tools/compiler/bin/../lib/gcc/arm-none-eabi/5.4.1/armv6-m/crtn.o
OUTPUT(test_05b_ds_twr_respt.elf elf32-littlearm)

.debug_info     0x00000000     0x8aa6
 .debug_info    0x00000000     0x1aff decadriver/deca_device.o
 .debug_info    0x00001aff      0x2a9 decadriver/deca_params_init.o
 .debug_info    0x00001da8      0x796 platform/deca_spi.o
 .debug_info    0x0000253e     0x1192 platform/port.o
 .debug_info    0x000036d0      0xc31 src/main.o
 .debug_info    0x00004301       0x96 src/stm32f0xx_it.o
 .debug_info    0x00004397      0x247 src/system_stm32f0xx.o
 .debug_info    0x000045de       0x67 startup/startup_stm32.o
 .debug_info    0x00004645      0x507 E:\UWB\WS_F030CC\uwb_f030cc_hal_lib\Debug\libuwb_f030cc_hal_lib.a(stm32f0xx_hal.o)
 .debug_info    0x00004b4c      0x6c1 E:\UWB\WS_F030CC\uwb_f030cc_hal_lib\Debug\libuwb_f030cc_hal_lib.a(stm32f0xx_hal_cortex.o)
 .debug_info    0x0000520d      0x5d9 E:\UWB\WS_F030CC\uwb_f030cc_hal_lib\Debug\libuwb_f030cc_hal_lib.a(stm32f0xx_hal_gpio.o)
 .debug_info    0x000057e6      0x793 E:\UWB\WS_F030CC\uwb_f030cc_hal_lib\Debug\libuwb_f030cc_hal_lib.a(stm32f0xx_hal_rcc.o)
 .debug_info    0x00005f79      0x332 E:\UWB\WS_F030CC\uwb_f030cc_hal_lib\Debug\libuwb_f030cc_hal_lib.a(stm32f0xx_hal_rcc_ex.o)
 .debug_info    0x000062ab     0x14eb E:\UWB\WS_F030CC\uwb_f030cc_hal_lib\Debug\libuwb_f030cc_hal_lib.a(stm32f0xx_hal_spi.o)
 .debug_info    0x00007796     0x1310 E:\UWB\WS_F030CC\uwb_f030cc_hal_lib\Debug\libuwb_f030cc_hal_lib.a(stm32f0xx_hal_uart.o)

.debug_abbrev   0x00000000     0x1615
 .debug_abbrev  0x00000000      0x23a decadriver/deca_device.o
 .debug_abbrev  0x0000023a       0x7c decadriver/deca_params_init.o
 .debug_abbrev  0x000002b6      0x167 platform/deca_spi.o
 .debug_abbrev  0x0000041d      0x23f platform/port.o
 .debug_abbrev  0x0000065c      0x1cd src/main.o
 .debug_abbrev  0x00000829       0x45 src/stm32f0xx_it.o
 .debug_abbrev  0x0000086e       0xf3 src/system_stm32f0xx.o
 .debug_abbrev  0x00000961       0x12 startup/startup_stm32.o
 .debug_abbrev  0x00000973      0x1a4 E:\UWB\WS_F030CC\uwb_f030cc_hal_lib\Debug\libuwb_f030cc_hal_lib.a(stm32f0xx_hal.o)
 .debug_abbrev  0x00000b17      0x234 E:\UWB\WS_F030CC\uwb_f030cc_hal_lib\Debug\libuwb_f030cc_hal_lib.a(stm32f0xx_hal_cortex.o)
 .debug_abbrev  0x00000d4b      0x1b6 E:\UWB\WS_F030CC\uwb_f030cc_hal_lib\Debug\libuwb_f030cc_hal_lib.a(stm32f0xx_hal_gpio.o)
 .debug_abbrev  0x00000f01      0x1eb E:\UWB\WS_F030CC\uwb_f030cc_hal_lib\Debug\libuwb_f030cc_hal_lib.a(stm32f0xx_hal_rcc.o)
 .debug_abbrev  0x000010ec      0x138 E:\UWB\WS_F030CC\uwb_f030cc_hal_lib\Debug\libuwb_f030cc_hal_lib.a(stm32f0xx_hal_rcc_ex.o)
 .debug_abbrev  0x00001224      0x208 E:\UWB\WS_F030CC\uwb_f030cc_hal_lib\Debug\libuwb_f030cc_hal_lib.a(stm32f0xx_hal_spi.o)
 .debug_abbrev  0x0000142c      0x1e9 E:\UWB\WS_F030CC\uwb_f030cc_hal_lib\Debug\libuwb_f030cc_hal_lib.a(stm32f0xx_hal_uart.o)

.debug_aranges  0x00000000      0xac0
 .debug_aranges
                0x00000000      0x300 decadriver/deca_device.o
 .debug_aranges
                0x00000300       0x18 decadriver/deca_params_init.o
 .debug_aranges
                0x00000318       0x28 platform/deca_spi.o
 .debug_aranges
                0x00000340       0xc0 platform/port.o
 .debug_aranges
                0x00000400       0x38 src/main.o
 .debug_aranges
                0x00000438       0x20 src/stm32f0xx_it.o
 .debug_aranges
                0x00000458       0x28 src/system_stm32f0xx.o
 .debug_aranges
                0x00000480       0x28 startup/startup_stm32.o
 .debug_aranges
                0x000004a8       0xa0 E:\UWB\WS_F030CC\uwb_f030cc_hal_lib\Debug\libuwb_f030cc_hal_lib.a(stm32f0xx_hal.o)
 .debug_aranges
                0x00000548       0xc0 E:\UWB\WS_F030CC\uwb_f030cc_hal_lib\Debug\libuwb_f030cc_hal_lib.a(stm32f0xx_hal_cortex.o)
 .debug_aranges
                0x00000608       0x58 E:\UWB\WS_F030CC\uwb_f030cc_hal_lib\Debug\libuwb_f030cc_hal_lib.a(stm32f0xx_hal_gpio.o)
 .debug_aranges
                0x00000660       0x80 E:\UWB\WS_F030CC\uwb_f030cc_hal_lib\Debug\libuwb_f030cc_hal_lib.a(stm32f0xx_hal_rcc.o)
 .debug_aranges
                0x000006e0       0x30 E:\UWB\WS_F030CC\uwb_f030cc_hal_lib\Debug\libuwb_f030cc_hal_lib.a(stm32f0xx_hal_rcc_ex.o)
 .debug_aranges
                0x00000710      0x1d8 E:\UWB\WS_F030CC\uwb_f030cc_hal_lib\Debug\libuwb_f030cc_hal_lib.a(stm32f0xx_hal_spi.o)
 .debug_aranges
                0x000008e8      0x1d8 E:\UWB\WS_F030CC\uwb_f030cc_hal_lib\Debug\libuwb_f030cc_hal_lib.a(stm32f0xx_hal_uart.o)

.debug_ranges   0x00000000      0xa00
 .debug_ranges  0x00000000      0x2f0 decadriver/deca_device.o
 .debug_ranges  0x000002f0       0x18 platform/deca_spi.o
 .debug_ranges  0x00000308       0xb0 platform/port.o
 .debug_ranges  0x000003b8       0x58 src/main.o
 .debug_ranges  0x00000410       0x10 src/stm32f0xx_it.o
 .debug_ranges  0x00000420       0x18 src/system_stm32f0xx.o
 .debug_ranges  0x00000438       0x20 startup/startup_stm32.o
 .debug_ranges  0x00000458       0x90 E:\UWB\WS_F030CC\uwb_f030cc_hal_lib\Debug\libuwb_f030cc_hal_lib.a(stm32f0xx_hal.o)
 .debug_ranges  0x000004e8       0xb0 E:\UWB\WS_F030CC\uwb_f030cc_hal_lib\Debug\libuwb_f030cc_hal_lib.a(stm32f0xx_hal_cortex.o)
 .debug_ranges  0x00000598       0x48 E:\UWB\WS_F030CC\uwb_f030cc_hal_lib\Debug\libuwb_f030cc_hal_lib.a(stm32f0xx_hal_gpio.o)
 .debug_ranges  0x000005e0       0x70 E:\UWB\WS_F030CC\uwb_f030cc_hal_lib\Debug\libuwb_f030cc_hal_lib.a(stm32f0xx_hal_rcc.o)
 .debug_ranges  0x00000650       0x20 E:\UWB\WS_F030CC\uwb_f030cc_hal_lib\Debug\libuwb_f030cc_hal_lib.a(stm32f0xx_hal_rcc_ex.o)
 .debug_ranges  0x00000670      0x1c8 E:\UWB\WS_F030CC\uwb_f030cc_hal_lib\Debug\libuwb_f030cc_hal_lib.a(stm32f0xx_hal_spi.o)
 .debug_ranges  0x00000838      0x1c8 E:\UWB\WS_F030CC\uwb_f030cc_hal_lib\Debug\libuwb_f030cc_hal_lib.a(stm32f0xx_hal_uart.o)

.debug_macro    0x00000000    0x16487
 .debug_macro   0x00000000      0x19f decadriver/deca_device.o
 .debug_macro   0x0000019f      0x83e decadriver/deca_device.o
 .debug_macro   0x000009dd       0x22 decadriver/deca_device.o
 .debug_macro   0x000009ff       0x4c decadriver/deca_device.o
 .debug_macro   0x00000a4b       0x8d decadriver/deca_device.o
 .debug_macro   0x00000ad8       0x35 decadriver/deca_device.o
 .debug_macro   0x00000b0d       0x9c decadriver/deca_device.o
 .debug_macro   0x00000ba9       0x1c decadriver/deca_device.o
 .debug_macro   0x00000bc5       0x16 decadriver/deca_device.o
 .debug_macro   0x00000bdb      0x10e decadriver/deca_device.o
 .debug_macro   0x00000ce9       0x8d decadriver/deca_device.o
 .debug_macro   0x00000d76       0x4a decadriver/deca_device.o
 .debug_macro   0x00000dc0       0x52 decadriver/deca_device.o
 .debug_macro   0x00000e12       0x1f decadriver/deca_device.o
 .debug_macro   0x00000e31       0x43 decadriver/deca_device.o
 .debug_macro   0x00000e74       0x20 decadriver/deca_device.o
 .debug_macro   0x00000e94      0x187 decadriver/deca_device.o
 .debug_macro   0x0000101b      0x30d decadriver/deca_device.o
 .debug_macro   0x00001328       0x16 decadriver/deca_device.o
 .debug_macro   0x0000133e       0x29 decadriver/deca_device.o
 .debug_macro   0x00001367       0x2e decadriver/deca_device.o
 .debug_macro   0x00001395       0x6a decadriver/deca_device.o
 .debug_macro   0x000013ff       0x16 decadriver/deca_device.o
 .debug_macro   0x00001415     0x1808 decadriver/deca_device.o
 .debug_macro   0x00002c1d      0x1dd decadriver/deca_device.o
 .debug_macro   0x00002dfa      0x1ec decadriver/deca_params_init.o
 .debug_macro   0x00002fe6       0x16 decadriver/deca_params_init.o
 .debug_macro   0x00002ffc       0x97 decadriver/deca_params_init.o
 .debug_macro   0x00003093       0xfd decadriver/deca_params_init.o
 .debug_macro   0x00003190       0x10 decadriver/deca_params_init.o
 .debug_macro   0x000031a0       0x10 decadriver/deca_params_init.o
 .debug_macro   0x000031b0       0x5e decadriver/deca_params_init.o
 .debug_macro   0x0000320e       0x1c decadriver/deca_params_init.o
 .debug_macro   0x0000322a       0x52 decadriver/deca_params_init.o
 .debug_macro   0x0000327c       0x40 decadriver/deca_params_init.o
 .debug_macro   0x000032bc       0x10 decadriver/deca_params_init.o
 .debug_macro   0x000032cc       0x40 decadriver/deca_params_init.o
 .debug_macro   0x0000330c       0xd7 decadriver/deca_params_init.o
 .debug_macro   0x000033e3       0x16 decadriver/deca_params_init.o
 .debug_macro   0x000033f9      0x18b decadriver/deca_params_init.o
 .debug_macro   0x00003584       0x35 decadriver/deca_params_init.o
 .debug_macro   0x000035b9      0x201 decadriver/deca_params_init.o
 .debug_macro   0x000037ba       0x64 decadriver/deca_params_init.o
 .debug_macro   0x0000381e      0x443 platform/deca_spi.o
 .debug_macro   0x00003c61      0x174 platform/deca_spi.o
 .debug_macro   0x00003dd5       0x10 platform/deca_spi.o
 .debug_macro   0x00003de5       0x28 platform/deca_spi.o
 .debug_macro   0x00003e0d       0x22 platform/deca_spi.o
 .debug_macro   0x00003e2f       0xfd platform/deca_spi.o
 .debug_macro   0x00003f2c      0x1df platform/deca_spi.o
 .debug_macro   0x0000410b       0x34 platform/deca_spi.o
 .debug_macro   0x0000413f       0x26 platform/deca_spi.o
 .debug_macro   0x00004165      0x30d platform/deca_spi.o
 .debug_macro   0x00004472     0x7751 platform/deca_spi.o
 .debug_macro   0x0000bbc3       0x3c platform/deca_spi.o
 .debug_macro   0x0000bbff      0x110 platform/deca_spi.o
 .debug_macro   0x0000bd0f     0x3408 platform/deca_spi.o
 .debug_macro   0x0000f117       0x1c platform/deca_spi.o
 .debug_macro   0x0000f133       0x50 platform/deca_spi.o
 .debug_macro   0x0000f183      0x931 platform/deca_spi.o
 .debug_macro   0x0000fab4      0x289 platform/deca_spi.o
 .debug_macro   0x0000fd3d      0x13a platform/deca_spi.o
 .debug_macro   0x0000fe77      0x153 platform/deca_spi.o
 .debug_macro   0x0000ffca      0x1bc platform/deca_spi.o
 .debug_macro   0x00010186      0x1e7 platform/deca_spi.o
 .debug_macro   0x0001036d       0x3c platform/deca_spi.o
 .debug_macro   0x000103a9       0x29 platform/deca_spi.o
 .debug_macro   0x000103d2      0x344 platform/deca_spi.o
 .debug_macro   0x00010716       0xc2 platform/deca_spi.o
 .debug_macro   0x000107d8       0x81 platform/deca_spi.o
 .debug_macro   0x00010859       0x5a platform/deca_spi.o
 .debug_macro   0x000108b3       0x12 platform/deca_spi.o
 .debug_macro   0x000108c5       0xb6 platform/deca_spi.o
 .debug_macro   0x0001097b      0x217 platform/deca_spi.o
 .debug_macro   0x00010b92      0x202 platform/deca_spi.o
 .debug_macro   0x00010d94       0x61 platform/deca_spi.o
 .debug_macro   0x00010df5       0x90 platform/deca_spi.o
 .debug_macro   0x00010e85       0x87 platform/deca_spi.o
 .debug_macro   0x00010f0c       0x4d platform/deca_spi.o
 .debug_macro   0x00010f59       0x49 platform/deca_spi.o
 .debug_macro   0x00010fa2      0x2e2 platform/deca_spi.o
 .debug_macro   0x00011284      0x380 platform/deca_spi.o
 .debug_macro   0x00011604       0xdd platform/deca_spi.o
 .debug_macro   0x000116e1      0x32c platform/deca_spi.o
 .debug_macro   0x00011a0d      0x2e2 platform/deca_spi.o
 .debug_macro   0x00011cef      0x837 platform/deca_spi.o
 .debug_macro   0x00012526       0x47 platform/deca_spi.o
 .debug_macro   0x0001256d      0x37c platform/deca_spi.o
 .debug_macro   0x000128e9      0x168 platform/deca_spi.o
 .debug_macro   0x00012a51      0x1d1 platform/deca_spi.o
 .debug_macro   0x00012c22       0x8d platform/deca_spi.o
 .debug_macro   0x00012caf       0x89 platform/deca_spi.o
 .debug_macro   0x00012d38      0x106 platform/deca_spi.o
 .debug_macro   0x00012e3e       0x53 platform/deca_spi.o
 .debug_macro   0x00012e91      0x408 platform/port.o
 .debug_macro   0x00013299       0x87 platform/port.o
 .debug_macro   0x00013320       0x44 platform/port.o
 .debug_macro   0x00013364       0x52 platform/port.o
 .debug_macro   0x000133b6      0x4a4 src/main.o
 .debug_macro   0x0001385a       0x16 src/main.o
 .debug_macro   0x00013870       0x2e src/main.o
 .debug_macro   0x0001389e      0x3f2 src/stm32f0xx_it.o
 .debug_macro   0x00013c90      0x3e8 src/system_stm32f0xx.o
 .debug_macro   0x00014078      0x40c E:\UWB\WS_F030CC\uwb_f030cc_hal_lib\Debug\libuwb_f030cc_hal_lib.a(stm32f0xx_hal.o)
 .debug_macro   0x00014484      0x838 E:\UWB\WS_F030CC\uwb_f030cc_hal_lib\Debug\libuwb_f030cc_hal_lib.a(stm32f0xx_hal.o)
 .debug_macro   0x00014cbc      0x3e8 E:\UWB\WS_F030CC\uwb_f030cc_hal_lib\Debug\libuwb_f030cc_hal_lib.a(stm32f0xx_hal_cortex.o)
 .debug_macro   0x000150a4      0x421 E:\UWB\WS_F030CC\uwb_f030cc_hal_lib\Debug\libuwb_f030cc_hal_lib.a(stm32f0xx_hal_gpio.o)
 .debug_macro   0x000154c5      0x3fa E:\UWB\WS_F030CC\uwb_f030cc_hal_lib\Debug\libuwb_f030cc_hal_lib.a(stm32f0xx_hal_rcc.o)
 .debug_macro   0x000158bf      0x3e8 E:\UWB\WS_F030CC\uwb_f030cc_hal_lib\Debug\libuwb_f030cc_hal_lib.a(stm32f0xx_hal_rcc_ex.o)
 .debug_macro   0x00015ca7      0x3f0 E:\UWB\WS_F030CC\uwb_f030cc_hal_lib\Debug\libuwb_f030cc_hal_lib.a(stm32f0xx_hal_spi.o)
 .debug_macro   0x00016097      0x3f0 E:\UWB\WS_F030CC\uwb_f030cc_hal_lib\Debug\libuwb_f030cc_hal_lib.a(stm32f0xx_hal_uart.o)

.debug_line     0x00000000     0xa1d1
 .debug_line    0x00000000      0xdab decadriver/deca_device.o
 .debug_line    0x00000dab      0x43e decadriver/deca_params_init.o
 .debug_line    0x000011e9      0xa29 platform/deca_spi.o
 .debug_line    0x00001c12      0xb99 platform/port.o
 .debug_line    0x000027ab      0xad5 src/main.o
 .debug_line    0x00003280      0x969 src/stm32f0xx_it.o
 .debug_line    0x00003be9      0x96a src/system_stm32f0xx.o
 .debug_line    0x00004553       0x79 startup/startup_stm32.o
 .debug_line    0x000045cc      0xa70 E:\UWB\WS_F030CC\uwb_f030cc_hal_lib\Debug\libuwb_f030cc_hal_lib.a(stm32f0xx_hal.o)
 .debug_line    0x0000503c      0xafa E:\UWB\WS_F030CC\uwb_f030cc_hal_lib\Debug\libuwb_f030cc_hal_lib.a(stm32f0xx_hal_cortex.o)
 .debug_line    0x00005b36      0xaae E:\UWB\WS_F030CC\uwb_f030cc_hal_lib\Debug\libuwb_f030cc_hal_lib.a(stm32f0xx_hal_gpio.o)
 .debug_line    0x000065e4      0xb88 E:\UWB\WS_F030CC\uwb_f030cc_hal_lib\Debug\libuwb_f030cc_hal_lib.a(stm32f0xx_hal_rcc.o)
 .debug_line    0x0000716c      0xa01 E:\UWB\WS_F030CC\uwb_f030cc_hal_lib\Debug\libuwb_f030cc_hal_lib.a(stm32f0xx_hal_rcc_ex.o)
 .debug_line    0x00007b6d     0x1384 E:\UWB\WS_F030CC\uwb_f030cc_hal_lib\Debug\libuwb_f030cc_hal_lib.a(stm32f0xx_hal_spi.o)
 .debug_line    0x00008ef1     0x12e0 E:\UWB\WS_F030CC\uwb_f030cc_hal_lib\Debug\libuwb_f030cc_hal_lib.a(stm32f0xx_hal_uart.o)

.debug_str      0x00000000    0x7a499
 .debug_str     0x00000000     0xbd06 decadriver/deca_device.o
                               0xbefb (size before relaxing)
 .debug_str     0x0000bd06     0x12aa decadriver/deca_params_init.o
                               0xc322 (size before relaxing)
 .debug_str     0x0000cfb0    0x6b4f0 platform/deca_spi.o
                              0x7204f (size before relaxing)
 .debug_str     0x000784a0      0x754 platform/port.o
                              0x7270d (size before relaxing)
 .debug_str     0x00078bf4      0x353 src/main.o
                              0x77b33 (size before relaxing)
 .debug_str     0x00078f47       0x60 src/stm32f0xx_it.o
                              0x71362 (size before relaxing)
 .debug_str     0x00078fa7       0x86 src/system_stm32f0xx.o
                              0x71429 (size before relaxing)
 .debug_str     0x0007902d      0x2be E:\UWB\WS_F030CC\uwb_f030cc_hal_lib\Debug\libuwb_f030cc_hal_lib.a(stm32f0xx_hal.o)
                              0x7188a (size before relaxing)
 .debug_str     0x000792eb      0x1ca E:\UWB\WS_F030CC\uwb_f030cc_hal_lib\Debug\libuwb_f030cc_hal_lib.a(stm32f0xx_hal_cortex.o)
                              0x717a0 (size before relaxing)
 .debug_str     0x000794b5      0x1fc E:\UWB\WS_F030CC\uwb_f030cc_hal_lib\Debug\libuwb_f030cc_hal_lib.a(stm32f0xx_hal_gpio.o)
                              0x7167a (size before relaxing)
 .debug_str     0x000796b1      0x20c E:\UWB\WS_F030CC\uwb_f030cc_hal_lib\Debug\libuwb_f030cc_hal_lib.a(stm32f0xx_hal_rcc.o)
                              0x717f5 (size before relaxing)
 .debug_str     0x000798bd       0x9f E:\UWB\WS_F030CC\uwb_f030cc_hal_lib\Debug\libuwb_f030cc_hal_lib.a(stm32f0xx_hal_rcc_ex.o)
                              0x71526 (size before relaxing)
 .debug_str     0x0007995c      0x514 E:\UWB\WS_F030CC\uwb_f030cc_hal_lib\Debug\libuwb_f030cc_hal_lib.a(stm32f0xx_hal_spi.o)
                              0x71ce2 (size before relaxing)
 .debug_str     0x00079e70      0x629 E:\UWB\WS_F030CC\uwb_f030cc_hal_lib\Debug\libuwb_f030cc_hal_lib.a(stm32f0xx_hal_uart.o)
                              0x71f2d (size before relaxing)

.comment        0x00000000       0x6e
 .comment       0x00000000       0x6e decadriver/deca_device.o
                                 0x6f (size before relaxing)
 .comment       0x0000006e       0x6f decadriver/deca_params_init.o
 .comment       0x0000006e       0x6f platform/deca_spi.o
 .comment       0x0000006e       0x6f platform/port.o
 .comment       0x0000006e       0x6f src/main.o
 .comment       0x0000006e       0x6f src/stm32f0xx_it.o
 .comment       0x0000006e       0x6f src/system_stm32f0xx.o
 .comment       0x0000006e       0x6f E:\UWB\WS_F030CC\uwb_f030cc_hal_lib\Debug\libuwb_f030cc_hal_lib.a(stm32f0xx_hal.o)
 .comment       0x0000006e       0x6f E:\UWB\WS_F030CC\uwb_f030cc_hal_lib\Debug\libuwb_f030cc_hal_lib.a(stm32f0xx_hal_cortex.o)
 .comment       0x0000006e       0x6f E:\UWB\WS_F030CC\uwb_f030cc_hal_lib\Debug\libuwb_f030cc_hal_lib.a(stm32f0xx_hal_gpio.o)
 .comment       0x0000006e       0x6f E:\UWB\WS_F030CC\uwb_f030cc_hal_lib\Debug\libuwb_f030cc_hal_lib.a(stm32f0xx_hal_rcc.o)
 .comment       0x0000006e       0x6f E:\UWB\WS_F030CC\uwb_f030cc_hal_lib\Debug\libuwb_f030cc_hal_lib.a(stm32f0xx_hal_rcc_ex.o)
 .comment       0x0000006e       0x6f E:\UWB\WS_F030CC\uwb_f030cc_hal_lib\Debug\libuwb_f030cc_hal_lib.a(stm32f0xx_hal_spi.o)
 .comment       0x0000006e       0x6f E:\UWB\WS_F030CC\uwb_f030cc_hal_lib\Debug\libuwb_f030cc_hal_lib.a(stm32f0xx_hal_uart.o)

.debug_frame    0x00000000     0x298c
 .debug_frame   0x00000000      0xb60 decadriver/deca_device.o
 .debug_frame   0x00000b60       0x54 platform/deca_spi.o
 .debug_frame   0x00000bb4      0x2a8 platform/port.o
 .debug_frame   0x00000e5c       0x9c src/main.o
 .debug_frame   0x00000ef8       0x2c src/stm32f0xx_it.o
 .debug_frame   0x00000f24       0x4c src/system_stm32f0xx.o
 .debug_frame   0x00000f70      0x1f4 E:\UWB\WS_F030CC\uwb_f030cc_hal_lib\Debug\libuwb_f030cc_hal_lib.a(stm32f0xx_hal.o)
 .debug_frame   0x00001164      0x2a4 E:\UWB\WS_F030CC\uwb_f030cc_hal_lib\Debug\libuwb_f030cc_hal_lib.a(stm32f0xx_hal_cortex.o)
 .debug_frame   0x00001408      0x110 E:\UWB\WS_F030CC\uwb_f030cc_hal_lib\Debug\libuwb_f030cc_hal_lib.a(stm32f0xx_hal_gpio.o)
 .debug_frame   0x00001518      0x194 E:\UWB\WS_F030CC\uwb_f030cc_hal_lib\Debug\libuwb_f030cc_hal_lib.a(stm32f0xx_hal_rcc.o)
 .debug_frame   0x000016ac       0x70 E:\UWB\WS_F030CC\uwb_f030cc_hal_lib\Debug\libuwb_f030cc_hal_lib.a(stm32f0xx_hal_rcc_ex.o)
 .debug_frame   0x0000171c      0x710 E:\UWB\WS_F030CC\uwb_f030cc_hal_lib\Debug\libuwb_f030cc_hal_lib.a(stm32f0xx_hal_spi.o)
 .debug_frame   0x00001e2c      0x710 E:\UWB\WS_F030CC\uwb_f030cc_hal_lib\Debug\libuwb_f030cc_hal_lib.a(stm32f0xx_hal_uart.o)
 .debug_frame   0x0000253c       0x20 c:/ac6/systemworkbench/plugins/fr.ac6.mcu.externaltools.arm-none.win32_1.13.2.201705091103/tools/compiler/bin/../lib/gcc/arm-none-eabi/5.4.1/armv6-m\libgcc.a(_udivsi3.o)
 .debug_frame   0x0000255c       0x2c c:/ac6/systemworkbench/plugins/fr.ac6.mcu.externaltools.arm-none.win32_1.13.2.201705091103/tools/compiler/bin/../lib/gcc/arm-none-eabi/5.4.1/armv6-m\libgcc.a(_fixunsdfsi.o)
 .debug_frame   0x00002588       0x2c c:/ac6/systemworkbench/plugins/fr.ac6.mcu.externaltools.arm-none.win32_1.13.2.201705091103/tools/compiler/bin/../lib/gcc/arm-none-eabi/5.4.1/armv6-m\libgcc.a(_fixdfdi.o)
 .debug_frame   0x000025b4       0x2c c:/ac6/systemworkbench/plugins/fr.ac6.mcu.externaltools.arm-none.win32_1.13.2.201705091103/tools/compiler/bin/../lib/gcc/arm-none-eabi/5.4.1/armv6-m\libgcc.a(_fixunsdfdi.o)
 .debug_frame   0x000025e0       0x2c c:/ac6/systemworkbench/plugins/fr.ac6.mcu.externaltools.arm-none.win32_1.13.2.201705091103/tools/compiler/bin/../lib/gcc/arm-none-eabi/5.4.1/armv6-m\libgcc.a(_floatdidf.o)
 .debug_frame   0x0000260c       0x3c c:/ac6/systemworkbench/plugins/fr.ac6.mcu.externaltools.arm-none.win32_1.13.2.201705091103/tools/compiler/bin/../lib/gcc/arm-none-eabi/5.4.1/armv6-m\libgcc.a(adddf3.o)
 .debug_frame   0x00002648       0x3c c:/ac6/systemworkbench/plugins/fr.ac6.mcu.externaltools.arm-none.win32_1.13.2.201705091103/tools/compiler/bin/../lib/gcc/arm-none-eabi/5.4.1/armv6-m\libgcc.a(divdf3.o)
 .debug_frame   0x00002684       0x38 c:/ac6/systemworkbench/plugins/fr.ac6.mcu.externaltools.arm-none.win32_1.13.2.201705091103/tools/compiler/bin/../lib/gcc/arm-none-eabi/5.4.1/armv6-m\libgcc.a(eqdf2.o)
 .debug_frame   0x000026bc       0x38 c:/ac6/systemworkbench/plugins/fr.ac6.mcu.externaltools.arm-none.win32_1.13.2.201705091103/tools/compiler/bin/../lib/gcc/arm-none-eabi/5.4.1/armv6-m\libgcc.a(gedf2.o)
 .debug_frame   0x000026f4       0x38 c:/ac6/systemworkbench/plugins/fr.ac6.mcu.externaltools.arm-none.win32_1.13.2.201705091103/tools/compiler/bin/../lib/gcc/arm-none-eabi/5.4.1/armv6-m\libgcc.a(ledf2.o)
 .debug_frame   0x0000272c       0x3c c:/ac6/systemworkbench/plugins/fr.ac6.mcu.externaltools.arm-none.win32_1.13.2.201705091103/tools/compiler/bin/../lib/gcc/arm-none-eabi/5.4.1/armv6-m\libgcc.a(muldf3.o)
 .debug_frame   0x00002768       0x38 c:/ac6/systemworkbench/plugins/fr.ac6.mcu.externaltools.arm-none.win32_1.13.2.201705091103/tools/compiler/bin/../lib/gcc/arm-none-eabi/5.4.1/armv6-m\libgcc.a(subdf3.o)
 .debug_frame   0x000027a0       0x2c c:/ac6/systemworkbench/plugins/fr.ac6.mcu.externaltools.arm-none.win32_1.13.2.201705091103/tools/compiler/bin/../lib/gcc/arm-none-eabi/5.4.1/armv6-m\libgcc.a(fixdfsi.o)
 .debug_frame   0x000027cc       0x2c c:/ac6/systemworkbench/plugins/fr.ac6.mcu.externaltools.arm-none.win32_1.13.2.201705091103/tools/compiler/bin/../lib/gcc/arm-none-eabi/5.4.1/armv6-m\libgcc.a(floatsidf.o)
 .debug_frame   0x000027f8       0x2c c:/ac6/systemworkbench/plugins/fr.ac6.mcu.externaltools.arm-none.win32_1.13.2.201705091103/tools/compiler/bin/../lib/gcc/arm-none-eabi/5.4.1/armv6-m\libgcc.a(floatunsidf.o)
 .debug_frame   0x00002824       0x2c c:/ac6/systemworkbench/plugins/fr.ac6.mcu.externaltools.arm-none.win32_1.13.2.201705091103/tools/compiler/bin/../lib/gcc/arm-none-eabi/5.4.1/../../../../arm-none-eabi/lib/armv6-m\libc.a(lib_a-init.o)
 .debug_frame   0x00002850       0x2c c:/ac6/systemworkbench/plugins/fr.ac6.mcu.externaltools.arm-none.win32_1.13.2.201705091103/tools/compiler/bin/../lib/gcc/arm-none-eabi/5.4.1/../../../../arm-none-eabi/lib/armv6-m\libc.a(lib_a-memcmp.o)
 .debug_frame   0x0000287c       0x2c c:/ac6/systemworkbench/plugins/fr.ac6.mcu.externaltools.arm-none.win32_1.13.2.201705091103/tools/compiler/bin/../lib/gcc/arm-none-eabi/5.4.1/../../../../arm-none-eabi/lib/armv6-m\libc.a(lib_a-memcpy-stub.o)
 .debug_frame   0x000028a8       0x54 c:/ac6/systemworkbench/plugins/fr.ac6.mcu.externaltools.arm-none.win32_1.13.2.201705091103/tools/compiler/bin/../lib/gcc/arm-none-eabi/5.4.1/../../../../arm-none-eabi/lib/armv6-m\libc.a(lib_a-__call_atexit.o)
 .debug_frame   0x000028fc       0x28 c:/ac6/systemworkbench/plugins/fr.ac6.mcu.externaltools.arm-none.win32_1.13.2.201705091103/tools/compiler/bin/../lib/gcc/arm-none-eabi/5.4.1/../../../../arm-none-eabi/lib/armv6-m\libc.a(lib_a-atexit.o)
 .debug_frame   0x00002924       0x2c c:/ac6/systemworkbench/plugins/fr.ac6.mcu.externaltools.arm-none.win32_1.13.2.201705091103/tools/compiler/bin/../lib/gcc/arm-none-eabi/5.4.1/../../../../arm-none-eabi/lib/armv6-m\libc.a(lib_a-fini.o)
 .debug_frame   0x00002950       0x3c c:/ac6/systemworkbench/plugins/fr.ac6.mcu.externaltools.arm-none.win32_1.13.2.201705091103/tools/compiler/bin/../lib/gcc/arm-none-eabi/5.4.1/../../../../arm-none-eabi/lib/armv6-m\libc.a(lib_a-__atexit.o)
