22:38:57 **** Incremental Build of configuration Debug for project ex_05a_ds_twr_init ****
make all 
Building file: E:/UWB/dw1000_api_rev2p02/platform/port.c
Invoking: MCU GCC Compiler
E:\UWB\WS_F103C8T6\ex_05a_ds_twr_init\Debug
arm-none-eabi-gcc -mcpu=cortex-m3 -mthumb -mfloat-abi=soft -DSTM32F1 -DSTM32F103C8Tx -DSTM32 -DDEBUG -DUSE_HAL_DRIVER -DSTM32F103xB -I"E:/UWB/WS_F103C8T6/f103c8t6_hal_lib" -I"E:/UWB/dw1000_api_rev2p02/decadriver" -I"E:/UWB/dw1000_api_rev2p02/platform" -I"E:/UWB/WS_F103C8T6/ex_05a_ds_twr_init/inc" -I"E:/UWB/WS_F103C8T6/f103c8t6_hal_lib/CMSIS/core" -I"E:/UWB/WS_F103C8T6/f103c8t6_hal_lib/CMSIS/device" -I"E:/UWB/WS_F103C8T6/f103c8t6_hal_lib/HAL_Driver/Inc/Legacy" -I"E:/UWB/WS_F103C8T6/f103c8t6_hal_lib/HAL_Driver/Inc" -O0 -g3 -Wall -fmessage-length=0 -ffunction-sections -c -MMD -MP -MF"platform/port.d" -MT"platform/port.o" -o "platform/port.o" "E:/UWB/dw1000_api_rev2p02/platform/port.c"
E:/UWB/dw1000_api_rev2p02/platform/port.c: In function 'peripherals_init':
E:/UWB/dw1000_api_rev2p02/platform/port.c:567:6: warning: implicit declaration of function 'Error_Handler' [-Wimplicit-function-declaration]
      Error_Handler();
      ^
E:/UWB/dw1000_api_rev2p02/platform/port.c: At top level:
E:/UWB/dw1000_api_rev2p02/platform/port.c:734:6: warning: conflicting types for 'Error_Handler'
 void Error_Handler(void)
      ^
E:/UWB/dw1000_api_rev2p02/platform/port.c:567:6: note: previous implicit declaration of 'Error_Handler' was here
      Error_Handler();
      ^
Finished building: E:/UWB/dw1000_api_rev2p02/platform/port.c
 
Building target: ex_05a_ds_twr_init.elf
Invoking: MCU GCC Linker
arm-none-eabi-gcc -mcpu=cortex-m3 -mthumb -mfloat-abi=soft -L"E:\UWB\WS_F103C8T6\f103c8t6_hal_lib\Debug" -T"E:\UWB\WS_F103C8T6\ex_05a_ds_twr_init\LinkerScript.ld" -Wl,-Map=output.map -Wl,--gc-sections -o "ex_05a_ds_twr_init.elf" @"objects.list"  -lf103c8t6_hal_lib -lm
Finished building target: ex_05a_ds_twr_init.elf
 
make --no-print-directory post-build
Generating binary and Printing size information:
arm-none-eabi-objcopy -O binary "ex_05a_ds_twr_init.elf" "ex_05a_ds_twr_init.bin"
arm-none-eabi-size "ex_05a_ds_twr_init.elf"
   text	   data	    bss	    dec	    hex	filename
  15024	   1148	   1328	  17500	   445c	ex_05a_ds_twr_init.elf
 

22:38:59 Build Finished (took 1s.537ms)

