22:08:34 **** Incremental Build of configuration Debug for project ex_01a_simple_tx ****
make all 
Building file: E:/UWB/WS_F030CC/platform/port.c
Invoking: MCU GCC Compiler
E:\UWB\WS_F030CC\ex_01a_simple_tx\Debug
arm-none-eabi-gcc -mcpu=cortex-m0 -mthumb -mfloat-abi=soft -DSTM32F0 -DSTM32F030CCTx -DSTM32 -DDEBUG -DUSE_HAL_DRIVER -DSTM32F030xC -I"E:/UWB/WS_F030CC/uwb_f030cc_hal_lib" -I"E:/UWB/WS_F030CC/ex_01a_simple_tx/inc" -I"E:/UWB/WS_F030CC/uwb_f030cc_hal_lib/CMSIS/core" -I"E:/UWB/WS_F030CC/uwb_f030cc_hal_lib/CMSIS/device" -I"E:/UWB/WS_F030CC/uwb_f030cc_hal_lib/HAL_Driver/Inc/Legacy" -I"E:/UWB/WS_F030CC/uwb_f030cc_hal_lib/HAL_Driver/Inc" -I"E:/UWB/dw1000_api_rev2p03/decadriver" -I"E:/UWB/WS_F030CC/platform" -O0 -g3 -Wall -fmessage-length=0 -ffunction-sections -c -MMD -MP -MF"platform/port.d" -MT"platform/port.o" -o "platform/port.o" "E:/UWB/WS_F030CC/platform/port.c"
Finished building: E:/UWB/WS_F030CC/platform/port.c
 
Building target: ex_01a_simple_tx.elf
Invoking: MCU GCC Linker
arm-none-eabi-gcc -mcpu=cortex-m0 -mthumb -mfloat-abi=soft -L"E:\UWB\WS_F030CC\uwb_f030cc_hal_lib\Debug" -T"E:\UWB\WS_F030CC\ex_01a_simple_tx\LinkerScript.ld" -Wl,-Map=output.map -Wl,--gc-sections -o "ex_01a_simple_tx.elf" @"objects.list"  -luwb_f030cc_hal_lib -lm
Finished building target: ex_01a_simple_tx.elf
 
make --no-print-directory post-build
Generating binary and Printing size information:
arm-none-eabi-objcopy -O binary "ex_01a_simple_tx.elf" "ex_01a_simple_tx.bin"
arm-none-eabi-size "ex_01a_simple_tx.elf"
   text	   data	    bss	    dec	    hex	filename
  16684	   1108	   1328	  19120	   4ab0	ex_01a_simple_tx.elf
 

22:08:36 Build Finished (took 1s.828ms)

