22:15:14 **** Build of configuration Debug for project ex_03a_tx_wait_resp ****
make all 
Building file: ../startup/startup_stm32.s
Invoking: MCU GCC Assembler
E:\UWB\WS_F030CC\ex_03a_tx_wait_resp\Debug
arm-none-eabi-as -mcpu=cortex-m0 -mthumb -mfloat-abi=soft -I"E:/UWB/WS_F030CC/uwb_f030cc_hal_lib" -I"E:/UWB/WS_F030CC/ex_03a_tx_wait_resp/inc" -I"E:/UWB/WS_F030CC/uwb_f030cc_hal_lib/CMSIS/core" -I"E:/UWB/WS_F030CC/uwb_f030cc_hal_lib/CMSIS/device" -I"E:/UWB/WS_F030CC/uwb_f030cc_hal_lib/HAL_Driver/Inc/Legacy" -I"E:/UWB/WS_F030CC/uwb_f030cc_hal_lib/HAL_Driver/Inc" -g -o "startup/startup_stm32.o" "../startup/startup_stm32.s"
Finished building: ../startup/startup_stm32.s
 
Building file: ../src/main.c
Invoking: MCU GCC Compiler
E:\UWB\WS_F030CC\ex_03a_tx_wait_resp\Debug
arm-none-eabi-gcc -mcpu=cortex-m0 -mthumb -mfloat-abi=soft -DSTM32F0 -DSTM32F030CCTx -DSTM32 -DDEBUG -DUSE_HAL_DRIVER -DSTM32F030xC -I"E:/UWB/WS_F030CC/uwb_f030cc_hal_lib" -I"E:/UWB/WS_F030CC/ex_03a_tx_wait_resp/inc" -I"E:/UWB/WS_F030CC/uwb_f030cc_hal_lib/CMSIS/core" -I"E:/UWB/WS_F030CC/uwb_f030cc_hal_lib/CMSIS/device" -I"E:/UWB/WS_F030CC/uwb_f030cc_hal_lib/HAL_Driver/Inc/Legacy" -I"E:/UWB/WS_F030CC/uwb_f030cc_hal_lib/HAL_Driver/Inc" -I"E:/UWB/dw1000_api_rev2p03/decadriver" -I"E:/UWB/WS_F030CC/platform" -O0 -g3 -Wall -fmessage-length=0 -ffunction-sections -c -MMD -MP -MF"src/main.d" -MT"src/main.o" -o "src/main.o" "../src/main.c"
../src/main.c: In function 'main':
../src/main.c:75:13: warning: variable 'error' set but not used [-Wunused-but-set-variable]
     int32_t error=0;
             ^
Finished building: ../src/main.c
 
Building file: ../src/stm32f0xx_it.c
Invoking: MCU GCC Compiler
E:\UWB\WS_F030CC\ex_03a_tx_wait_resp\Debug
arm-none-eabi-gcc -mcpu=cortex-m0 -mthumb -mfloat-abi=soft -DSTM32F0 -DSTM32F030CCTx -DSTM32 -DDEBUG -DUSE_HAL_DRIVER -DSTM32F030xC -I"E:/UWB/WS_F030CC/uwb_f030cc_hal_lib" -I"E:/UWB/WS_F030CC/ex_03a_tx_wait_resp/inc" -I"E:/UWB/WS_F030CC/uwb_f030cc_hal_lib/CMSIS/core" -I"E:/UWB/WS_F030CC/uwb_f030cc_hal_lib/CMSIS/device" -I"E:/UWB/WS_F030CC/uwb_f030cc_hal_lib/HAL_Driver/Inc/Legacy" -I"E:/UWB/WS_F030CC/uwb_f030cc_hal_lib/HAL_Driver/Inc" -I"E:/UWB/dw1000_api_rev2p03/decadriver" -I"E:/UWB/WS_F030CC/platform" -O0 -g3 -Wall -fmessage-length=0 -ffunction-sections -c -MMD -MP -MF"src/stm32f0xx_it.d" -MT"src/stm32f0xx_it.o" -o "src/stm32f0xx_it.o" "../src/stm32f0xx_it.c"
Finished building: ../src/stm32f0xx_it.c
 
Building file: ../src/syscalls.c
Invoking: MCU GCC Compiler
E:\UWB\WS_F030CC\ex_03a_tx_wait_resp\Debug
arm-none-eabi-gcc -mcpu=cortex-m0 -mthumb -mfloat-abi=soft -DSTM32F0 -DSTM32F030CCTx -DSTM32 -DDEBUG -DUSE_HAL_DRIVER -DSTM32F030xC -I"E:/UWB/WS_F030CC/uwb_f030cc_hal_lib" -I"E:/UWB/WS_F030CC/ex_03a_tx_wait_resp/inc" -I"E:/UWB/WS_F030CC/uwb_f030cc_hal_lib/CMSIS/core" -I"E:/UWB/WS_F030CC/uwb_f030cc_hal_lib/CMSIS/device" -I"E:/UWB/WS_F030CC/uwb_f030cc_hal_lib/HAL_Driver/Inc/Legacy" -I"E:/UWB/WS_F030CC/uwb_f030cc_hal_lib/HAL_Driver/Inc" -I"E:/UWB/dw1000_api_rev2p03/decadriver" -I"E:/UWB/WS_F030CC/platform" -O0 -g3 -Wall -fmessage-length=0 -ffunction-sections -c -MMD -MP -MF"src/syscalls.d" -MT"src/syscalls.o" -o "src/syscalls.o" "../src/syscalls.c"
Finished building: ../src/syscalls.c
 
Building file: ../src/system_stm32f0xx.c
Invoking: MCU GCC Compiler
E:\UWB\WS_F030CC\ex_03a_tx_wait_resp\Debug
arm-none-eabi-gcc -mcpu=cortex-m0 -mthumb -mfloat-abi=soft -DSTM32F0 -DSTM32F030CCTx -DSTM32 -DDEBUG -DUSE_HAL_DRIVER -DSTM32F030xC -I"E:/UWB/WS_F030CC/uwb_f030cc_hal_lib" -I"E:/UWB/WS_F030CC/ex_03a_tx_wait_resp/inc" -I"E:/UWB/WS_F030CC/uwb_f030cc_hal_lib/CMSIS/core" -I"E:/UWB/WS_F030CC/uwb_f030cc_hal_lib/CMSIS/device" -I"E:/UWB/WS_F030CC/uwb_f030cc_hal_lib/HAL_Driver/Inc/Legacy" -I"E:/UWB/WS_F030CC/uwb_f030cc_hal_lib/HAL_Driver/Inc" -I"E:/UWB/dw1000_api_rev2p03/decadriver" -I"E:/UWB/WS_F030CC/platform" -O0 -g3 -Wall -fmessage-length=0 -ffunction-sections -c -MMD -MP -MF"src/system_stm32f0xx.d" -MT"src/system_stm32f0xx.o" -o "src/system_stm32f0xx.o" "../src/system_stm32f0xx.c"
Finished building: ../src/system_stm32f0xx.c
 
Building file: E:/UWB/WS_F030CC/platform/deca_spi.c
Invoking: MCU GCC Compiler
E:\UWB\WS_F030CC\ex_03a_tx_wait_resp\Debug
arm-none-eabi-gcc -mcpu=cortex-m0 -mthumb -mfloat-abi=soft -DSTM32F0 -DSTM32F030CCTx -DSTM32 -DDEBUG -DUSE_HAL_DRIVER -DSTM32F030xC -I"E:/UWB/WS_F030CC/uwb_f030cc_hal_lib" -I"E:/UWB/WS_F030CC/ex_03a_tx_wait_resp/inc" -I"E:/UWB/WS_F030CC/uwb_f030cc_hal_lib/CMSIS/core" -I"E:/UWB/WS_F030CC/uwb_f030cc_hal_lib/CMSIS/device" -I"E:/UWB/WS_F030CC/uwb_f030cc_hal_lib/HAL_Driver/Inc/Legacy" -I"E:/UWB/WS_F030CC/uwb_f030cc_hal_lib/HAL_Driver/Inc" -I"E:/UWB/dw1000_api_rev2p03/decadriver" -I"E:/UWB/WS_F030CC/platform" -O0 -g3 -Wall -fmessage-length=0 -ffunction-sections -c -MMD -MP -MF"platform/deca_spi.d" -MT"platform/deca_spi.o" -o "platform/deca_spi.o" "E:/UWB/WS_F030CC/platform/deca_spi.c"
E:/UWB/WS_F030CC/platform/deca_spi.c: In function 'readfromspi':
E:/UWB/WS_F030CC/platform/deca_spi.c:179:23: warning: variable 'error' set but not used [-Wunused-but-set-variable]
     HAL_StatusTypeDef error=0;
                       ^
Finished building: E:/UWB/WS_F030CC/platform/deca_spi.c
 
Building file: E:/UWB/WS_F030CC/platform/port.c
Invoking: MCU GCC Compiler
E:\UWB\WS_F030CC\ex_03a_tx_wait_resp\Debug
arm-none-eabi-gcc -mcpu=cortex-m0 -mthumb -mfloat-abi=soft -DSTM32F0 -DSTM32F030CCTx -DSTM32 -DDEBUG -DUSE_HAL_DRIVER -DSTM32F030xC -I"E:/UWB/WS_F030CC/uwb_f030cc_hal_lib" -I"E:/UWB/WS_F030CC/ex_03a_tx_wait_resp/inc" -I"E:/UWB/WS_F030CC/uwb_f030cc_hal_lib/CMSIS/core" -I"E:/UWB/WS_F030CC/uwb_f030cc_hal_lib/CMSIS/device" -I"E:/UWB/WS_F030CC/uwb_f030cc_hal_lib/HAL_Driver/Inc/Legacy" -I"E:/UWB/WS_F030CC/uwb_f030cc_hal_lib/HAL_Driver/Inc" -I"E:/UWB/dw1000_api_rev2p03/decadriver" -I"E:/UWB/WS_F030CC/platform" -O0 -g3 -Wall -fmessage-length=0 -ffunction-sections -c -MMD -MP -MF"platform/port.d" -MT"platform/port.o" -o "platform/port.o" "E:/UWB/WS_F030CC/platform/port.c"
Finished building: E:/UWB/WS_F030CC/platform/port.c
 
Building file: E:/UWB/dw1000_api_rev2p03/decadriver/deca_device.c
Invoking: MCU GCC Compiler
E:\UWB\WS_F030CC\ex_03a_tx_wait_resp\Debug
arm-none-eabi-gcc -mcpu=cortex-m0 -mthumb -mfloat-abi=soft -DSTM32F0 -DSTM32F030CCTx -DSTM32 -DDEBUG -DUSE_HAL_DRIVER -DSTM32F030xC -I"E:/UWB/WS_F030CC/uwb_f030cc_hal_lib" -I"E:/UWB/WS_F030CC/ex_03a_tx_wait_resp/inc" -I"E:/UWB/WS_F030CC/uwb_f030cc_hal_lib/CMSIS/core" -I"E:/UWB/WS_F030CC/uwb_f030cc_hal_lib/CMSIS/device" -I"E:/UWB/WS_F030CC/uwb_f030cc_hal_lib/HAL_Driver/Inc/Legacy" -I"E:/UWB/WS_F030CC/uwb_f030cc_hal_lib/HAL_Driver/Inc" -I"E:/UWB/dw1000_api_rev2p03/decadriver" -I"E:/UWB/WS_F030CC/platform" -O0 -g3 -Wall -fmessage-length=0 -ffunction-sections -c -MMD -MP -MF"decadriver/deca_device.d" -MT"decadriver/deca_device.o" -o "decadriver/deca_device.o" "E:/UWB/dw1000_api_rev2p03/decadriver/deca_device.c"
Finished building: E:/UWB/dw1000_api_rev2p03/decadriver/deca_device.c
 
Building file: E:/UWB/dw1000_api_rev2p03/decadriver/deca_params_init.c
Invoking: MCU GCC Compiler
E:\UWB\WS_F030CC\ex_03a_tx_wait_resp\Debug
arm-none-eabi-gcc -mcpu=cortex-m0 -mthumb -mfloat-abi=soft -DSTM32F0 -DSTM32F030CCTx -DSTM32 -DDEBUG -DUSE_HAL_DRIVER -DSTM32F030xC -I"E:/UWB/WS_F030CC/uwb_f030cc_hal_lib" -I"E:/UWB/WS_F030CC/ex_03a_tx_wait_resp/inc" -I"E:/UWB/WS_F030CC/uwb_f030cc_hal_lib/CMSIS/core" -I"E:/UWB/WS_F030CC/uwb_f030cc_hal_lib/CMSIS/device" -I"E:/UWB/WS_F030CC/uwb_f030cc_hal_lib/HAL_Driver/Inc/Legacy" -I"E:/UWB/WS_F030CC/uwb_f030cc_hal_lib/HAL_Driver/Inc" -I"E:/UWB/dw1000_api_rev2p03/decadriver" -I"E:/UWB/WS_F030CC/platform" -O0 -g3 -Wall -fmessage-length=0 -ffunction-sections -c -MMD -MP -MF"decadriver/deca_params_init.d" -MT"decadriver/deca_params_init.o" -o "decadriver/deca_params_init.o" "E:/UWB/dw1000_api_rev2p03/decadriver/deca_params_init.c"
Finished building: E:/UWB/dw1000_api_rev2p03/decadriver/deca_params_init.c
 
Building target: ex_03a_tx_wait_resp.elf
Invoking: MCU GCC Linker
arm-none-eabi-gcc -mcpu=cortex-m0 -mthumb -mfloat-abi=soft -L"E:\UWB\WS_F030CC\uwb_f030cc_hal_lib\Debug" -T"E:\UWB\WS_F030CC\ex_03a_tx_wait_resp\LinkerScript.ld" -Wl,-Map=output.map -Wl,--gc-sections -o "ex_03a_tx_wait_resp.elf" @"objects.list"  -luwb_f030cc_hal_lib -lm
Finished building target: ex_03a_tx_wait_resp.elf
 
make --no-print-directory post-build
Generating binary and Printing size information:
arm-none-eabi-objcopy -O binary "ex_03a_tx_wait_resp.elf" "ex_03a_tx_wait_resp.bin"
arm-none-eabi-size "ex_03a_tx_wait_resp.elf"
   text	   data	    bss	    dec	    hex	filename
  17512	   1116	   1464	  20092	   4e7c	ex_03a_tx_wait_resp.elf
 

22:15:18 Build Finished (took 4s.266ms)

