22:22:37 **** Build of configuration Debug for project uwb_f030cc_hal_lib ****
make all 
Building file: ../HAL_Driver/Src/stm32f0xx_hal.c
Invoking: MCU GCC Compiler
E:\UWB\WS_F030CC\uwb_f030cc_hal_lib\Debug
arm-none-eabi-gcc -mcpu=cortex-m0 -mthumb -mfloat-abi=soft -DSTM32F0 -DSTM32F030CCTx -DSTM32 -DUSE_HAL_DRIVER -DSTM32F030xC -I"E:/UWB/WS_F030CC/uwb_f030cc_hal_lib/CMSIS/core" -I"E:/UWB/WS_F030CC/uwb_f030cc_hal_lib/CMSIS/device" -I"E:/UWB/WS_F030CC/uwb_f030cc_hal_lib/HAL_Driver/Inc/Legacy" -I"E:/UWB/WS_F030CC/uwb_f030cc_hal_lib/HAL_Driver/Inc" -O0 -g3 -Wall -fmessage-length=0 -ffunction-sections -c -MMD -MP -MF"HAL_Driver/Src/stm32f0xx_hal.d" -MT"HAL_Driver/Src/stm32f0xx_hal.o" -o "HAL_Driver/Src/stm32f0xx_hal.o" "../HAL_Driver/Src/stm32f0xx_hal.c"
Finished building: ../HAL_Driver/Src/stm32f0xx_hal.c
 
Building file: ../HAL_Driver/Src/stm32f0xx_hal_adc.c
Invoking: MCU GCC Compiler
E:\UWB\WS_F030CC\uwb_f030cc_hal_lib\Debug
arm-none-eabi-gcc -mcpu=cortex-m0 -mthumb -mfloat-abi=soft -DSTM32F0 -DSTM32F030CCTx -DSTM32 -DUSE_HAL_DRIVER -DSTM32F030xC -I"E:/UWB/WS_F030CC/uwb_f030cc_hal_lib/CMSIS/core" -I"E:/UWB/WS_F030CC/uwb_f030cc_hal_lib/CMSIS/device" -I"E:/UWB/WS_F030CC/uwb_f030cc_hal_lib/HAL_Driver/Inc/Legacy" -I"E:/UWB/WS_F030CC/uwb_f030cc_hal_lib/HAL_Driver/Inc" -O0 -g3 -Wall -fmessage-length=0 -ffunction-sections -c -MMD -MP -MF"HAL_Driver/Src/stm32f0xx_hal_adc.d" -MT"HAL_Driver/Src/stm32f0xx_hal_adc.o" -o "HAL_Driver/Src/stm32f0xx_hal_adc.o" "../HAL_Driver/Src/stm32f0xx_hal_adc.c"
Finished building: ../HAL_Driver/Src/stm32f0xx_hal_adc.c
 
Building file: ../HAL_Driver/Src/stm32f0xx_hal_adc_ex.c
Invoking: MCU GCC Compiler
E:\UWB\WS_F030CC\uwb_f030cc_hal_lib\Debug
arm-none-eabi-gcc -mcpu=cortex-m0 -mthumb -mfloat-abi=soft -DSTM32F0 -DSTM32F030CCTx -DSTM32 -DUSE_HAL_DRIVER -DSTM32F030xC -I"E:/UWB/WS_F030CC/uwb_f030cc_hal_lib/CMSIS/core" -I"E:/UWB/WS_F030CC/uwb_f030cc_hal_lib/CMSIS/device" -I"E:/UWB/WS_F030CC/uwb_f030cc_hal_lib/HAL_Driver/Inc/Legacy" -I"E:/UWB/WS_F030CC/uwb_f030cc_hal_lib/HAL_Driver/Inc" -O0 -g3 -Wall -fmessage-length=0 -ffunction-sections -c -MMD -MP -MF"HAL_Driver/Src/stm32f0xx_hal_adc_ex.d" -MT"HAL_Driver/Src/stm32f0xx_hal_adc_ex.o" -o "HAL_Driver/Src/stm32f0xx_hal_adc_ex.o" "../HAL_Driver/Src/stm32f0xx_hal_adc_ex.c"
Finished building: ../HAL_Driver/Src/stm32f0xx_hal_adc_ex.c
 
Building file: ../HAL_Driver/Src/stm32f0xx_hal_can.c
Invoking: MCU GCC Compiler
E:\UWB\WS_F030CC\uwb_f030cc_hal_lib\Debug
arm-none-eabi-gcc -mcpu=cortex-m0 -mthumb -mfloat-abi=soft -DSTM32F0 -DSTM32F030CCTx -DSTM32 -DUSE_HAL_DRIVER -DSTM32F030xC -I"E:/UWB/WS_F030CC/uwb_f030cc_hal_lib/CMSIS/core" -I"E:/UWB/WS_F030CC/uwb_f030cc_hal_lib/CMSIS/device" -I"E:/UWB/WS_F030CC/uwb_f030cc_hal_lib/HAL_Driver/Inc/Legacy" -I"E:/UWB/WS_F030CC/uwb_f030cc_hal_lib/HAL_Driver/Inc" -O0 -g3 -Wall -fmessage-length=0 -ffunction-sections -c -MMD -MP -MF"HAL_Driver/Src/stm32f0xx_hal_can.d" -MT"HAL_Driver/Src/stm32f0xx_hal_can.o" -o "HAL_Driver/Src/stm32f0xx_hal_can.o" "../HAL_Driver/Src/stm32f0xx_hal_can.c"
Finished building: ../HAL_Driver/Src/stm32f0xx_hal_can.c
 
Building file: ../HAL_Driver/Src/stm32f0xx_hal_cec.c
Invoking: MCU GCC Compiler
E:\UWB\WS_F030CC\uwb_f030cc_hal_lib\Debug
arm-none-eabi-gcc -mcpu=cortex-m0 -mthumb -mfloat-abi=soft -DSTM32F0 -DSTM32F030CCTx -DSTM32 -DUSE_HAL_DRIVER -DSTM32F030xC -I"E:/UWB/WS_F030CC/uwb_f030cc_hal_lib/CMSIS/core" -I"E:/UWB/WS_F030CC/uwb_f030cc_hal_lib/CMSIS/device" -I"E:/UWB/WS_F030CC/uwb_f030cc_hal_lib/HAL_Driver/Inc/Legacy" -I"E:/UWB/WS_F030CC/uwb_f030cc_hal_lib/HAL_Driver/Inc" -O0 -g3 -Wall -fmessage-length=0 -ffunction-sections -c -MMD -MP -MF"HAL_Driver/Src/stm32f0xx_hal_cec.d" -MT"HAL_Driver/Src/stm32f0xx_hal_cec.o" -o "HAL_Driver/Src/stm32f0xx_hal_cec.o" "../HAL_Driver/Src/stm32f0xx_hal_cec.c"
Finished building: ../HAL_Driver/Src/stm32f0xx_hal_cec.c
 
Building file: ../HAL_Driver/Src/stm32f0xx_hal_comp.c
Invoking: MCU GCC Compiler
E:\UWB\WS_F030CC\uwb_f030cc_hal_lib\Debug
arm-none-eabi-gcc -mcpu=cortex-m0 -mthumb -mfloat-abi=soft -DSTM32F0 -DSTM32F030CCTx -DSTM32 -DUSE_HAL_DRIVER -DSTM32F030xC -I"E:/UWB/WS_F030CC/uwb_f030cc_hal_lib/CMSIS/core" -I"E:/UWB/WS_F030CC/uwb_f030cc_hal_lib/CMSIS/device" -I"E:/UWB/WS_F030CC/uwb_f030cc_hal_lib/HAL_Driver/Inc/Legacy" -I"E:/UWB/WS_F030CC/uwb_f030cc_hal_lib/HAL_Driver/Inc" -O0 -g3 -Wall -fmessage-length=0 -ffunction-sections -c -MMD -MP -MF"HAL_Driver/Src/stm32f0xx_hal_comp.d" -MT"HAL_Driver/Src/stm32f0xx_hal_comp.o" -o "HAL_Driver/Src/stm32f0xx_hal_comp.o" "../HAL_Driver/Src/stm32f0xx_hal_comp.c"
Finished building: ../HAL_Driver/Src/stm32f0xx_hal_comp.c
 
Building file: ../HAL_Driver/Src/stm32f0xx_hal_cortex.c
Invoking: MCU GCC Compiler
E:\UWB\WS_F030CC\uwb_f030cc_hal_lib\Debug
arm-none-eabi-gcc -mcpu=cortex-m0 -mthumb -mfloat-abi=soft -DSTM32F0 -DSTM32F030CCTx -DSTM32 -DUSE_HAL_DRIVER -DSTM32F030xC -I"E:/UWB/WS_F030CC/uwb_f030cc_hal_lib/CMSIS/core" -I"E:/UWB/WS_F030CC/uwb_f030cc_hal_lib/CMSIS/device" -I"E:/UWB/WS_F030CC/uwb_f030cc_hal_lib/HAL_Driver/Inc/Legacy" -I"E:/UWB/WS_F030CC/uwb_f030cc_hal_lib/HAL_Driver/Inc" -O0 -g3 -Wall -fmessage-length=0 -ffunction-sections -c -MMD -MP -MF"HAL_Driver/Src/stm32f0xx_hal_cortex.d" -MT"HAL_Driver/Src/stm32f0xx_hal_cortex.o" -o "HAL_Driver/Src/stm32f0xx_hal_cortex.o" "../HAL_Driver/Src/stm32f0xx_hal_cortex.c"
Finished building: ../HAL_Driver/Src/stm32f0xx_hal_cortex.c
 
Building file: ../HAL_Driver/Src/stm32f0xx_hal_crc.c
Invoking: MCU GCC Compiler
E:\UWB\WS_F030CC\uwb_f030cc_hal_lib\Debug
arm-none-eabi-gcc -mcpu=cortex-m0 -mthumb -mfloat-abi=soft -DSTM32F0 -DSTM32F030CCTx -DSTM32 -DUSE_HAL_DRIVER -DSTM32F030xC -I"E:/UWB/WS_F030CC/uwb_f030cc_hal_lib/CMSIS/core" -I"E:/UWB/WS_F030CC/uwb_f030cc_hal_lib/CMSIS/device" -I"E:/UWB/WS_F030CC/uwb_f030cc_hal_lib/HAL_Driver/Inc/Legacy" -I"E:/UWB/WS_F030CC/uwb_f030cc_hal_lib/HAL_Driver/Inc" -O0 -g3 -Wall -fmessage-length=0 -ffunction-sections -c -MMD -MP -MF"HAL_Driver/Src/stm32f0xx_hal_crc.d" -MT"HAL_Driver/Src/stm32f0xx_hal_crc.o" -o "HAL_Driver/Src/stm32f0xx_hal_crc.o" "../HAL_Driver/Src/stm32f0xx_hal_crc.c"
Finished building: ../HAL_Driver/Src/stm32f0xx_hal_crc.c
 
Building file: ../HAL_Driver/Src/stm32f0xx_hal_crc_ex.c
Invoking: MCU GCC Compiler
E:\UWB\WS_F030CC\uwb_f030cc_hal_lib\Debug
arm-none-eabi-gcc -mcpu=cortex-m0 -mthumb -mfloat-abi=soft -DSTM32F0 -DSTM32F030CCTx -DSTM32 -DUSE_HAL_DRIVER -DSTM32F030xC -I"E:/UWB/WS_F030CC/uwb_f030cc_hal_lib/CMSIS/core" -I"E:/UWB/WS_F030CC/uwb_f030cc_hal_lib/CMSIS/device" -I"E:/UWB/WS_F030CC/uwb_f030cc_hal_lib/HAL_Driver/Inc/Legacy" -I"E:/UWB/WS_F030CC/uwb_f030cc_hal_lib/HAL_Driver/Inc" -O0 -g3 -Wall -fmessage-length=0 -ffunction-sections -c -MMD -MP -MF"HAL_Driver/Src/stm32f0xx_hal_crc_ex.d" -MT"HAL_Driver/Src/stm32f0xx_hal_crc_ex.o" -o "HAL_Driver/Src/stm32f0xx_hal_crc_ex.o" "../HAL_Driver/Src/stm32f0xx_hal_crc_ex.c"
Finished building: ../HAL_Driver/Src/stm32f0xx_hal_crc_ex.c
 
Building file: ../HAL_Driver/Src/stm32f0xx_hal_dac.c
Invoking: MCU GCC Compiler
E:\UWB\WS_F030CC\uwb_f030cc_hal_lib\Debug
arm-none-eabi-gcc -mcpu=cortex-m0 -mthumb -mfloat-abi=soft -DSTM32F0 -DSTM32F030CCTx -DSTM32 -DUSE_HAL_DRIVER -DSTM32F030xC -I"E:/UWB/WS_F030CC/uwb_f030cc_hal_lib/CMSIS/core" -I"E:/UWB/WS_F030CC/uwb_f030cc_hal_lib/CMSIS/device" -I"E:/UWB/WS_F030CC/uwb_f030cc_hal_lib/HAL_Driver/Inc/Legacy" -I"E:/UWB/WS_F030CC/uwb_f030cc_hal_lib/HAL_Driver/Inc" -O0 -g3 -Wall -fmessage-length=0 -ffunction-sections -c -MMD -MP -MF"HAL_Driver/Src/stm32f0xx_hal_dac.d" -MT"HAL_Driver/Src/stm32f0xx_hal_dac.o" -o "HAL_Driver/Src/stm32f0xx_hal_dac.o" "../HAL_Driver/Src/stm32f0xx_hal_dac.c"
Finished building: ../HAL_Driver/Src/stm32f0xx_hal_dac.c
 
Building file: ../HAL_Driver/Src/stm32f0xx_hal_dac_ex.c
Invoking: MCU GCC Compiler
E:\UWB\WS_F030CC\uwb_f030cc_hal_lib\Debug
arm-none-eabi-gcc -mcpu=cortex-m0 -mthumb -mfloat-abi=soft -DSTM32F0 -DSTM32F030CCTx -DSTM32 -DUSE_HAL_DRIVER -DSTM32F030xC -I"E:/UWB/WS_F030CC/uwb_f030cc_hal_lib/CMSIS/core" -I"E:/UWB/WS_F030CC/uwb_f030cc_hal_lib/CMSIS/device" -I"E:/UWB/WS_F030CC/uwb_f030cc_hal_lib/HAL_Driver/Inc/Legacy" -I"E:/UWB/WS_F030CC/uwb_f030cc_hal_lib/HAL_Driver/Inc" -O0 -g3 -Wall -fmessage-length=0 -ffunction-sections -c -MMD -MP -MF"HAL_Driver/Src/stm32f0xx_hal_dac_ex.d" -MT"HAL_Driver/Src/stm32f0xx_hal_dac_ex.o" -o "HAL_Driver/Src/stm32f0xx_hal_dac_ex.o" "../HAL_Driver/Src/stm32f0xx_hal_dac_ex.c"
Finished building: ../HAL_Driver/Src/stm32f0xx_hal_dac_ex.c
 
Building file: ../HAL_Driver/Src/stm32f0xx_hal_dma.c
Invoking: MCU GCC Compiler
E:\UWB\WS_F030CC\uwb_f030cc_hal_lib\Debug
arm-none-eabi-gcc -mcpu=cortex-m0 -mthumb -mfloat-abi=soft -DSTM32F0 -DSTM32F030CCTx -DSTM32 -DUSE_HAL_DRIVER -DSTM32F030xC -I"E:/UWB/WS_F030CC/uwb_f030cc_hal_lib/CMSIS/core" -I"E:/UWB/WS_F030CC/uwb_f030cc_hal_lib/CMSIS/device" -I"E:/UWB/WS_F030CC/uwb_f030cc_hal_lib/HAL_Driver/Inc/Legacy" -I"E:/UWB/WS_F030CC/uwb_f030cc_hal_lib/HAL_Driver/Inc" -O0 -g3 -Wall -fmessage-length=0 -ffunction-sections -c -MMD -MP -MF"HAL_Driver/Src/stm32f0xx_hal_dma.d" -MT"HAL_Driver/Src/stm32f0xx_hal_dma.o" -o "HAL_Driver/Src/stm32f0xx_hal_dma.o" "../HAL_Driver/Src/stm32f0xx_hal_dma.c"
Finished building: ../HAL_Driver/Src/stm32f0xx_hal_dma.c
 
Building file: ../HAL_Driver/Src/stm32f0xx_hal_flash.c
Invoking: MCU GCC Compiler
E:\UWB\WS_F030CC\uwb_f030cc_hal_lib\Debug
arm-none-eabi-gcc -mcpu=cortex-m0 -mthumb -mfloat-abi=soft -DSTM32F0 -DSTM32F030CCTx -DSTM32 -DUSE_HAL_DRIVER -DSTM32F030xC -I"E:/UWB/WS_F030CC/uwb_f030cc_hal_lib/CMSIS/core" -I"E:/UWB/WS_F030CC/uwb_f030cc_hal_lib/CMSIS/device" -I"E:/UWB/WS_F030CC/uwb_f030cc_hal_lib/HAL_Driver/Inc/Legacy" -I"E:/UWB/WS_F030CC/uwb_f030cc_hal_lib/HAL_Driver/Inc" -O0 -g3 -Wall -fmessage-length=0 -ffunction-sections -c -MMD -MP -MF"HAL_Driver/Src/stm32f0xx_hal_flash.d" -MT"HAL_Driver/Src/stm32f0xx_hal_flash.o" -o "HAL_Driver/Src/stm32f0xx_hal_flash.o" "../HAL_Driver/Src/stm32f0xx_hal_flash.c"
Finished building: ../HAL_Driver/Src/stm32f0xx_hal_flash.c
 
Building file: ../HAL_Driver/Src/stm32f0xx_hal_flash_ex.c
Invoking: MCU GCC Compiler
E:\UWB\WS_F030CC\uwb_f030cc_hal_lib\Debug
arm-none-eabi-gcc -mcpu=cortex-m0 -mthumb -mfloat-abi=soft -DSTM32F0 -DSTM32F030CCTx -DSTM32 -DUSE_HAL_DRIVER -DSTM32F030xC -I"E:/UWB/WS_F030CC/uwb_f030cc_hal_lib/CMSIS/core" -I"E:/UWB/WS_F030CC/uwb_f030cc_hal_lib/CMSIS/device" -I"E:/UWB/WS_F030CC/uwb_f030cc_hal_lib/HAL_Driver/Inc/Legacy" -I"E:/UWB/WS_F030CC/uwb_f030cc_hal_lib/HAL_Driver/Inc" -O0 -g3 -Wall -fmessage-length=0 -ffunction-sections -c -MMD -MP -MF"HAL_Driver/Src/stm32f0xx_hal_flash_ex.d" -MT"HAL_Driver/Src/stm32f0xx_hal_flash_ex.o" -o "HAL_Driver/Src/stm32f0xx_hal_flash_ex.o" "../HAL_Driver/Src/stm32f0xx_hal_flash_ex.c"
Finished building: ../HAL_Driver/Src/stm32f0xx_hal_flash_ex.c
 
Building file: ../HAL_Driver/Src/stm32f0xx_hal_gpio.c
Invoking: MCU GCC Compiler
E:\UWB\WS_F030CC\uwb_f030cc_hal_lib\Debug
arm-none-eabi-gcc -mcpu=cortex-m0 -mthumb -mfloat-abi=soft -DSTM32F0 -DSTM32F030CCTx -DSTM32 -DUSE_HAL_DRIVER -DSTM32F030xC -I"E:/UWB/WS_F030CC/uwb_f030cc_hal_lib/CMSIS/core" -I"E:/UWB/WS_F030CC/uwb_f030cc_hal_lib/CMSIS/device" -I"E:/UWB/WS_F030CC/uwb_f030cc_hal_lib/HAL_Driver/Inc/Legacy" -I"E:/UWB/WS_F030CC/uwb_f030cc_hal_lib/HAL_Driver/Inc" -O0 -g3 -Wall -fmessage-length=0 -ffunction-sections -c -MMD -MP -MF"HAL_Driver/Src/stm32f0xx_hal_gpio.d" -MT"HAL_Driver/Src/stm32f0xx_hal_gpio.o" -o "HAL_Driver/Src/stm32f0xx_hal_gpio.o" "../HAL_Driver/Src/stm32f0xx_hal_gpio.c"
Finished building: ../HAL_Driver/Src/stm32f0xx_hal_gpio.c
 
Building file: ../HAL_Driver/Src/stm32f0xx_hal_i2c.c
Invoking: MCU GCC Compiler
E:\UWB\WS_F030CC\uwb_f030cc_hal_lib\Debug
arm-none-eabi-gcc -mcpu=cortex-m0 -mthumb -mfloat-abi=soft -DSTM32F0 -DSTM32F030CCTx -DSTM32 -DUSE_HAL_DRIVER -DSTM32F030xC -I"E:/UWB/WS_F030CC/uwb_f030cc_hal_lib/CMSIS/core" -I"E:/UWB/WS_F030CC/uwb_f030cc_hal_lib/CMSIS/device" -I"E:/UWB/WS_F030CC/uwb_f030cc_hal_lib/HAL_Driver/Inc/Legacy" -I"E:/UWB/WS_F030CC/uwb_f030cc_hal_lib/HAL_Driver/Inc" -O0 -g3 -Wall -fmessage-length=0 -ffunction-sections -c -MMD -MP -MF"HAL_Driver/Src/stm32f0xx_hal_i2c.d" -MT"HAL_Driver/Src/stm32f0xx_hal_i2c.o" -o "HAL_Driver/Src/stm32f0xx_hal_i2c.o" "../HAL_Driver/Src/stm32f0xx_hal_i2c.c"
Finished building: ../HAL_Driver/Src/stm32f0xx_hal_i2c.c
 
Building file: ../HAL_Driver/Src/stm32f0xx_hal_i2c_ex.c
Invoking: MCU GCC Compiler
E:\UWB\WS_F030CC\uwb_f030cc_hal_lib\Debug
arm-none-eabi-gcc -mcpu=cortex-m0 -mthumb -mfloat-abi=soft -DSTM32F0 -DSTM32F030CCTx -DSTM32 -DUSE_HAL_DRIVER -DSTM32F030xC -I"E:/UWB/WS_F030CC/uwb_f030cc_hal_lib/CMSIS/core" -I"E:/UWB/WS_F030CC/uwb_f030cc_hal_lib/CMSIS/device" -I"E:/UWB/WS_F030CC/uwb_f030cc_hal_lib/HAL_Driver/Inc/Legacy" -I"E:/UWB/WS_F030CC/uwb_f030cc_hal_lib/HAL_Driver/Inc" -O0 -g3 -Wall -fmessage-length=0 -ffunction-sections -c -MMD -MP -MF"HAL_Driver/Src/stm32f0xx_hal_i2c_ex.d" -MT"HAL_Driver/Src/stm32f0xx_hal_i2c_ex.o" -o "HAL_Driver/Src/stm32f0xx_hal_i2c_ex.o" "../HAL_Driver/Src/stm32f0xx_hal_i2c_ex.c"
Finished building: ../HAL_Driver/Src/stm32f0xx_hal_i2c_ex.c
 
Building file: ../HAL_Driver/Src/stm32f0xx_hal_i2s.c
Invoking: MCU GCC Compiler
E:\UWB\WS_F030CC\uwb_f030cc_hal_lib\Debug
arm-none-eabi-gcc -mcpu=cortex-m0 -mthumb -mfloat-abi=soft -DSTM32F0 -DSTM32F030CCTx -DSTM32 -DUSE_HAL_DRIVER -DSTM32F030xC -I"E:/UWB/WS_F030CC/uwb_f030cc_hal_lib/CMSIS/core" -I"E:/UWB/WS_F030CC/uwb_f030cc_hal_lib/CMSIS/device" -I"E:/UWB/WS_F030CC/uwb_f030cc_hal_lib/HAL_Driver/Inc/Legacy" -I"E:/UWB/WS_F030CC/uwb_f030cc_hal_lib/HAL_Driver/Inc" -O0 -g3 -Wall -fmessage-length=0 -ffunction-sections -c -MMD -MP -MF"HAL_Driver/Src/stm32f0xx_hal_i2s.d" -MT"HAL_Driver/Src/stm32f0xx_hal_i2s.o" -o "HAL_Driver/Src/stm32f0xx_hal_i2s.o" "../HAL_Driver/Src/stm32f0xx_hal_i2s.c"
Finished building: ../HAL_Driver/Src/stm32f0xx_hal_i2s.c
 
Building file: ../HAL_Driver/Src/stm32f0xx_hal_irda.c
Invoking: MCU GCC Compiler
E:\UWB\WS_F030CC\uwb_f030cc_hal_lib\Debug
arm-none-eabi-gcc -mcpu=cortex-m0 -mthumb -mfloat-abi=soft -DSTM32F0 -DSTM32F030CCTx -DSTM32 -DUSE_HAL_DRIVER -DSTM32F030xC -I"E:/UWB/WS_F030CC/uwb_f030cc_hal_lib/CMSIS/core" -I"E:/UWB/WS_F030CC/uwb_f030cc_hal_lib/CMSIS/device" -I"E:/UWB/WS_F030CC/uwb_f030cc_hal_lib/HAL_Driver/Inc/Legacy" -I"E:/UWB/WS_F030CC/uwb_f030cc_hal_lib/HAL_Driver/Inc" -O0 -g3 -Wall -fmessage-length=0 -ffunction-sections -c -MMD -MP -MF"HAL_Driver/Src/stm32f0xx_hal_irda.d" -MT"HAL_Driver/Src/stm32f0xx_hal_irda.o" -o "HAL_Driver/Src/stm32f0xx_hal_irda.o" "../HAL_Driver/Src/stm32f0xx_hal_irda.c"
Finished building: ../HAL_Driver/Src/stm32f0xx_hal_irda.c
 
Building file: ../HAL_Driver/Src/stm32f0xx_hal_iwdg.c
Invoking: MCU GCC Compiler
E:\UWB\WS_F030CC\uwb_f030cc_hal_lib\Debug
arm-none-eabi-gcc -mcpu=cortex-m0 -mthumb -mfloat-abi=soft -DSTM32F0 -DSTM32F030CCTx -DSTM32 -DUSE_HAL_DRIVER -DSTM32F030xC -I"E:/UWB/WS_F030CC/uwb_f030cc_hal_lib/CMSIS/core" -I"E:/UWB/WS_F030CC/uwb_f030cc_hal_lib/CMSIS/device" -I"E:/UWB/WS_F030CC/uwb_f030cc_hal_lib/HAL_Driver/Inc/Legacy" -I"E:/UWB/WS_F030CC/uwb_f030cc_hal_lib/HAL_Driver/Inc" -O0 -g3 -Wall -fmessage-length=0 -ffunction-sections -c -MMD -MP -MF"HAL_Driver/Src/stm32f0xx_hal_iwdg.d" -MT"HAL_Driver/Src/stm32f0xx_hal_iwdg.o" -o "HAL_Driver/Src/stm32f0xx_hal_iwdg.o" "../HAL_Driver/Src/stm32f0xx_hal_iwdg.c"
Finished building: ../HAL_Driver/Src/stm32f0xx_hal_iwdg.c
 
Building file: ../HAL_Driver/Src/stm32f0xx_hal_msp_template.c
Invoking: MCU GCC Compiler
E:\UWB\WS_F030CC\uwb_f030cc_hal_lib\Debug
arm-none-eabi-gcc -mcpu=cortex-m0 -mthumb -mfloat-abi=soft -DSTM32F0 -DSTM32F030CCTx -DSTM32 -DUSE_HAL_DRIVER -DSTM32F030xC -I"E:/UWB/WS_F030CC/uwb_f030cc_hal_lib/CMSIS/core" -I"E:/UWB/WS_F030CC/uwb_f030cc_hal_lib/CMSIS/device" -I"E:/UWB/WS_F030CC/uwb_f030cc_hal_lib/HAL_Driver/Inc/Legacy" -I"E:/UWB/WS_F030CC/uwb_f030cc_hal_lib/HAL_Driver/Inc" -O0 -g3 -Wall -fmessage-length=0 -ffunction-sections -c -MMD -MP -MF"HAL_Driver/Src/stm32f0xx_hal_msp_template.d" -MT"HAL_Driver/Src/stm32f0xx_hal_msp_template.o" -o "HAL_Driver/Src/stm32f0xx_hal_msp_template.o" "../HAL_Driver/Src/stm32f0xx_hal_msp_template.c"
Finished building: ../HAL_Driver/Src/stm32f0xx_hal_msp_template.c
 
Building file: ../HAL_Driver/Src/stm32f0xx_hal_pcd.c
Invoking: MCU GCC Compiler
E:\UWB\WS_F030CC\uwb_f030cc_hal_lib\Debug
arm-none-eabi-gcc -mcpu=cortex-m0 -mthumb -mfloat-abi=soft -DSTM32F0 -DSTM32F030CCTx -DSTM32 -DUSE_HAL_DRIVER -DSTM32F030xC -I"E:/UWB/WS_F030CC/uwb_f030cc_hal_lib/CMSIS/core" -I"E:/UWB/WS_F030CC/uwb_f030cc_hal_lib/CMSIS/device" -I"E:/UWB/WS_F030CC/uwb_f030cc_hal_lib/HAL_Driver/Inc/Legacy" -I"E:/UWB/WS_F030CC/uwb_f030cc_hal_lib/HAL_Driver/Inc" -O0 -g3 -Wall -fmessage-length=0 -ffunction-sections -c -MMD -MP -MF"HAL_Driver/Src/stm32f0xx_hal_pcd.d" -MT"HAL_Driver/Src/stm32f0xx_hal_pcd.o" -o "HAL_Driver/Src/stm32f0xx_hal_pcd.o" "../HAL_Driver/Src/stm32f0xx_hal_pcd.c"
Finished building: ../HAL_Driver/Src/stm32f0xx_hal_pcd.c
 
Building file: ../HAL_Driver/Src/stm32f0xx_hal_pcd_ex.c
Invoking: MCU GCC Compiler
E:\UWB\WS_F030CC\uwb_f030cc_hal_lib\Debug
arm-none-eabi-gcc -mcpu=cortex-m0 -mthumb -mfloat-abi=soft -DSTM32F0 -DSTM32F030CCTx -DSTM32 -DUSE_HAL_DRIVER -DSTM32F030xC -I"E:/UWB/WS_F030CC/uwb_f030cc_hal_lib/CMSIS/core" -I"E:/UWB/WS_F030CC/uwb_f030cc_hal_lib/CMSIS/device" -I"E:/UWB/WS_F030CC/uwb_f030cc_hal_lib/HAL_Driver/Inc/Legacy" -I"E:/UWB/WS_F030CC/uwb_f030cc_hal_lib/HAL_Driver/Inc" -O0 -g3 -Wall -fmessage-length=0 -ffunction-sections -c -MMD -MP -MF"HAL_Driver/Src/stm32f0xx_hal_pcd_ex.d" -MT"HAL_Driver/Src/stm32f0xx_hal_pcd_ex.o" -o "HAL_Driver/Src/stm32f0xx_hal_pcd_ex.o" "../HAL_Driver/Src/stm32f0xx_hal_pcd_ex.c"
Finished building: ../HAL_Driver/Src/stm32f0xx_hal_pcd_ex.c
 
Building file: ../HAL_Driver/Src/stm32f0xx_hal_pwr.c
Invoking: MCU GCC Compiler
E:\UWB\WS_F030CC\uwb_f030cc_hal_lib\Debug
arm-none-eabi-gcc -mcpu=cortex-m0 -mthumb -mfloat-abi=soft -DSTM32F0 -DSTM32F030CCTx -DSTM32 -DUSE_HAL_DRIVER -DSTM32F030xC -I"E:/UWB/WS_F030CC/uwb_f030cc_hal_lib/CMSIS/core" -I"E:/UWB/WS_F030CC/uwb_f030cc_hal_lib/CMSIS/device" -I"E:/UWB/WS_F030CC/uwb_f030cc_hal_lib/HAL_Driver/Inc/Legacy" -I"E:/UWB/WS_F030CC/uwb_f030cc_hal_lib/HAL_Driver/Inc" -O0 -g3 -Wall -fmessage-length=0 -ffunction-sections -c -MMD -MP -MF"HAL_Driver/Src/stm32f0xx_hal_pwr.d" -MT"HAL_Driver/Src/stm32f0xx_hal_pwr.o" -o "HAL_Driver/Src/stm32f0xx_hal_pwr.o" "../HAL_Driver/Src/stm32f0xx_hal_pwr.c"
Finished building: ../HAL_Driver/Src/stm32f0xx_hal_pwr.c
 
Building file: ../HAL_Driver/Src/stm32f0xx_hal_pwr_ex.c
Invoking: MCU GCC Compiler
E:\UWB\WS_F030CC\uwb_f030cc_hal_lib\Debug
arm-none-eabi-gcc -mcpu=cortex-m0 -mthumb -mfloat-abi=soft -DSTM32F0 -DSTM32F030CCTx -DSTM32 -DUSE_HAL_DRIVER -DSTM32F030xC -I"E:/UWB/WS_F030CC/uwb_f030cc_hal_lib/CMSIS/core" -I"E:/UWB/WS_F030CC/uwb_f030cc_hal_lib/CMSIS/device" -I"E:/UWB/WS_F030CC/uwb_f030cc_hal_lib/HAL_Driver/Inc/Legacy" -I"E:/UWB/WS_F030CC/uwb_f030cc_hal_lib/HAL_Driver/Inc" -O0 -g3 -Wall -fmessage-length=0 -ffunction-sections -c -MMD -MP -MF"HAL_Driver/Src/stm32f0xx_hal_pwr_ex.d" -MT"HAL_Driver/Src/stm32f0xx_hal_pwr_ex.o" -o "HAL_Driver/Src/stm32f0xx_hal_pwr_ex.o" "../HAL_Driver/Src/stm32f0xx_hal_pwr_ex.c"
Finished building: ../HAL_Driver/Src/stm32f0xx_hal_pwr_ex.c
 
Building file: ../HAL_Driver/Src/stm32f0xx_hal_rcc.c
Invoking: MCU GCC Compiler
E:\UWB\WS_F030CC\uwb_f030cc_hal_lib\Debug
arm-none-eabi-gcc -mcpu=cortex-m0 -mthumb -mfloat-abi=soft -DSTM32F0 -DSTM32F030CCTx -DSTM32 -DUSE_HAL_DRIVER -DSTM32F030xC -I"E:/UWB/WS_F030CC/uwb_f030cc_hal_lib/CMSIS/core" -I"E:/UWB/WS_F030CC/uwb_f030cc_hal_lib/CMSIS/device" -I"E:/UWB/WS_F030CC/uwb_f030cc_hal_lib/HAL_Driver/Inc/Legacy" -I"E:/UWB/WS_F030CC/uwb_f030cc_hal_lib/HAL_Driver/Inc" -O0 -g3 -Wall -fmessage-length=0 -ffunction-sections -c -MMD -MP -MF"HAL_Driver/Src/stm32f0xx_hal_rcc.d" -MT"HAL_Driver/Src/stm32f0xx_hal_rcc.o" -o "HAL_Driver/Src/stm32f0xx_hal_rcc.o" "../HAL_Driver/Src/stm32f0xx_hal_rcc.c"
Finished building: ../HAL_Driver/Src/stm32f0xx_hal_rcc.c
 
Building file: ../HAL_Driver/Src/stm32f0xx_hal_rcc_ex.c
Invoking: MCU GCC Compiler
E:\UWB\WS_F030CC\uwb_f030cc_hal_lib\Debug
arm-none-eabi-gcc -mcpu=cortex-m0 -mthumb -mfloat-abi=soft -DSTM32F0 -DSTM32F030CCTx -DSTM32 -DUSE_HAL_DRIVER -DSTM32F030xC -I"E:/UWB/WS_F030CC/uwb_f030cc_hal_lib/CMSIS/core" -I"E:/UWB/WS_F030CC/uwb_f030cc_hal_lib/CMSIS/device" -I"E:/UWB/WS_F030CC/uwb_f030cc_hal_lib/HAL_Driver/Inc/Legacy" -I"E:/UWB/WS_F030CC/uwb_f030cc_hal_lib/HAL_Driver/Inc" -O0 -g3 -Wall -fmessage-length=0 -ffunction-sections -c -MMD -MP -MF"HAL_Driver/Src/stm32f0xx_hal_rcc_ex.d" -MT"HAL_Driver/Src/stm32f0xx_hal_rcc_ex.o" -o "HAL_Driver/Src/stm32f0xx_hal_rcc_ex.o" "../HAL_Driver/Src/stm32f0xx_hal_rcc_ex.c"
Finished building: ../HAL_Driver/Src/stm32f0xx_hal_rcc_ex.c
 
Building file: ../HAL_Driver/Src/stm32f0xx_hal_rtc.c
Invoking: MCU GCC Compiler
E:\UWB\WS_F030CC\uwb_f030cc_hal_lib\Debug
arm-none-eabi-gcc -mcpu=cortex-m0 -mthumb -mfloat-abi=soft -DSTM32F0 -DSTM32F030CCTx -DSTM32 -DUSE_HAL_DRIVER -DSTM32F030xC -I"E:/UWB/WS_F030CC/uwb_f030cc_hal_lib/CMSIS/core" -I"E:/UWB/WS_F030CC/uwb_f030cc_hal_lib/CMSIS/device" -I"E:/UWB/WS_F030CC/uwb_f030cc_hal_lib/HAL_Driver/Inc/Legacy" -I"E:/UWB/WS_F030CC/uwb_f030cc_hal_lib/HAL_Driver/Inc" -O0 -g3 -Wall -fmessage-length=0 -ffunction-sections -c -MMD -MP -MF"HAL_Driver/Src/stm32f0xx_hal_rtc.d" -MT"HAL_Driver/Src/stm32f0xx_hal_rtc.o" -o "HAL_Driver/Src/stm32f0xx_hal_rtc.o" "../HAL_Driver/Src/stm32f0xx_hal_rtc.c"
Finished building: ../HAL_Driver/Src/stm32f0xx_hal_rtc.c
 
Building file: ../HAL_Driver/Src/stm32f0xx_hal_rtc_ex.c
Invoking: MCU GCC Compiler
E:\UWB\WS_F030CC\uwb_f030cc_hal_lib\Debug
arm-none-eabi-gcc -mcpu=cortex-m0 -mthumb -mfloat-abi=soft -DSTM32F0 -DSTM32F030CCTx -DSTM32 -DUSE_HAL_DRIVER -DSTM32F030xC -I"E:/UWB/WS_F030CC/uwb_f030cc_hal_lib/CMSIS/core" -I"E:/UWB/WS_F030CC/uwb_f030cc_hal_lib/CMSIS/device" -I"E:/UWB/WS_F030CC/uwb_f030cc_hal_lib/HAL_Driver/Inc/Legacy" -I"E:/UWB/WS_F030CC/uwb_f030cc_hal_lib/HAL_Driver/Inc" -O0 -g3 -Wall -fmessage-length=0 -ffunction-sections -c -MMD -MP -MF"HAL_Driver/Src/stm32f0xx_hal_rtc_ex.d" -MT"HAL_Driver/Src/stm32f0xx_hal_rtc_ex.o" -o "HAL_Driver/Src/stm32f0xx_hal_rtc_ex.o" "../HAL_Driver/Src/stm32f0xx_hal_rtc_ex.c"
Finished building: ../HAL_Driver/Src/stm32f0xx_hal_rtc_ex.c
 
Building file: ../HAL_Driver/Src/stm32f0xx_hal_smartcard.c
Invoking: MCU GCC Compiler
E:\UWB\WS_F030CC\uwb_f030cc_hal_lib\Debug
arm-none-eabi-gcc -mcpu=cortex-m0 -mthumb -mfloat-abi=soft -DSTM32F0 -DSTM32F030CCTx -DSTM32 -DUSE_HAL_DRIVER -DSTM32F030xC -I"E:/UWB/WS_F030CC/uwb_f030cc_hal_lib/CMSIS/core" -I"E:/UWB/WS_F030CC/uwb_f030cc_hal_lib/CMSIS/device" -I"E:/UWB/WS_F030CC/uwb_f030cc_hal_lib/HAL_Driver/Inc/Legacy" -I"E:/UWB/WS_F030CC/uwb_f030cc_hal_lib/HAL_Driver/Inc" -O0 -g3 -Wall -fmessage-length=0 -ffunction-sections -c -MMD -MP -MF"HAL_Driver/Src/stm32f0xx_hal_smartcard.d" -MT"HAL_Driver/Src/stm32f0xx_hal_smartcard.o" -o "HAL_Driver/Src/stm32f0xx_hal_smartcard.o" "../HAL_Driver/Src/stm32f0xx_hal_smartcard.c"
Finished building: ../HAL_Driver/Src/stm32f0xx_hal_smartcard.c
 
Building file: ../HAL_Driver/Src/stm32f0xx_hal_smartcard_ex.c
Invoking: MCU GCC Compiler
E:\UWB\WS_F030CC\uwb_f030cc_hal_lib\Debug
arm-none-eabi-gcc -mcpu=cortex-m0 -mthumb -mfloat-abi=soft -DSTM32F0 -DSTM32F030CCTx -DSTM32 -DUSE_HAL_DRIVER -DSTM32F030xC -I"E:/UWB/WS_F030CC/uwb_f030cc_hal_lib/CMSIS/core" -I"E:/UWB/WS_F030CC/uwb_f030cc_hal_lib/CMSIS/device" -I"E:/UWB/WS_F030CC/uwb_f030cc_hal_lib/HAL_Driver/Inc/Legacy" -I"E:/UWB/WS_F030CC/uwb_f030cc_hal_lib/HAL_Driver/Inc" -O0 -g3 -Wall -fmessage-length=0 -ffunction-sections -c -MMD -MP -MF"HAL_Driver/Src/stm32f0xx_hal_smartcard_ex.d" -MT"HAL_Driver/Src/stm32f0xx_hal_smartcard_ex.o" -o "HAL_Driver/Src/stm32f0xx_hal_smartcard_ex.o" "../HAL_Driver/Src/stm32f0xx_hal_smartcard_ex.c"
Finished building: ../HAL_Driver/Src/stm32f0xx_hal_smartcard_ex.c
 
Building file: ../HAL_Driver/Src/stm32f0xx_hal_smbus.c
Invoking: MCU GCC Compiler
E:\UWB\WS_F030CC\uwb_f030cc_hal_lib\Debug
arm-none-eabi-gcc -mcpu=cortex-m0 -mthumb -mfloat-abi=soft -DSTM32F0 -DSTM32F030CCTx -DSTM32 -DUSE_HAL_DRIVER -DSTM32F030xC -I"E:/UWB/WS_F030CC/uwb_f030cc_hal_lib/CMSIS/core" -I"E:/UWB/WS_F030CC/uwb_f030cc_hal_lib/CMSIS/device" -I"E:/UWB/WS_F030CC/uwb_f030cc_hal_lib/HAL_Driver/Inc/Legacy" -I"E:/UWB/WS_F030CC/uwb_f030cc_hal_lib/HAL_Driver/Inc" -O0 -g3 -Wall -fmessage-length=0 -ffunction-sections -c -MMD -MP -MF"HAL_Driver/Src/stm32f0xx_hal_smbus.d" -MT"HAL_Driver/Src/stm32f0xx_hal_smbus.o" -o "HAL_Driver/Src/stm32f0xx_hal_smbus.o" "../HAL_Driver/Src/stm32f0xx_hal_smbus.c"
Finished building: ../HAL_Driver/Src/stm32f0xx_hal_smbus.c
 
Building file: ../HAL_Driver/Src/stm32f0xx_hal_spi.c
Invoking: MCU GCC Compiler
E:\UWB\WS_F030CC\uwb_f030cc_hal_lib\Debug
arm-none-eabi-gcc -mcpu=cortex-m0 -mthumb -mfloat-abi=soft -DSTM32F0 -DSTM32F030CCTx -DSTM32 -DUSE_HAL_DRIVER -DSTM32F030xC -I"E:/UWB/WS_F030CC/uwb_f030cc_hal_lib/CMSIS/core" -I"E:/UWB/WS_F030CC/uwb_f030cc_hal_lib/CMSIS/device" -I"E:/UWB/WS_F030CC/uwb_f030cc_hal_lib/HAL_Driver/Inc/Legacy" -I"E:/UWB/WS_F030CC/uwb_f030cc_hal_lib/HAL_Driver/Inc" -O0 -g3 -Wall -fmessage-length=0 -ffunction-sections -c -MMD -MP -MF"HAL_Driver/Src/stm32f0xx_hal_spi.d" -MT"HAL_Driver/Src/stm32f0xx_hal_spi.o" -o "HAL_Driver/Src/stm32f0xx_hal_spi.o" "../HAL_Driver/Src/stm32f0xx_hal_spi.c"
Finished building: ../HAL_Driver/Src/stm32f0xx_hal_spi.c
 
Building file: ../HAL_Driver/Src/stm32f0xx_hal_spi_ex.c
Invoking: MCU GCC Compiler
E:\UWB\WS_F030CC\uwb_f030cc_hal_lib\Debug
arm-none-eabi-gcc -mcpu=cortex-m0 -mthumb -mfloat-abi=soft -DSTM32F0 -DSTM32F030CCTx -DSTM32 -DUSE_HAL_DRIVER -DSTM32F030xC -I"E:/UWB/WS_F030CC/uwb_f030cc_hal_lib/CMSIS/core" -I"E:/UWB/WS_F030CC/uwb_f030cc_hal_lib/CMSIS/device" -I"E:/UWB/WS_F030CC/uwb_f030cc_hal_lib/HAL_Driver/Inc/Legacy" -I"E:/UWB/WS_F030CC/uwb_f030cc_hal_lib/HAL_Driver/Inc" -O0 -g3 -Wall -fmessage-length=0 -ffunction-sections -c -MMD -MP -MF"HAL_Driver/Src/stm32f0xx_hal_spi_ex.d" -MT"HAL_Driver/Src/stm32f0xx_hal_spi_ex.o" -o "HAL_Driver/Src/stm32f0xx_hal_spi_ex.o" "../HAL_Driver/Src/stm32f0xx_hal_spi_ex.c"
Finished building: ../HAL_Driver/Src/stm32f0xx_hal_spi_ex.c
 
Building file: ../HAL_Driver/Src/stm32f0xx_hal_tim.c
Invoking: MCU GCC Compiler
E:\UWB\WS_F030CC\uwb_f030cc_hal_lib\Debug
arm-none-eabi-gcc -mcpu=cortex-m0 -mthumb -mfloat-abi=soft -DSTM32F0 -DSTM32F030CCTx -DSTM32 -DUSE_HAL_DRIVER -DSTM32F030xC -I"E:/UWB/WS_F030CC/uwb_f030cc_hal_lib/CMSIS/core" -I"E:/UWB/WS_F030CC/uwb_f030cc_hal_lib/CMSIS/device" -I"E:/UWB/WS_F030CC/uwb_f030cc_hal_lib/HAL_Driver/Inc/Legacy" -I"E:/UWB/WS_F030CC/uwb_f030cc_hal_lib/HAL_Driver/Inc" -O0 -g3 -Wall -fmessage-length=0 -ffunction-sections -c -MMD -MP -MF"HAL_Driver/Src/stm32f0xx_hal_tim.d" -MT"HAL_Driver/Src/stm32f0xx_hal_tim.o" -o "HAL_Driver/Src/stm32f0xx_hal_tim.o" "../HAL_Driver/Src/stm32f0xx_hal_tim.c"
Finished building: ../HAL_Driver/Src/stm32f0xx_hal_tim.c
 
Building file: ../HAL_Driver/Src/stm32f0xx_hal_tim_ex.c
Invoking: MCU GCC Compiler
E:\UWB\WS_F030CC\uwb_f030cc_hal_lib\Debug
arm-none-eabi-gcc -mcpu=cortex-m0 -mthumb -mfloat-abi=soft -DSTM32F0 -DSTM32F030CCTx -DSTM32 -DUSE_HAL_DRIVER -DSTM32F030xC -I"E:/UWB/WS_F030CC/uwb_f030cc_hal_lib/CMSIS/core" -I"E:/UWB/WS_F030CC/uwb_f030cc_hal_lib/CMSIS/device" -I"E:/UWB/WS_F030CC/uwb_f030cc_hal_lib/HAL_Driver/Inc/Legacy" -I"E:/UWB/WS_F030CC/uwb_f030cc_hal_lib/HAL_Driver/Inc" -O0 -g3 -Wall -fmessage-length=0 -ffunction-sections -c -MMD -MP -MF"HAL_Driver/Src/stm32f0xx_hal_tim_ex.d" -MT"HAL_Driver/Src/stm32f0xx_hal_tim_ex.o" -o "HAL_Driver/Src/stm32f0xx_hal_tim_ex.o" "../HAL_Driver/Src/stm32f0xx_hal_tim_ex.c"
Finished building: ../HAL_Driver/Src/stm32f0xx_hal_tim_ex.c
 
Building file: ../HAL_Driver/Src/stm32f0xx_hal_tsc.c
Invoking: MCU GCC Compiler
E:\UWB\WS_F030CC\uwb_f030cc_hal_lib\Debug
arm-none-eabi-gcc -mcpu=cortex-m0 -mthumb -mfloat-abi=soft -DSTM32F0 -DSTM32F030CCTx -DSTM32 -DUSE_HAL_DRIVER -DSTM32F030xC -I"E:/UWB/WS_F030CC/uwb_f030cc_hal_lib/CMSIS/core" -I"E:/UWB/WS_F030CC/uwb_f030cc_hal_lib/CMSIS/device" -I"E:/UWB/WS_F030CC/uwb_f030cc_hal_lib/HAL_Driver/Inc/Legacy" -I"E:/UWB/WS_F030CC/uwb_f030cc_hal_lib/HAL_Driver/Inc" -O0 -g3 -Wall -fmessage-length=0 -ffunction-sections -c -MMD -MP -MF"HAL_Driver/Src/stm32f0xx_hal_tsc.d" -MT"HAL_Driver/Src/stm32f0xx_hal_tsc.o" -o "HAL_Driver/Src/stm32f0xx_hal_tsc.o" "../HAL_Driver/Src/stm32f0xx_hal_tsc.c"
Finished building: ../HAL_Driver/Src/stm32f0xx_hal_tsc.c
 
Building file: ../HAL_Driver/Src/stm32f0xx_hal_uart.c
Invoking: MCU GCC Compiler
E:\UWB\WS_F030CC\uwb_f030cc_hal_lib\Debug
arm-none-eabi-gcc -mcpu=cortex-m0 -mthumb -mfloat-abi=soft -DSTM32F0 -DSTM32F030CCTx -DSTM32 -DUSE_HAL_DRIVER -DSTM32F030xC -I"E:/UWB/WS_F030CC/uwb_f030cc_hal_lib/CMSIS/core" -I"E:/UWB/WS_F030CC/uwb_f030cc_hal_lib/CMSIS/device" -I"E:/UWB/WS_F030CC/uwb_f030cc_hal_lib/HAL_Driver/Inc/Legacy" -I"E:/UWB/WS_F030CC/uwb_f030cc_hal_lib/HAL_Driver/Inc" -O0 -g3 -Wall -fmessage-length=0 -ffunction-sections -c -MMD -MP -MF"HAL_Driver/Src/stm32f0xx_hal_uart.d" -MT"HAL_Driver/Src/stm32f0xx_hal_uart.o" -o "HAL_Driver/Src/stm32f0xx_hal_uart.o" "../HAL_Driver/Src/stm32f0xx_hal_uart.c"
Finished building: ../HAL_Driver/Src/stm32f0xx_hal_uart.c
 
Building file: ../HAL_Driver/Src/stm32f0xx_hal_uart_ex.c
Invoking: MCU GCC Compiler
E:\UWB\WS_F030CC\uwb_f030cc_hal_lib\Debug
arm-none-eabi-gcc -mcpu=cortex-m0 -mthumb -mfloat-abi=soft -DSTM32F0 -DSTM32F030CCTx -DSTM32 -DUSE_HAL_DRIVER -DSTM32F030xC -I"E:/UWB/WS_F030CC/uwb_f030cc_hal_lib/CMSIS/core" -I"E:/UWB/WS_F030CC/uwb_f030cc_hal_lib/CMSIS/device" -I"E:/UWB/WS_F030CC/uwb_f030cc_hal_lib/HAL_Driver/Inc/Legacy" -I"E:/UWB/WS_F030CC/uwb_f030cc_hal_lib/HAL_Driver/Inc" -O0 -g3 -Wall -fmessage-length=0 -ffunction-sections -c -MMD -MP -MF"HAL_Driver/Src/stm32f0xx_hal_uart_ex.d" -MT"HAL_Driver/Src/stm32f0xx_hal_uart_ex.o" -o "HAL_Driver/Src/stm32f0xx_hal_uart_ex.o" "../HAL_Driver/Src/stm32f0xx_hal_uart_ex.c"
Finished building: ../HAL_Driver/Src/stm32f0xx_hal_uart_ex.c
 
Building file: ../HAL_Driver/Src/stm32f0xx_hal_usart.c
Invoking: MCU GCC Compiler
E:\UWB\WS_F030CC\uwb_f030cc_hal_lib\Debug
arm-none-eabi-gcc -mcpu=cortex-m0 -mthumb -mfloat-abi=soft -DSTM32F0 -DSTM32F030CCTx -DSTM32 -DUSE_HAL_DRIVER -DSTM32F030xC -I"E:/UWB/WS_F030CC/uwb_f030cc_hal_lib/CMSIS/core" -I"E:/UWB/WS_F030CC/uwb_f030cc_hal_lib/CMSIS/device" -I"E:/UWB/WS_F030CC/uwb_f030cc_hal_lib/HAL_Driver/Inc/Legacy" -I"E:/UWB/WS_F030CC/uwb_f030cc_hal_lib/HAL_Driver/Inc" -O0 -g3 -Wall -fmessage-length=0 -ffunction-sections -c -MMD -MP -MF"HAL_Driver/Src/stm32f0xx_hal_usart.d" -MT"HAL_Driver/Src/stm32f0xx_hal_usart.o" -o "HAL_Driver/Src/stm32f0xx_hal_usart.o" "../HAL_Driver/Src/stm32f0xx_hal_usart.c"
Finished building: ../HAL_Driver/Src/stm32f0xx_hal_usart.c
 
Building file: ../HAL_Driver/Src/stm32f0xx_hal_wwdg.c
Invoking: MCU GCC Compiler
E:\UWB\WS_F030CC\uwb_f030cc_hal_lib\Debug
arm-none-eabi-gcc -mcpu=cortex-m0 -mthumb -mfloat-abi=soft -DSTM32F0 -DSTM32F030CCTx -DSTM32 -DUSE_HAL_DRIVER -DSTM32F030xC -I"E:/UWB/WS_F030CC/uwb_f030cc_hal_lib/CMSIS/core" -I"E:/UWB/WS_F030CC/uwb_f030cc_hal_lib/CMSIS/device" -I"E:/UWB/WS_F030CC/uwb_f030cc_hal_lib/HAL_Driver/Inc/Legacy" -I"E:/UWB/WS_F030CC/uwb_f030cc_hal_lib/HAL_Driver/Inc" -O0 -g3 -Wall -fmessage-length=0 -ffunction-sections -c -MMD -MP -MF"HAL_Driver/Src/stm32f0xx_hal_wwdg.d" -MT"HAL_Driver/Src/stm32f0xx_hal_wwdg.o" -o "HAL_Driver/Src/stm32f0xx_hal_wwdg.o" "../HAL_Driver/Src/stm32f0xx_hal_wwdg.c"
Finished building: ../HAL_Driver/Src/stm32f0xx_hal_wwdg.c
 
Building file: ../HAL_Driver/Src/stm32f0xx_ll_adc.c
Invoking: MCU GCC Compiler
E:\UWB\WS_F030CC\uwb_f030cc_hal_lib\Debug
arm-none-eabi-gcc -mcpu=cortex-m0 -mthumb -mfloat-abi=soft -DSTM32F0 -DSTM32F030CCTx -DSTM32 -DUSE_HAL_DRIVER -DSTM32F030xC -I"E:/UWB/WS_F030CC/uwb_f030cc_hal_lib/CMSIS/core" -I"E:/UWB/WS_F030CC/uwb_f030cc_hal_lib/CMSIS/device" -I"E:/UWB/WS_F030CC/uwb_f030cc_hal_lib/HAL_Driver/Inc/Legacy" -I"E:/UWB/WS_F030CC/uwb_f030cc_hal_lib/HAL_Driver/Inc" -O0 -g3 -Wall -fmessage-length=0 -ffunction-sections -c -MMD -MP -MF"HAL_Driver/Src/stm32f0xx_ll_adc.d" -MT"HAL_Driver/Src/stm32f0xx_ll_adc.o" -o "HAL_Driver/Src/stm32f0xx_ll_adc.o" "../HAL_Driver/Src/stm32f0xx_ll_adc.c"
Finished building: ../HAL_Driver/Src/stm32f0xx_ll_adc.c
 
Building file: ../HAL_Driver/Src/stm32f0xx_ll_comp.c
Invoking: MCU GCC Compiler
E:\UWB\WS_F030CC\uwb_f030cc_hal_lib\Debug
arm-none-eabi-gcc -mcpu=cortex-m0 -mthumb -mfloat-abi=soft -DSTM32F0 -DSTM32F030CCTx -DSTM32 -DUSE_HAL_DRIVER -DSTM32F030xC -I"E:/UWB/WS_F030CC/uwb_f030cc_hal_lib/CMSIS/core" -I"E:/UWB/WS_F030CC/uwb_f030cc_hal_lib/CMSIS/device" -I"E:/UWB/WS_F030CC/uwb_f030cc_hal_lib/HAL_Driver/Inc/Legacy" -I"E:/UWB/WS_F030CC/uwb_f030cc_hal_lib/HAL_Driver/Inc" -O0 -g3 -Wall -fmessage-length=0 -ffunction-sections -c -MMD -MP -MF"HAL_Driver/Src/stm32f0xx_ll_comp.d" -MT"HAL_Driver/Src/stm32f0xx_ll_comp.o" -o "HAL_Driver/Src/stm32f0xx_ll_comp.o" "../HAL_Driver/Src/stm32f0xx_ll_comp.c"
Finished building: ../HAL_Driver/Src/stm32f0xx_ll_comp.c
 
Building file: ../HAL_Driver/Src/stm32f0xx_ll_crc.c
Invoking: MCU GCC Compiler
E:\UWB\WS_F030CC\uwb_f030cc_hal_lib\Debug
arm-none-eabi-gcc -mcpu=cortex-m0 -mthumb -mfloat-abi=soft -DSTM32F0 -DSTM32F030CCTx -DSTM32 -DUSE_HAL_DRIVER -DSTM32F030xC -I"E:/UWB/WS_F030CC/uwb_f030cc_hal_lib/CMSIS/core" -I"E:/UWB/WS_F030CC/uwb_f030cc_hal_lib/CMSIS/device" -I"E:/UWB/WS_F030CC/uwb_f030cc_hal_lib/HAL_Driver/Inc/Legacy" -I"E:/UWB/WS_F030CC/uwb_f030cc_hal_lib/HAL_Driver/Inc" -O0 -g3 -Wall -fmessage-length=0 -ffunction-sections -c -MMD -MP -MF"HAL_Driver/Src/stm32f0xx_ll_crc.d" -MT"HAL_Driver/Src/stm32f0xx_ll_crc.o" -o "HAL_Driver/Src/stm32f0xx_ll_crc.o" "../HAL_Driver/Src/stm32f0xx_ll_crc.c"
Finished building: ../HAL_Driver/Src/stm32f0xx_ll_crc.c
 
Building file: ../HAL_Driver/Src/stm32f0xx_ll_crs.c
Invoking: MCU GCC Compiler
E:\UWB\WS_F030CC\uwb_f030cc_hal_lib\Debug
arm-none-eabi-gcc -mcpu=cortex-m0 -mthumb -mfloat-abi=soft -DSTM32F0 -DSTM32F030CCTx -DSTM32 -DUSE_HAL_DRIVER -DSTM32F030xC -I"E:/UWB/WS_F030CC/uwb_f030cc_hal_lib/CMSIS/core" -I"E:/UWB/WS_F030CC/uwb_f030cc_hal_lib/CMSIS/device" -I"E:/UWB/WS_F030CC/uwb_f030cc_hal_lib/HAL_Driver/Inc/Legacy" -I"E:/UWB/WS_F030CC/uwb_f030cc_hal_lib/HAL_Driver/Inc" -O0 -g3 -Wall -fmessage-length=0 -ffunction-sections -c -MMD -MP -MF"HAL_Driver/Src/stm32f0xx_ll_crs.d" -MT"HAL_Driver/Src/stm32f0xx_ll_crs.o" -o "HAL_Driver/Src/stm32f0xx_ll_crs.o" "../HAL_Driver/Src/stm32f0xx_ll_crs.c"
Finished building: ../HAL_Driver/Src/stm32f0xx_ll_crs.c
 
Building file: ../HAL_Driver/Src/stm32f0xx_ll_dac.c
Invoking: MCU GCC Compiler
E:\UWB\WS_F030CC\uwb_f030cc_hal_lib\Debug
arm-none-eabi-gcc -mcpu=cortex-m0 -mthumb -mfloat-abi=soft -DSTM32F0 -DSTM32F030CCTx -DSTM32 -DUSE_HAL_DRIVER -DSTM32F030xC -I"E:/UWB/WS_F030CC/uwb_f030cc_hal_lib/CMSIS/core" -I"E:/UWB/WS_F030CC/uwb_f030cc_hal_lib/CMSIS/device" -I"E:/UWB/WS_F030CC/uwb_f030cc_hal_lib/HAL_Driver/Inc/Legacy" -I"E:/UWB/WS_F030CC/uwb_f030cc_hal_lib/HAL_Driver/Inc" -O0 -g3 -Wall -fmessage-length=0 -ffunction-sections -c -MMD -MP -MF"HAL_Driver/Src/stm32f0xx_ll_dac.d" -MT"HAL_Driver/Src/stm32f0xx_ll_dac.o" -o "HAL_Driver/Src/stm32f0xx_ll_dac.o" "../HAL_Driver/Src/stm32f0xx_ll_dac.c"
Finished building: ../HAL_Driver/Src/stm32f0xx_ll_dac.c
 
Building file: ../HAL_Driver/Src/stm32f0xx_ll_dma.c
Invoking: MCU GCC Compiler
E:\UWB\WS_F030CC\uwb_f030cc_hal_lib\Debug
arm-none-eabi-gcc -mcpu=cortex-m0 -mthumb -mfloat-abi=soft -DSTM32F0 -DSTM32F030CCTx -DSTM32 -DUSE_HAL_DRIVER -DSTM32F030xC -I"E:/UWB/WS_F030CC/uwb_f030cc_hal_lib/CMSIS/core" -I"E:/UWB/WS_F030CC/uwb_f030cc_hal_lib/CMSIS/device" -I"E:/UWB/WS_F030CC/uwb_f030cc_hal_lib/HAL_Driver/Inc/Legacy" -I"E:/UWB/WS_F030CC/uwb_f030cc_hal_lib/HAL_Driver/Inc" -O0 -g3 -Wall -fmessage-length=0 -ffunction-sections -c -MMD -MP -MF"HAL_Driver/Src/stm32f0xx_ll_dma.d" -MT"HAL_Driver/Src/stm32f0xx_ll_dma.o" -o "HAL_Driver/Src/stm32f0xx_ll_dma.o" "../HAL_Driver/Src/stm32f0xx_ll_dma.c"
Finished building: ../HAL_Driver/Src/stm32f0xx_ll_dma.c
 
Building file: ../HAL_Driver/Src/stm32f0xx_ll_exti.c
Invoking: MCU GCC Compiler
E:\UWB\WS_F030CC\uwb_f030cc_hal_lib\Debug
arm-none-eabi-gcc -mcpu=cortex-m0 -mthumb -mfloat-abi=soft -DSTM32F0 -DSTM32F030CCTx -DSTM32 -DUSE_HAL_DRIVER -DSTM32F030xC -I"E:/UWB/WS_F030CC/uwb_f030cc_hal_lib/CMSIS/core" -I"E:/UWB/WS_F030CC/uwb_f030cc_hal_lib/CMSIS/device" -I"E:/UWB/WS_F030CC/uwb_f030cc_hal_lib/HAL_Driver/Inc/Legacy" -I"E:/UWB/WS_F030CC/uwb_f030cc_hal_lib/HAL_Driver/Inc" -O0 -g3 -Wall -fmessage-length=0 -ffunction-sections -c -MMD -MP -MF"HAL_Driver/Src/stm32f0xx_ll_exti.d" -MT"HAL_Driver/Src/stm32f0xx_ll_exti.o" -o "HAL_Driver/Src/stm32f0xx_ll_exti.o" "../HAL_Driver/Src/stm32f0xx_ll_exti.c"
Finished building: ../HAL_Driver/Src/stm32f0xx_ll_exti.c
 
Building file: ../HAL_Driver/Src/stm32f0xx_ll_gpio.c
Invoking: MCU GCC Compiler
E:\UWB\WS_F030CC\uwb_f030cc_hal_lib\Debug
arm-none-eabi-gcc -mcpu=cortex-m0 -mthumb -mfloat-abi=soft -DSTM32F0 -DSTM32F030CCTx -DSTM32 -DUSE_HAL_DRIVER -DSTM32F030xC -I"E:/UWB/WS_F030CC/uwb_f030cc_hal_lib/CMSIS/core" -I"E:/UWB/WS_F030CC/uwb_f030cc_hal_lib/CMSIS/device" -I"E:/UWB/WS_F030CC/uwb_f030cc_hal_lib/HAL_Driver/Inc/Legacy" -I"E:/UWB/WS_F030CC/uwb_f030cc_hal_lib/HAL_Driver/Inc" -O0 -g3 -Wall -fmessage-length=0 -ffunction-sections -c -MMD -MP -MF"HAL_Driver/Src/stm32f0xx_ll_gpio.d" -MT"HAL_Driver/Src/stm32f0xx_ll_gpio.o" -o "HAL_Driver/Src/stm32f0xx_ll_gpio.o" "../HAL_Driver/Src/stm32f0xx_ll_gpio.c"
Finished building: ../HAL_Driver/Src/stm32f0xx_ll_gpio.c
 
Building file: ../HAL_Driver/Src/stm32f0xx_ll_i2c.c
Invoking: MCU GCC Compiler
E:\UWB\WS_F030CC\uwb_f030cc_hal_lib\Debug
arm-none-eabi-gcc -mcpu=cortex-m0 -mthumb -mfloat-abi=soft -DSTM32F0 -DSTM32F030CCTx -DSTM32 -DUSE_HAL_DRIVER -DSTM32F030xC -I"E:/UWB/WS_F030CC/uwb_f030cc_hal_lib/CMSIS/core" -I"E:/UWB/WS_F030CC/uwb_f030cc_hal_lib/CMSIS/device" -I"E:/UWB/WS_F030CC/uwb_f030cc_hal_lib/HAL_Driver/Inc/Legacy" -I"E:/UWB/WS_F030CC/uwb_f030cc_hal_lib/HAL_Driver/Inc" -O0 -g3 -Wall -fmessage-length=0 -ffunction-sections -c -MMD -MP -MF"HAL_Driver/Src/stm32f0xx_ll_i2c.d" -MT"HAL_Driver/Src/stm32f0xx_ll_i2c.o" -o "HAL_Driver/Src/stm32f0xx_ll_i2c.o" "../HAL_Driver/Src/stm32f0xx_ll_i2c.c"
Finished building: ../HAL_Driver/Src/stm32f0xx_ll_i2c.c
 
Building file: ../HAL_Driver/Src/stm32f0xx_ll_pwr.c
Invoking: MCU GCC Compiler
E:\UWB\WS_F030CC\uwb_f030cc_hal_lib\Debug
arm-none-eabi-gcc -mcpu=cortex-m0 -mthumb -mfloat-abi=soft -DSTM32F0 -DSTM32F030CCTx -DSTM32 -DUSE_HAL_DRIVER -DSTM32F030xC -I"E:/UWB/WS_F030CC/uwb_f030cc_hal_lib/CMSIS/core" -I"E:/UWB/WS_F030CC/uwb_f030cc_hal_lib/CMSIS/device" -I"E:/UWB/WS_F030CC/uwb_f030cc_hal_lib/HAL_Driver/Inc/Legacy" -I"E:/UWB/WS_F030CC/uwb_f030cc_hal_lib/HAL_Driver/Inc" -O0 -g3 -Wall -fmessage-length=0 -ffunction-sections -c -MMD -MP -MF"HAL_Driver/Src/stm32f0xx_ll_pwr.d" -MT"HAL_Driver/Src/stm32f0xx_ll_pwr.o" -o "HAL_Driver/Src/stm32f0xx_ll_pwr.o" "../HAL_Driver/Src/stm32f0xx_ll_pwr.c"
Finished building: ../HAL_Driver/Src/stm32f0xx_ll_pwr.c
 
Building file: ../HAL_Driver/Src/stm32f0xx_ll_rcc.c
Invoking: MCU GCC Compiler
E:\UWB\WS_F030CC\uwb_f030cc_hal_lib\Debug
arm-none-eabi-gcc -mcpu=cortex-m0 -mthumb -mfloat-abi=soft -DSTM32F0 -DSTM32F030CCTx -DSTM32 -DUSE_HAL_DRIVER -DSTM32F030xC -I"E:/UWB/WS_F030CC/uwb_f030cc_hal_lib/CMSIS/core" -I"E:/UWB/WS_F030CC/uwb_f030cc_hal_lib/CMSIS/device" -I"E:/UWB/WS_F030CC/uwb_f030cc_hal_lib/HAL_Driver/Inc/Legacy" -I"E:/UWB/WS_F030CC/uwb_f030cc_hal_lib/HAL_Driver/Inc" -O0 -g3 -Wall -fmessage-length=0 -ffunction-sections -c -MMD -MP -MF"HAL_Driver/Src/stm32f0xx_ll_rcc.d" -MT"HAL_Driver/Src/stm32f0xx_ll_rcc.o" -o "HAL_Driver/Src/stm32f0xx_ll_rcc.o" "../HAL_Driver/Src/stm32f0xx_ll_rcc.c"
Finished building: ../HAL_Driver/Src/stm32f0xx_ll_rcc.c
 
Building file: ../HAL_Driver/Src/stm32f0xx_ll_rtc.c
Invoking: MCU GCC Compiler
E:\UWB\WS_F030CC\uwb_f030cc_hal_lib\Debug
arm-none-eabi-gcc -mcpu=cortex-m0 -mthumb -mfloat-abi=soft -DSTM32F0 -DSTM32F030CCTx -DSTM32 -DUSE_HAL_DRIVER -DSTM32F030xC -I"E:/UWB/WS_F030CC/uwb_f030cc_hal_lib/CMSIS/core" -I"E:/UWB/WS_F030CC/uwb_f030cc_hal_lib/CMSIS/device" -I"E:/UWB/WS_F030CC/uwb_f030cc_hal_lib/HAL_Driver/Inc/Legacy" -I"E:/UWB/WS_F030CC/uwb_f030cc_hal_lib/HAL_Driver/Inc" -O0 -g3 -Wall -fmessage-length=0 -ffunction-sections -c -MMD -MP -MF"HAL_Driver/Src/stm32f0xx_ll_rtc.d" -MT"HAL_Driver/Src/stm32f0xx_ll_rtc.o" -o "HAL_Driver/Src/stm32f0xx_ll_rtc.o" "../HAL_Driver/Src/stm32f0xx_ll_rtc.c"
Finished building: ../HAL_Driver/Src/stm32f0xx_ll_rtc.c
 
Building file: ../HAL_Driver/Src/stm32f0xx_ll_spi.c
Invoking: MCU GCC Compiler
E:\UWB\WS_F030CC\uwb_f030cc_hal_lib\Debug
arm-none-eabi-gcc -mcpu=cortex-m0 -mthumb -mfloat-abi=soft -DSTM32F0 -DSTM32F030CCTx -DSTM32 -DUSE_HAL_DRIVER -DSTM32F030xC -I"E:/UWB/WS_F030CC/uwb_f030cc_hal_lib/CMSIS/core" -I"E:/UWB/WS_F030CC/uwb_f030cc_hal_lib/CMSIS/device" -I"E:/UWB/WS_F030CC/uwb_f030cc_hal_lib/HAL_Driver/Inc/Legacy" -I"E:/UWB/WS_F030CC/uwb_f030cc_hal_lib/HAL_Driver/Inc" -O0 -g3 -Wall -fmessage-length=0 -ffunction-sections -c -MMD -MP -MF"HAL_Driver/Src/stm32f0xx_ll_spi.d" -MT"HAL_Driver/Src/stm32f0xx_ll_spi.o" -o "HAL_Driver/Src/stm32f0xx_ll_spi.o" "../HAL_Driver/Src/stm32f0xx_ll_spi.c"
Finished building: ../HAL_Driver/Src/stm32f0xx_ll_spi.c
 
Building file: ../HAL_Driver/Src/stm32f0xx_ll_tim.c
Invoking: MCU GCC Compiler
E:\UWB\WS_F030CC\uwb_f030cc_hal_lib\Debug
arm-none-eabi-gcc -mcpu=cortex-m0 -mthumb -mfloat-abi=soft -DSTM32F0 -DSTM32F030CCTx -DSTM32 -DUSE_HAL_DRIVER -DSTM32F030xC -I"E:/UWB/WS_F030CC/uwb_f030cc_hal_lib/CMSIS/core" -I"E:/UWB/WS_F030CC/uwb_f030cc_hal_lib/CMSIS/device" -I"E:/UWB/WS_F030CC/uwb_f030cc_hal_lib/HAL_Driver/Inc/Legacy" -I"E:/UWB/WS_F030CC/uwb_f030cc_hal_lib/HAL_Driver/Inc" -O0 -g3 -Wall -fmessage-length=0 -ffunction-sections -c -MMD -MP -MF"HAL_Driver/Src/stm32f0xx_ll_tim.d" -MT"HAL_Driver/Src/stm32f0xx_ll_tim.o" -o "HAL_Driver/Src/stm32f0xx_ll_tim.o" "../HAL_Driver/Src/stm32f0xx_ll_tim.c"
Finished building: ../HAL_Driver/Src/stm32f0xx_ll_tim.c
 
Building file: ../HAL_Driver/Src/stm32f0xx_ll_usart.c
Invoking: MCU GCC Compiler
E:\UWB\WS_F030CC\uwb_f030cc_hal_lib\Debug
arm-none-eabi-gcc -mcpu=cortex-m0 -mthumb -mfloat-abi=soft -DSTM32F0 -DSTM32F030CCTx -DSTM32 -DUSE_HAL_DRIVER -DSTM32F030xC -I"E:/UWB/WS_F030CC/uwb_f030cc_hal_lib/CMSIS/core" -I"E:/UWB/WS_F030CC/uwb_f030cc_hal_lib/CMSIS/device" -I"E:/UWB/WS_F030CC/uwb_f030cc_hal_lib/HAL_Driver/Inc/Legacy" -I"E:/UWB/WS_F030CC/uwb_f030cc_hal_lib/HAL_Driver/Inc" -O0 -g3 -Wall -fmessage-length=0 -ffunction-sections -c -MMD -MP -MF"HAL_Driver/Src/stm32f0xx_ll_usart.d" -MT"HAL_Driver/Src/stm32f0xx_ll_usart.o" -o "HAL_Driver/Src/stm32f0xx_ll_usart.o" "../HAL_Driver/Src/stm32f0xx_ll_usart.c"
Finished building: ../HAL_Driver/Src/stm32f0xx_ll_usart.c
 
Building file: ../HAL_Driver/Src/stm32f0xx_ll_utils.c
Invoking: MCU GCC Compiler
E:\UWB\WS_F030CC\uwb_f030cc_hal_lib\Debug
arm-none-eabi-gcc -mcpu=cortex-m0 -mthumb -mfloat-abi=soft -DSTM32F0 -DSTM32F030CCTx -DSTM32 -DUSE_HAL_DRIVER -DSTM32F030xC -I"E:/UWB/WS_F030CC/uwb_f030cc_hal_lib/CMSIS/core" -I"E:/UWB/WS_F030CC/uwb_f030cc_hal_lib/CMSIS/device" -I"E:/UWB/WS_F030CC/uwb_f030cc_hal_lib/HAL_Driver/Inc/Legacy" -I"E:/UWB/WS_F030CC/uwb_f030cc_hal_lib/HAL_Driver/Inc" -O0 -g3 -Wall -fmessage-length=0 -ffunction-sections -c -MMD -MP -MF"HAL_Driver/Src/stm32f0xx_ll_utils.d" -MT"HAL_Driver/Src/stm32f0xx_ll_utils.o" -o "HAL_Driver/Src/stm32f0xx_ll_utils.o" "../HAL_Driver/Src/stm32f0xx_ll_utils.c"
Finished building: ../HAL_Driver/Src/stm32f0xx_ll_utils.c
 
Building target: libuwb_f030cc_hal_lib.a
Invoking: MCU GCC Archiver
arm-none-eabi-ar -r  "libuwb_f030cc_hal_lib.a" @"objects.list"  
C:\Ac6\SystemWorkbench\plugins\fr.ac6.mcu.externaltools.arm-none.win32_1.13.2.201705091103\tools\compiler\bin\arm-none-eabi-ar.exe: creating libuwb_f030cc_hal_lib.a
Finished building target: libuwb_f030cc_hal_lib.a
 
22:23:02 **** Build of configuration Debug for project test_05a_ds_twr_init ****
make all 
Building file: ../startup/startup_stm32.s
Invoking: MCU GCC Assembler
E:\UWB\WS_F030CC\test_05a_ds_twr_init\Debug
arm-none-eabi-as -mcpu=cortex-m0 -mthumb -mfloat-abi=soft -I"E:/UWB/WS_F030CC/uwb_f030cc_hal_lib" -I"E:/UWB/WS_F030CC/test_05a_ds_twr_init/inc" -I"E:/UWB/WS_F030CC/uwb_f030cc_hal_lib/CMSIS/core" -I"E:/UWB/WS_F030CC/uwb_f030cc_hal_lib/CMSIS/device" -I"E:/UWB/WS_F030CC/uwb_f030cc_hal_lib/HAL_Driver/Inc/Legacy" -I"E:/UWB/WS_F030CC/uwb_f030cc_hal_lib/HAL_Driver/Inc" -g -o "startup/startup_stm32.o" "../startup/startup_stm32.s"
Finished building: ../startup/startup_stm32.s
 
Building file: ../src/main.c
Invoking: MCU GCC Compiler
E:\UWB\WS_F030CC\test_05a_ds_twr_init\Debug
arm-none-eabi-gcc -mcpu=cortex-m0 -mthumb -mfloat-abi=soft -DSTM32F0 -DSTM32F030CCTx -DSTM32 -DDEBUG -DUSE_HAL_DRIVER -DSTM32F030xC -I"E:/UWB/WS_F030CC/uwb_f030cc_hal_lib" -I"E:/UWB/WS_F030CC/test_05a_ds_twr_init/inc" -I"E:/UWB/WS_F030CC/uwb_f030cc_hal_lib/CMSIS/core" -I"E:/UWB/WS_F030CC/uwb_f030cc_hal_lib/CMSIS/device" -I"E:/UWB/WS_F030CC/uwb_f030cc_hal_lib/HAL_Driver/Inc/Legacy" -I"E:/UWB/WS_F030CC/uwb_f030cc_hal_lib/HAL_Driver/Inc" -I"E:/UWB/dw1000_api_rev2p03/decadriver" -I"E:/UWB/WS_F030CC/platform" -O0 -g3 -Wall -fmessage-length=0 -ffunction-sections -c -MMD -MP -MF"src/main.d" -MT"src/main.o" -o "src/main.o" "../src/main.c"
Finished building: ../src/main.c
 
Building file: ../src/stm32f0xx_it.c
Invoking: MCU GCC Compiler
E:\UWB\WS_F030CC\test_05a_ds_twr_init\Debug
arm-none-eabi-gcc -mcpu=cortex-m0 -mthumb -mfloat-abi=soft -DSTM32F0 -DSTM32F030CCTx -DSTM32 -DDEBUG -DUSE_HAL_DRIVER -DSTM32F030xC -I"E:/UWB/WS_F030CC/uwb_f030cc_hal_lib" -I"E:/UWB/WS_F030CC/test_05a_ds_twr_init/inc" -I"E:/UWB/WS_F030CC/uwb_f030cc_hal_lib/CMSIS/core" -I"E:/UWB/WS_F030CC/uwb_f030cc_hal_lib/CMSIS/device" -I"E:/UWB/WS_F030CC/uwb_f030cc_hal_lib/HAL_Driver/Inc/Legacy" -I"E:/UWB/WS_F030CC/uwb_f030cc_hal_lib/HAL_Driver/Inc" -I"E:/UWB/dw1000_api_rev2p03/decadriver" -I"E:/UWB/WS_F030CC/platform" -O0 -g3 -Wall -fmessage-length=0 -ffunction-sections -c -MMD -MP -MF"src/stm32f0xx_it.d" -MT"src/stm32f0xx_it.o" -o "src/stm32f0xx_it.o" "../src/stm32f0xx_it.c"
Finished building: ../src/stm32f0xx_it.c
 
Building file: ../src/syscalls.c
Invoking: MCU GCC Compiler
E:\UWB\WS_F030CC\test_05a_ds_twr_init\Debug
arm-none-eabi-gcc -mcpu=cortex-m0 -mthumb -mfloat-abi=soft -DSTM32F0 -DSTM32F030CCTx -DSTM32 -DDEBUG -DUSE_HAL_DRIVER -DSTM32F030xC -I"E:/UWB/WS_F030CC/uwb_f030cc_hal_lib" -I"E:/UWB/WS_F030CC/test_05a_ds_twr_init/inc" -I"E:/UWB/WS_F030CC/uwb_f030cc_hal_lib/CMSIS/core" -I"E:/UWB/WS_F030CC/uwb_f030cc_hal_lib/CMSIS/device" -I"E:/UWB/WS_F030CC/uwb_f030cc_hal_lib/HAL_Driver/Inc/Legacy" -I"E:/UWB/WS_F030CC/uwb_f030cc_hal_lib/HAL_Driver/Inc" -I"E:/UWB/dw1000_api_rev2p03/decadriver" -I"E:/UWB/WS_F030CC/platform" -O0 -g3 -Wall -fmessage-length=0 -ffunction-sections -c -MMD -MP -MF"src/syscalls.d" -MT"src/syscalls.o" -o "src/syscalls.o" "../src/syscalls.c"
Finished building: ../src/syscalls.c
 
Building file: ../src/system_stm32f0xx.c
Invoking: MCU GCC Compiler
E:\UWB\WS_F030CC\test_05a_ds_twr_init\Debug
arm-none-eabi-gcc -mcpu=cortex-m0 -mthumb -mfloat-abi=soft -DSTM32F0 -DSTM32F030CCTx -DSTM32 -DDEBUG -DUSE_HAL_DRIVER -DSTM32F030xC -I"E:/UWB/WS_F030CC/uwb_f030cc_hal_lib" -I"E:/UWB/WS_F030CC/test_05a_ds_twr_init/inc" -I"E:/UWB/WS_F030CC/uwb_f030cc_hal_lib/CMSIS/core" -I"E:/UWB/WS_F030CC/uwb_f030cc_hal_lib/CMSIS/device" -I"E:/UWB/WS_F030CC/uwb_f030cc_hal_lib/HAL_Driver/Inc/Legacy" -I"E:/UWB/WS_F030CC/uwb_f030cc_hal_lib/HAL_Driver/Inc" -I"E:/UWB/dw1000_api_rev2p03/decadriver" -I"E:/UWB/WS_F030CC/platform" -O0 -g3 -Wall -fmessage-length=0 -ffunction-sections -c -MMD -MP -MF"src/system_stm32f0xx.d" -MT"src/system_stm32f0xx.o" -o "src/system_stm32f0xx.o" "../src/system_stm32f0xx.c"
Finished building: ../src/system_stm32f0xx.c
 
Building file: E:/UWB/WS_F030CC/platform/deca_spi.c
Invoking: MCU GCC Compiler
E:\UWB\WS_F030CC\test_05a_ds_twr_init\Debug
arm-none-eabi-gcc -mcpu=cortex-m0 -mthumb -mfloat-abi=soft -DSTM32F0 -DSTM32F030CCTx -DSTM32 -DDEBUG -DUSE_HAL_DRIVER -DSTM32F030xC -I"E:/UWB/WS_F030CC/uwb_f030cc_hal_lib" -I"E:/UWB/WS_F030CC/test_05a_ds_twr_init/inc" -I"E:/UWB/WS_F030CC/uwb_f030cc_hal_lib/CMSIS/core" -I"E:/UWB/WS_F030CC/uwb_f030cc_hal_lib/CMSIS/device" -I"E:/UWB/WS_F030CC/uwb_f030cc_hal_lib/HAL_Driver/Inc/Legacy" -I"E:/UWB/WS_F030CC/uwb_f030cc_hal_lib/HAL_Driver/Inc" -I"E:/UWB/dw1000_api_rev2p03/decadriver" -I"E:/UWB/WS_F030CC/platform" -O0 -g3 -Wall -fmessage-length=0 -ffunction-sections -c -MMD -MP -MF"platform/deca_spi.d" -MT"platform/deca_spi.o" -o "platform/deca_spi.o" "E:/UWB/WS_F030CC/platform/deca_spi.c"
E:/UWB/WS_F030CC/platform/deca_spi.c: In function 'readfromspi':
E:/UWB/WS_F030CC/platform/deca_spi.c:179:23: warning: variable 'error' set but not used [-Wunused-but-set-variable]
     HAL_StatusTypeDef error=0;
                       ^
Finished building: E:/UWB/WS_F030CC/platform/deca_spi.c
 
Building file: E:/UWB/WS_F030CC/platform/port.c
Invoking: MCU GCC Compiler
E:\UWB\WS_F030CC\test_05a_ds_twr_init\Debug
arm-none-eabi-gcc -mcpu=cortex-m0 -mthumb -mfloat-abi=soft -DSTM32F0 -DSTM32F030CCTx -DSTM32 -DDEBUG -DUSE_HAL_DRIVER -DSTM32F030xC -I"E:/UWB/WS_F030CC/uwb_f030cc_hal_lib" -I"E:/UWB/WS_F030CC/test_05a_ds_twr_init/inc" -I"E:/UWB/WS_F030CC/uwb_f030cc_hal_lib/CMSIS/core" -I"E:/UWB/WS_F030CC/uwb_f030cc_hal_lib/CMSIS/device" -I"E:/UWB/WS_F030CC/uwb_f030cc_hal_lib/HAL_Driver/Inc/Legacy" -I"E:/UWB/WS_F030CC/uwb_f030cc_hal_lib/HAL_Driver/Inc" -I"E:/UWB/dw1000_api_rev2p03/decadriver" -I"E:/UWB/WS_F030CC/platform" -O0 -g3 -Wall -fmessage-length=0 -ffunction-sections -c -MMD -MP -MF"platform/port.d" -MT"platform/port.o" -o "platform/port.o" "E:/UWB/WS_F030CC/platform/port.c"
Finished building: E:/UWB/WS_F030CC/platform/port.c
 
Building file: E:/UWB/dw1000_api_rev2p03/decadriver/deca_device.c
Invoking: MCU GCC Compiler
E:\UWB\WS_F030CC\test_05a_ds_twr_init\Debug
arm-none-eabi-gcc -mcpu=cortex-m0 -mthumb -mfloat-abi=soft -DSTM32F0 -DSTM32F030CCTx -DSTM32 -DDEBUG -DUSE_HAL_DRIVER -DSTM32F030xC -I"E:/UWB/WS_F030CC/uwb_f030cc_hal_lib" -I"E:/UWB/WS_F030CC/test_05a_ds_twr_init/inc" -I"E:/UWB/WS_F030CC/uwb_f030cc_hal_lib/CMSIS/core" -I"E:/UWB/WS_F030CC/uwb_f030cc_hal_lib/CMSIS/device" -I"E:/UWB/WS_F030CC/uwb_f030cc_hal_lib/HAL_Driver/Inc/Legacy" -I"E:/UWB/WS_F030CC/uwb_f030cc_hal_lib/HAL_Driver/Inc" -I"E:/UWB/dw1000_api_rev2p03/decadriver" -I"E:/UWB/WS_F030CC/platform" -O0 -g3 -Wall -fmessage-length=0 -ffunction-sections -c -MMD -MP -MF"decadriver/deca_device.d" -MT"decadriver/deca_device.o" -o "decadriver/deca_device.o" "E:/UWB/dw1000_api_rev2p03/decadriver/deca_device.c"
Finished building: E:/UWB/dw1000_api_rev2p03/decadriver/deca_device.c
 
Building file: E:/UWB/dw1000_api_rev2p03/decadriver/deca_params_init.c
Invoking: MCU GCC Compiler
E:\UWB\WS_F030CC\test_05a_ds_twr_init\Debug
arm-none-eabi-gcc -mcpu=cortex-m0 -mthumb -mfloat-abi=soft -DSTM32F0 -DSTM32F030CCTx -DSTM32 -DDEBUG -DUSE_HAL_DRIVER -DSTM32F030xC -I"E:/UWB/WS_F030CC/uwb_f030cc_hal_lib" -I"E:/UWB/WS_F030CC/test_05a_ds_twr_init/inc" -I"E:/UWB/WS_F030CC/uwb_f030cc_hal_lib/CMSIS/core" -I"E:/UWB/WS_F030CC/uwb_f030cc_hal_lib/CMSIS/device" -I"E:/UWB/WS_F030CC/uwb_f030cc_hal_lib/HAL_Driver/Inc/Legacy" -I"E:/UWB/WS_F030CC/uwb_f030cc_hal_lib/HAL_Driver/Inc" -I"E:/UWB/dw1000_api_rev2p03/decadriver" -I"E:/UWB/WS_F030CC/platform" -O0 -g3 -Wall -fmessage-length=0 -ffunction-sections -c -MMD -MP -MF"decadriver/deca_params_init.d" -MT"decadriver/deca_params_init.o" -o "decadriver/deca_params_init.o" "E:/UWB/dw1000_api_rev2p03/decadriver/deca_params_init.c"
Finished building: E:/UWB/dw1000_api_rev2p03/decadriver/deca_params_init.c
 
Building target: test_05a_ds_twr_init.elf
Invoking: MCU GCC Linker
arm-none-eabi-gcc -mcpu=cortex-m0 -mthumb -mfloat-abi=soft -L"E:\UWB\WS_F030CC\uwb_f030cc_hal_lib\Debug" -T"E:\UWB\WS_F030CC\test_05a_ds_twr_init\LinkerScript.ld" -Wl,-Map=output.map -Wl,--gc-sections -o "test_05a_ds_twr_init.elf" @"objects.list"  -luwb_f030cc_hal_lib -lm
Finished building target: test_05a_ds_twr_init.elf
 
make --no-print-directory post-build
Generating binary and Printing size information:
arm-none-eabi-objcopy -O binary "test_05a_ds_twr_init.elf" "test_05a_ds_twr_init.bin"
arm-none-eabi-size "test_05a_ds_twr_init.elf"
   text	   data	    bss	    dec	    hex	filename
  18056	   1148	   1384	  20588	   506c	test_05a_ds_twr_init.elf
 
22:23:25 **** Incremental Build of configuration Debug for project uwb_f030cc_hal_lib ****
make all 
make: Nothing to be done for `all'.
22:23:26 **** Incremental Build of configuration Debug for project test_05a_ds_twr_init ****
make all 
make: Nothing to be done for `all'.
22:41:31 **** Incremental Build of configuration Debug for project uwb_f030cc_hal_lib ****
make all 
Building file: ../HAL_Driver/Src/stm32f0xx_hal.c
Invoking: MCU GCC Compiler
E:\UWB\WS_F030CC\uwb_f030cc_hal_lib\Debug
arm-none-eabi-gcc -mcpu=cortex-m0 -mthumb -mfloat-abi=soft -DSTM32F0 -DSTM32F030CCTx -DSTM32 -DUSE_HAL_DRIVER -DSTM32F030xC -I"E:/UWB/WS_F030CC/uwb_f030cc_hal_lib/CMSIS/core" -I"E:/UWB/WS_F030CC/uwb_f030cc_hal_lib/CMSIS/device" -I"E:/UWB/WS_F030CC/uwb_f030cc_hal_lib/HAL_Driver/Inc/Legacy" -I"E:/UWB/WS_F030CC/uwb_f030cc_hal_lib/HAL_Driver/Inc" -O0 -g3 -Wall -fmessage-length=0 -ffunction-sections -c -MMD -MP -MF"HAL_Driver/Src/stm32f0xx_hal.d" -MT"HAL_Driver/Src/stm32f0xx_hal.o" -o "HAL_Driver/Src/stm32f0xx_hal.o" "../HAL_Driver/Src/stm32f0xx_hal.c"
Finished building: ../HAL_Driver/Src/stm32f0xx_hal.c
 
Building file: ../HAL_Driver/Src/stm32f0xx_hal_adc.c
Invoking: MCU GCC Compiler
E:\UWB\WS_F030CC\uwb_f030cc_hal_lib\Debug
arm-none-eabi-gcc -mcpu=cortex-m0 -mthumb -mfloat-abi=soft -DSTM32F0 -DSTM32F030CCTx -DSTM32 -DUSE_HAL_DRIVER -DSTM32F030xC -I"E:/UWB/WS_F030CC/uwb_f030cc_hal_lib/CMSIS/core" -I"E:/UWB/WS_F030CC/uwb_f030cc_hal_lib/CMSIS/device" -I"E:/UWB/WS_F030CC/uwb_f030cc_hal_lib/HAL_Driver/Inc/Legacy" -I"E:/UWB/WS_F030CC/uwb_f030cc_hal_lib/HAL_Driver/Inc" -O0 -g3 -Wall -fmessage-length=0 -ffunction-sections -c -MMD -MP -MF"HAL_Driver/Src/stm32f0xx_hal_adc.d" -MT"HAL_Driver/Src/stm32f0xx_hal_adc.o" -o "HAL_Driver/Src/stm32f0xx_hal_adc.o" "../HAL_Driver/Src/stm32f0xx_hal_adc.c"
Finished building: ../HAL_Driver/Src/stm32f0xx_hal_adc.c
 
Building file: ../HAL_Driver/Src/stm32f0xx_hal_adc_ex.c
Invoking: MCU GCC Compiler
E:\UWB\WS_F030CC\uwb_f030cc_hal_lib\Debug
arm-none-eabi-gcc -mcpu=cortex-m0 -mthumb -mfloat-abi=soft -DSTM32F0 -DSTM32F030CCTx -DSTM32 -DUSE_HAL_DRIVER -DSTM32F030xC -I"E:/UWB/WS_F030CC/uwb_f030cc_hal_lib/CMSIS/core" -I"E:/UWB/WS_F030CC/uwb_f030cc_hal_lib/CMSIS/device" -I"E:/UWB/WS_F030CC/uwb_f030cc_hal_lib/HAL_Driver/Inc/Legacy" -I"E:/UWB/WS_F030CC/uwb_f030cc_hal_lib/HAL_Driver/Inc" -O0 -g3 -Wall -fmessage-length=0 -ffunction-sections -c -MMD -MP -MF"HAL_Driver/Src/stm32f0xx_hal_adc_ex.d" -MT"HAL_Driver/Src/stm32f0xx_hal_adc_ex.o" -o "HAL_Driver/Src/stm32f0xx_hal_adc_ex.o" "../HAL_Driver/Src/stm32f0xx_hal_adc_ex.c"
Finished building: ../HAL_Driver/Src/stm32f0xx_hal_adc_ex.c
 
Building file: ../HAL_Driver/Src/stm32f0xx_hal_can.c
Invoking: MCU GCC Compiler
E:\UWB\WS_F030CC\uwb_f030cc_hal_lib\Debug
arm-none-eabi-gcc -mcpu=cortex-m0 -mthumb -mfloat-abi=soft -DSTM32F0 -DSTM32F030CCTx -DSTM32 -DUSE_HAL_DRIVER -DSTM32F030xC -I"E:/UWB/WS_F030CC/uwb_f030cc_hal_lib/CMSIS/core" -I"E:/UWB/WS_F030CC/uwb_f030cc_hal_lib/CMSIS/device" -I"E:/UWB/WS_F030CC/uwb_f030cc_hal_lib/HAL_Driver/Inc/Legacy" -I"E:/UWB/WS_F030CC/uwb_f030cc_hal_lib/HAL_Driver/Inc" -O0 -g3 -Wall -fmessage-length=0 -ffunction-sections -c -MMD -MP -MF"HAL_Driver/Src/stm32f0xx_hal_can.d" -MT"HAL_Driver/Src/stm32f0xx_hal_can.o" -o "HAL_Driver/Src/stm32f0xx_hal_can.o" "../HAL_Driver/Src/stm32f0xx_hal_can.c"
Finished building: ../HAL_Driver/Src/stm32f0xx_hal_can.c
 
Building file: ../HAL_Driver/Src/stm32f0xx_hal_cec.c
Invoking: MCU GCC Compiler
E:\UWB\WS_F030CC\uwb_f030cc_hal_lib\Debug
arm-none-eabi-gcc -mcpu=cortex-m0 -mthumb -mfloat-abi=soft -DSTM32F0 -DSTM32F030CCTx -DSTM32 -DUSE_HAL_DRIVER -DSTM32F030xC -I"E:/UWB/WS_F030CC/uwb_f030cc_hal_lib/CMSIS/core" -I"E:/UWB/WS_F030CC/uwb_f030cc_hal_lib/CMSIS/device" -I"E:/UWB/WS_F030CC/uwb_f030cc_hal_lib/HAL_Driver/Inc/Legacy" -I"E:/UWB/WS_F030CC/uwb_f030cc_hal_lib/HAL_Driver/Inc" -O0 -g3 -Wall -fmessage-length=0 -ffunction-sections -c -MMD -MP -MF"HAL_Driver/Src/stm32f0xx_hal_cec.d" -MT"HAL_Driver/Src/stm32f0xx_hal_cec.o" -o "HAL_Driver/Src/stm32f0xx_hal_cec.o" "../HAL_Driver/Src/stm32f0xx_hal_cec.c"
Finished building: ../HAL_Driver/Src/stm32f0xx_hal_cec.c
 
Building file: ../HAL_Driver/Src/stm32f0xx_hal_comp.c
Invoking: MCU GCC Compiler
E:\UWB\WS_F030CC\uwb_f030cc_hal_lib\Debug
arm-none-eabi-gcc -mcpu=cortex-m0 -mthumb -mfloat-abi=soft -DSTM32F0 -DSTM32F030CCTx -DSTM32 -DUSE_HAL_DRIVER -DSTM32F030xC -I"E:/UWB/WS_F030CC/uwb_f030cc_hal_lib/CMSIS/core" -I"E:/UWB/WS_F030CC/uwb_f030cc_hal_lib/CMSIS/device" -I"E:/UWB/WS_F030CC/uwb_f030cc_hal_lib/HAL_Driver/Inc/Legacy" -I"E:/UWB/WS_F030CC/uwb_f030cc_hal_lib/HAL_Driver/Inc" -O0 -g3 -Wall -fmessage-length=0 -ffunction-sections -c -MMD -MP -MF"HAL_Driver/Src/stm32f0xx_hal_comp.d" -MT"HAL_Driver/Src/stm32f0xx_hal_comp.o" -o "HAL_Driver/Src/stm32f0xx_hal_comp.o" "../HAL_Driver/Src/stm32f0xx_hal_comp.c"
Finished building: ../HAL_Driver/Src/stm32f0xx_hal_comp.c
 
Building file: ../HAL_Driver/Src/stm32f0xx_hal_cortex.c
Invoking: MCU GCC Compiler
E:\UWB\WS_F030CC\uwb_f030cc_hal_lib\Debug
arm-none-eabi-gcc -mcpu=cortex-m0 -mthumb -mfloat-abi=soft -DSTM32F0 -DSTM32F030CCTx -DSTM32 -DUSE_HAL_DRIVER -DSTM32F030xC -I"E:/UWB/WS_F030CC/uwb_f030cc_hal_lib/CMSIS/core" -I"E:/UWB/WS_F030CC/uwb_f030cc_hal_lib/CMSIS/device" -I"E:/UWB/WS_F030CC/uwb_f030cc_hal_lib/HAL_Driver/Inc/Legacy" -I"E:/UWB/WS_F030CC/uwb_f030cc_hal_lib/HAL_Driver/Inc" -O0 -g3 -Wall -fmessage-length=0 -ffunction-sections -c -MMD -MP -MF"HAL_Driver/Src/stm32f0xx_hal_cortex.d" -MT"HAL_Driver/Src/stm32f0xx_hal_cortex.o" -o "HAL_Driver/Src/stm32f0xx_hal_cortex.o" "../HAL_Driver/Src/stm32f0xx_hal_cortex.c"
Finished building: ../HAL_Driver/Src/stm32f0xx_hal_cortex.c
 
Building file: ../HAL_Driver/Src/stm32f0xx_hal_crc.c
Invoking: MCU GCC Compiler
E:\UWB\WS_F030CC\uwb_f030cc_hal_lib\Debug
arm-none-eabi-gcc -mcpu=cortex-m0 -mthumb -mfloat-abi=soft -DSTM32F0 -DSTM32F030CCTx -DSTM32 -DUSE_HAL_DRIVER -DSTM32F030xC -I"E:/UWB/WS_F030CC/uwb_f030cc_hal_lib/CMSIS/core" -I"E:/UWB/WS_F030CC/uwb_f030cc_hal_lib/CMSIS/device" -I"E:/UWB/WS_F030CC/uwb_f030cc_hal_lib/HAL_Driver/Inc/Legacy" -I"E:/UWB/WS_F030CC/uwb_f030cc_hal_lib/HAL_Driver/Inc" -O0 -g3 -Wall -fmessage-length=0 -ffunction-sections -c -MMD -MP -MF"HAL_Driver/Src/stm32f0xx_hal_crc.d" -MT"HAL_Driver/Src/stm32f0xx_hal_crc.o" -o "HAL_Driver/Src/stm32f0xx_hal_crc.o" "../HAL_Driver/Src/stm32f0xx_hal_crc.c"
Finished building: ../HAL_Driver/Src/stm32f0xx_hal_crc.c
 
Building file: ../HAL_Driver/Src/stm32f0xx_hal_crc_ex.c
Invoking: MCU GCC Compiler
E:\UWB\WS_F030CC\uwb_f030cc_hal_lib\Debug
arm-none-eabi-gcc -mcpu=cortex-m0 -mthumb -mfloat-abi=soft -DSTM32F0 -DSTM32F030CCTx -DSTM32 -DUSE_HAL_DRIVER -DSTM32F030xC -I"E:/UWB/WS_F030CC/uwb_f030cc_hal_lib/CMSIS/core" -I"E:/UWB/WS_F030CC/uwb_f030cc_hal_lib/CMSIS/device" -I"E:/UWB/WS_F030CC/uwb_f030cc_hal_lib/HAL_Driver/Inc/Legacy" -I"E:/UWB/WS_F030CC/uwb_f030cc_hal_lib/HAL_Driver/Inc" -O0 -g3 -Wall -fmessage-length=0 -ffunction-sections -c -MMD -MP -MF"HAL_Driver/Src/stm32f0xx_hal_crc_ex.d" -MT"HAL_Driver/Src/stm32f0xx_hal_crc_ex.o" -o "HAL_Driver/Src/stm32f0xx_hal_crc_ex.o" "../HAL_Driver/Src/stm32f0xx_hal_crc_ex.c"
Finished building: ../HAL_Driver/Src/stm32f0xx_hal_crc_ex.c
 
Building file: ../HAL_Driver/Src/stm32f0xx_hal_dac.c
Invoking: MCU GCC Compiler
E:\UWB\WS_F030CC\uwb_f030cc_hal_lib\Debug
arm-none-eabi-gcc -mcpu=cortex-m0 -mthumb -mfloat-abi=soft -DSTM32F0 -DSTM32F030CCTx -DSTM32 -DUSE_HAL_DRIVER -DSTM32F030xC -I"E:/UWB/WS_F030CC/uwb_f030cc_hal_lib/CMSIS/core" -I"E:/UWB/WS_F030CC/uwb_f030cc_hal_lib/CMSIS/device" -I"E:/UWB/WS_F030CC/uwb_f030cc_hal_lib/HAL_Driver/Inc/Legacy" -I"E:/UWB/WS_F030CC/uwb_f030cc_hal_lib/HAL_Driver/Inc" -O0 -g3 -Wall -fmessage-length=0 -ffunction-sections -c -MMD -MP -MF"HAL_Driver/Src/stm32f0xx_hal_dac.d" -MT"HAL_Driver/Src/stm32f0xx_hal_dac.o" -o "HAL_Driver/Src/stm32f0xx_hal_dac.o" "../HAL_Driver/Src/stm32f0xx_hal_dac.c"
Finished building: ../HAL_Driver/Src/stm32f0xx_hal_dac.c
 
Building file: ../HAL_Driver/Src/stm32f0xx_hal_dac_ex.c
Invoking: MCU GCC Compiler
E:\UWB\WS_F030CC\uwb_f030cc_hal_lib\Debug
arm-none-eabi-gcc -mcpu=cortex-m0 -mthumb -mfloat-abi=soft -DSTM32F0 -DSTM32F030CCTx -DSTM32 -DUSE_HAL_DRIVER -DSTM32F030xC -I"E:/UWB/WS_F030CC/uwb_f030cc_hal_lib/CMSIS/core" -I"E:/UWB/WS_F030CC/uwb_f030cc_hal_lib/CMSIS/device" -I"E:/UWB/WS_F030CC/uwb_f030cc_hal_lib/HAL_Driver/Inc/Legacy" -I"E:/UWB/WS_F030CC/uwb_f030cc_hal_lib/HAL_Driver/Inc" -O0 -g3 -Wall -fmessage-length=0 -ffunction-sections -c -MMD -MP -MF"HAL_Driver/Src/stm32f0xx_hal_dac_ex.d" -MT"HAL_Driver/Src/stm32f0xx_hal_dac_ex.o" -o "HAL_Driver/Src/stm32f0xx_hal_dac_ex.o" "../HAL_Driver/Src/stm32f0xx_hal_dac_ex.c"
Finished building: ../HAL_Driver/Src/stm32f0xx_hal_dac_ex.c
 
Building file: ../HAL_Driver/Src/stm32f0xx_hal_dma.c
Invoking: MCU GCC Compiler
E:\UWB\WS_F030CC\uwb_f030cc_hal_lib\Debug
arm-none-eabi-gcc -mcpu=cortex-m0 -mthumb -mfloat-abi=soft -DSTM32F0 -DSTM32F030CCTx -DSTM32 -DUSE_HAL_DRIVER -DSTM32F030xC -I"E:/UWB/WS_F030CC/uwb_f030cc_hal_lib/CMSIS/core" -I"E:/UWB/WS_F030CC/uwb_f030cc_hal_lib/CMSIS/device" -I"E:/UWB/WS_F030CC/uwb_f030cc_hal_lib/HAL_Driver/Inc/Legacy" -I"E:/UWB/WS_F030CC/uwb_f030cc_hal_lib/HAL_Driver/Inc" -O0 -g3 -Wall -fmessage-length=0 -ffunction-sections -c -MMD -MP -MF"HAL_Driver/Src/stm32f0xx_hal_dma.d" -MT"HAL_Driver/Src/stm32f0xx_hal_dma.o" -o "HAL_Driver/Src/stm32f0xx_hal_dma.o" "../HAL_Driver/Src/stm32f0xx_hal_dma.c"
Finished building: ../HAL_Driver/Src/stm32f0xx_hal_dma.c
 
Building file: ../HAL_Driver/Src/stm32f0xx_hal_flash.c
Invoking: MCU GCC Compiler
E:\UWB\WS_F030CC\uwb_f030cc_hal_lib\Debug
arm-none-eabi-gcc -mcpu=cortex-m0 -mthumb -mfloat-abi=soft -DSTM32F0 -DSTM32F030CCTx -DSTM32 -DUSE_HAL_DRIVER -DSTM32F030xC -I"E:/UWB/WS_F030CC/uwb_f030cc_hal_lib/CMSIS/core" -I"E:/UWB/WS_F030CC/uwb_f030cc_hal_lib/CMSIS/device" -I"E:/UWB/WS_F030CC/uwb_f030cc_hal_lib/HAL_Driver/Inc/Legacy" -I"E:/UWB/WS_F030CC/uwb_f030cc_hal_lib/HAL_Driver/Inc" -O0 -g3 -Wall -fmessage-length=0 -ffunction-sections -c -MMD -MP -MF"HAL_Driver/Src/stm32f0xx_hal_flash.d" -MT"HAL_Driver/Src/stm32f0xx_hal_flash.o" -o "HAL_Driver/Src/stm32f0xx_hal_flash.o" "../HAL_Driver/Src/stm32f0xx_hal_flash.c"
Finished building: ../HAL_Driver/Src/stm32f0xx_hal_flash.c
 
Building file: ../HAL_Driver/Src/stm32f0xx_hal_flash_ex.c
Invoking: MCU GCC Compiler
E:\UWB\WS_F030CC\uwb_f030cc_hal_lib\Debug
arm-none-eabi-gcc -mcpu=cortex-m0 -mthumb -mfloat-abi=soft -DSTM32F0 -DSTM32F030CCTx -DSTM32 -DUSE_HAL_DRIVER -DSTM32F030xC -I"E:/UWB/WS_F030CC/uwb_f030cc_hal_lib/CMSIS/core" -I"E:/UWB/WS_F030CC/uwb_f030cc_hal_lib/CMSIS/device" -I"E:/UWB/WS_F030CC/uwb_f030cc_hal_lib/HAL_Driver/Inc/Legacy" -I"E:/UWB/WS_F030CC/uwb_f030cc_hal_lib/HAL_Driver/Inc" -O0 -g3 -Wall -fmessage-length=0 -ffunction-sections -c -MMD -MP -MF"HAL_Driver/Src/stm32f0xx_hal_flash_ex.d" -MT"HAL_Driver/Src/stm32f0xx_hal_flash_ex.o" -o "HAL_Driver/Src/stm32f0xx_hal_flash_ex.o" "../HAL_Driver/Src/stm32f0xx_hal_flash_ex.c"
Finished building: ../HAL_Driver/Src/stm32f0xx_hal_flash_ex.c
 
Building file: ../HAL_Driver/Src/stm32f0xx_hal_gpio.c
Invoking: MCU GCC Compiler
E:\UWB\WS_F030CC\uwb_f030cc_hal_lib\Debug
arm-none-eabi-gcc -mcpu=cortex-m0 -mthumb -mfloat-abi=soft -DSTM32F0 -DSTM32F030CCTx -DSTM32 -DUSE_HAL_DRIVER -DSTM32F030xC -I"E:/UWB/WS_F030CC/uwb_f030cc_hal_lib/CMSIS/core" -I"E:/UWB/WS_F030CC/uwb_f030cc_hal_lib/CMSIS/device" -I"E:/UWB/WS_F030CC/uwb_f030cc_hal_lib/HAL_Driver/Inc/Legacy" -I"E:/UWB/WS_F030CC/uwb_f030cc_hal_lib/HAL_Driver/Inc" -O0 -g3 -Wall -fmessage-length=0 -ffunction-sections -c -MMD -MP -MF"HAL_Driver/Src/stm32f0xx_hal_gpio.d" -MT"HAL_Driver/Src/stm32f0xx_hal_gpio.o" -o "HAL_Driver/Src/stm32f0xx_hal_gpio.o" "../HAL_Driver/Src/stm32f0xx_hal_gpio.c"
Finished building: ../HAL_Driver/Src/stm32f0xx_hal_gpio.c
 
Building file: ../HAL_Driver/Src/stm32f0xx_hal_i2c.c
Invoking: MCU GCC Compiler
E:\UWB\WS_F030CC\uwb_f030cc_hal_lib\Debug
arm-none-eabi-gcc -mcpu=cortex-m0 -mthumb -mfloat-abi=soft -DSTM32F0 -DSTM32F030CCTx -DSTM32 -DUSE_HAL_DRIVER -DSTM32F030xC -I"E:/UWB/WS_F030CC/uwb_f030cc_hal_lib/CMSIS/core" -I"E:/UWB/WS_F030CC/uwb_f030cc_hal_lib/CMSIS/device" -I"E:/UWB/WS_F030CC/uwb_f030cc_hal_lib/HAL_Driver/Inc/Legacy" -I"E:/UWB/WS_F030CC/uwb_f030cc_hal_lib/HAL_Driver/Inc" -O0 -g3 -Wall -fmessage-length=0 -ffunction-sections -c -MMD -MP -MF"HAL_Driver/Src/stm32f0xx_hal_i2c.d" -MT"HAL_Driver/Src/stm32f0xx_hal_i2c.o" -o "HAL_Driver/Src/stm32f0xx_hal_i2c.o" "../HAL_Driver/Src/stm32f0xx_hal_i2c.c"
Finished building: ../HAL_Driver/Src/stm32f0xx_hal_i2c.c
 
Building file: ../HAL_Driver/Src/stm32f0xx_hal_i2c_ex.c
Invoking: MCU GCC Compiler
E:\UWB\WS_F030CC\uwb_f030cc_hal_lib\Debug
arm-none-eabi-gcc -mcpu=cortex-m0 -mthumb -mfloat-abi=soft -DSTM32F0 -DSTM32F030CCTx -DSTM32 -DUSE_HAL_DRIVER -DSTM32F030xC -I"E:/UWB/WS_F030CC/uwb_f030cc_hal_lib/CMSIS/core" -I"E:/UWB/WS_F030CC/uwb_f030cc_hal_lib/CMSIS/device" -I"E:/UWB/WS_F030CC/uwb_f030cc_hal_lib/HAL_Driver/Inc/Legacy" -I"E:/UWB/WS_F030CC/uwb_f030cc_hal_lib/HAL_Driver/Inc" -O0 -g3 -Wall -fmessage-length=0 -ffunction-sections -c -MMD -MP -MF"HAL_Driver/Src/stm32f0xx_hal_i2c_ex.d" -MT"HAL_Driver/Src/stm32f0xx_hal_i2c_ex.o" -o "HAL_Driver/Src/stm32f0xx_hal_i2c_ex.o" "../HAL_Driver/Src/stm32f0xx_hal_i2c_ex.c"
Finished building: ../HAL_Driver/Src/stm32f0xx_hal_i2c_ex.c
 
Building file: ../HAL_Driver/Src/stm32f0xx_hal_i2s.c
Invoking: MCU GCC Compiler
E:\UWB\WS_F030CC\uwb_f030cc_hal_lib\Debug
arm-none-eabi-gcc -mcpu=cortex-m0 -mthumb -mfloat-abi=soft -DSTM32F0 -DSTM32F030CCTx -DSTM32 -DUSE_HAL_DRIVER -DSTM32F030xC -I"E:/UWB/WS_F030CC/uwb_f030cc_hal_lib/CMSIS/core" -I"E:/UWB/WS_F030CC/uwb_f030cc_hal_lib/CMSIS/device" -I"E:/UWB/WS_F030CC/uwb_f030cc_hal_lib/HAL_Driver/Inc/Legacy" -I"E:/UWB/WS_F030CC/uwb_f030cc_hal_lib/HAL_Driver/Inc" -O0 -g3 -Wall -fmessage-length=0 -ffunction-sections -c -MMD -MP -MF"HAL_Driver/Src/stm32f0xx_hal_i2s.d" -MT"HAL_Driver/Src/stm32f0xx_hal_i2s.o" -o "HAL_Driver/Src/stm32f0xx_hal_i2s.o" "../HAL_Driver/Src/stm32f0xx_hal_i2s.c"
Finished building: ../HAL_Driver/Src/stm32f0xx_hal_i2s.c
 
Building file: ../HAL_Driver/Src/stm32f0xx_hal_irda.c
Invoking: MCU GCC Compiler
E:\UWB\WS_F030CC\uwb_f030cc_hal_lib\Debug
arm-none-eabi-gcc -mcpu=cortex-m0 -mthumb -mfloat-abi=soft -DSTM32F0 -DSTM32F030CCTx -DSTM32 -DUSE_HAL_DRIVER -DSTM32F030xC -I"E:/UWB/WS_F030CC/uwb_f030cc_hal_lib/CMSIS/core" -I"E:/UWB/WS_F030CC/uwb_f030cc_hal_lib/CMSIS/device" -I"E:/UWB/WS_F030CC/uwb_f030cc_hal_lib/HAL_Driver/Inc/Legacy" -I"E:/UWB/WS_F030CC/uwb_f030cc_hal_lib/HAL_Driver/Inc" -O0 -g3 -Wall -fmessage-length=0 -ffunction-sections -c -MMD -MP -MF"HAL_Driver/Src/stm32f0xx_hal_irda.d" -MT"HAL_Driver/Src/stm32f0xx_hal_irda.o" -o "HAL_Driver/Src/stm32f0xx_hal_irda.o" "../HAL_Driver/Src/stm32f0xx_hal_irda.c"
Finished building: ../HAL_Driver/Src/stm32f0xx_hal_irda.c
 
Building file: ../HAL_Driver/Src/stm32f0xx_hal_iwdg.c
Invoking: MCU GCC Compiler
E:\UWB\WS_F030CC\uwb_f030cc_hal_lib\Debug
arm-none-eabi-gcc -mcpu=cortex-m0 -mthumb -mfloat-abi=soft -DSTM32F0 -DSTM32F030CCTx -DSTM32 -DUSE_HAL_DRIVER -DSTM32F030xC -I"E:/UWB/WS_F030CC/uwb_f030cc_hal_lib/CMSIS/core" -I"E:/UWB/WS_F030CC/uwb_f030cc_hal_lib/CMSIS/device" -I"E:/UWB/WS_F030CC/uwb_f030cc_hal_lib/HAL_Driver/Inc/Legacy" -I"E:/UWB/WS_F030CC/uwb_f030cc_hal_lib/HAL_Driver/Inc" -O0 -g3 -Wall -fmessage-length=0 -ffunction-sections -c -MMD -MP -MF"HAL_Driver/Src/stm32f0xx_hal_iwdg.d" -MT"HAL_Driver/Src/stm32f0xx_hal_iwdg.o" -o "HAL_Driver/Src/stm32f0xx_hal_iwdg.o" "../HAL_Driver/Src/stm32f0xx_hal_iwdg.c"
Finished building: ../HAL_Driver/Src/stm32f0xx_hal_iwdg.c
 
Building file: ../HAL_Driver/Src/stm32f0xx_hal_msp_template.c
Invoking: MCU GCC Compiler
E:\UWB\WS_F030CC\uwb_f030cc_hal_lib\Debug
arm-none-eabi-gcc -mcpu=cortex-m0 -mthumb -mfloat-abi=soft -DSTM32F0 -DSTM32F030CCTx -DSTM32 -DUSE_HAL_DRIVER -DSTM32F030xC -I"E:/UWB/WS_F030CC/uwb_f030cc_hal_lib/CMSIS/core" -I"E:/UWB/WS_F030CC/uwb_f030cc_hal_lib/CMSIS/device" -I"E:/UWB/WS_F030CC/uwb_f030cc_hal_lib/HAL_Driver/Inc/Legacy" -I"E:/UWB/WS_F030CC/uwb_f030cc_hal_lib/HAL_Driver/Inc" -O0 -g3 -Wall -fmessage-length=0 -ffunction-sections -c -MMD -MP -MF"HAL_Driver/Src/stm32f0xx_hal_msp_template.d" -MT"HAL_Driver/Src/stm32f0xx_hal_msp_template.o" -o "HAL_Driver/Src/stm32f0xx_hal_msp_template.o" "../HAL_Driver/Src/stm32f0xx_hal_msp_template.c"
Finished building: ../HAL_Driver/Src/stm32f0xx_hal_msp_template.c
 
Building file: ../HAL_Driver/Src/stm32f0xx_hal_pcd.c
Invoking: MCU GCC Compiler
E:\UWB\WS_F030CC\uwb_f030cc_hal_lib\Debug
arm-none-eabi-gcc -mcpu=cortex-m0 -mthumb -mfloat-abi=soft -DSTM32F0 -DSTM32F030CCTx -DSTM32 -DUSE_HAL_DRIVER -DSTM32F030xC -I"E:/UWB/WS_F030CC/uwb_f030cc_hal_lib/CMSIS/core" -I"E:/UWB/WS_F030CC/uwb_f030cc_hal_lib/CMSIS/device" -I"E:/UWB/WS_F030CC/uwb_f030cc_hal_lib/HAL_Driver/Inc/Legacy" -I"E:/UWB/WS_F030CC/uwb_f030cc_hal_lib/HAL_Driver/Inc" -O0 -g3 -Wall -fmessage-length=0 -ffunction-sections -c -MMD -MP -MF"HAL_Driver/Src/stm32f0xx_hal_pcd.d" -MT"HAL_Driver/Src/stm32f0xx_hal_pcd.o" -o "HAL_Driver/Src/stm32f0xx_hal_pcd.o" "../HAL_Driver/Src/stm32f0xx_hal_pcd.c"
Finished building: ../HAL_Driver/Src/stm32f0xx_hal_pcd.c
 
Building file: ../HAL_Driver/Src/stm32f0xx_hal_pcd_ex.c
Invoking: MCU GCC Compiler
E:\UWB\WS_F030CC\uwb_f030cc_hal_lib\Debug
arm-none-eabi-gcc -mcpu=cortex-m0 -mthumb -mfloat-abi=soft -DSTM32F0 -DSTM32F030CCTx -DSTM32 -DUSE_HAL_DRIVER -DSTM32F030xC -I"E:/UWB/WS_F030CC/uwb_f030cc_hal_lib/CMSIS/core" -I"E:/UWB/WS_F030CC/uwb_f030cc_hal_lib/CMSIS/device" -I"E:/UWB/WS_F030CC/uwb_f030cc_hal_lib/HAL_Driver/Inc/Legacy" -I"E:/UWB/WS_F030CC/uwb_f030cc_hal_lib/HAL_Driver/Inc" -O0 -g3 -Wall -fmessage-length=0 -ffunction-sections -c -MMD -MP -MF"HAL_Driver/Src/stm32f0xx_hal_pcd_ex.d" -MT"HAL_Driver/Src/stm32f0xx_hal_pcd_ex.o" -o "HAL_Driver/Src/stm32f0xx_hal_pcd_ex.o" "../HAL_Driver/Src/stm32f0xx_hal_pcd_ex.c"
Finished building: ../HAL_Driver/Src/stm32f0xx_hal_pcd_ex.c
 
Building file: ../HAL_Driver/Src/stm32f0xx_hal_pwr.c
Invoking: MCU GCC Compiler
E:\UWB\WS_F030CC\uwb_f030cc_hal_lib\Debug
arm-none-eabi-gcc -mcpu=cortex-m0 -mthumb -mfloat-abi=soft -DSTM32F0 -DSTM32F030CCTx -DSTM32 -DUSE_HAL_DRIVER -DSTM32F030xC -I"E:/UWB/WS_F030CC/uwb_f030cc_hal_lib/CMSIS/core" -I"E:/UWB/WS_F030CC/uwb_f030cc_hal_lib/CMSIS/device" -I"E:/UWB/WS_F030CC/uwb_f030cc_hal_lib/HAL_Driver/Inc/Legacy" -I"E:/UWB/WS_F030CC/uwb_f030cc_hal_lib/HAL_Driver/Inc" -O0 -g3 -Wall -fmessage-length=0 -ffunction-sections -c -MMD -MP -MF"HAL_Driver/Src/stm32f0xx_hal_pwr.d" -MT"HAL_Driver/Src/stm32f0xx_hal_pwr.o" -o "HAL_Driver/Src/stm32f0xx_hal_pwr.o" "../HAL_Driver/Src/stm32f0xx_hal_pwr.c"
Finished building: ../HAL_Driver/Src/stm32f0xx_hal_pwr.c
 
Building file: ../HAL_Driver/Src/stm32f0xx_hal_pwr_ex.c
Invoking: MCU GCC Compiler
E:\UWB\WS_F030CC\uwb_f030cc_hal_lib\Debug
arm-none-eabi-gcc -mcpu=cortex-m0 -mthumb -mfloat-abi=soft -DSTM32F0 -DSTM32F030CCTx -DSTM32 -DUSE_HAL_DRIVER -DSTM32F030xC -I"E:/UWB/WS_F030CC/uwb_f030cc_hal_lib/CMSIS/core" -I"E:/UWB/WS_F030CC/uwb_f030cc_hal_lib/CMSIS/device" -I"E:/UWB/WS_F030CC/uwb_f030cc_hal_lib/HAL_Driver/Inc/Legacy" -I"E:/UWB/WS_F030CC/uwb_f030cc_hal_lib/HAL_Driver/Inc" -O0 -g3 -Wall -fmessage-length=0 -ffunction-sections -c -MMD -MP -MF"HAL_Driver/Src/stm32f0xx_hal_pwr_ex.d" -MT"HAL_Driver/Src/stm32f0xx_hal_pwr_ex.o" -o "HAL_Driver/Src/stm32f0xx_hal_pwr_ex.o" "../HAL_Driver/Src/stm32f0xx_hal_pwr_ex.c"
Finished building: ../HAL_Driver/Src/stm32f0xx_hal_pwr_ex.c
 
Building file: ../HAL_Driver/Src/stm32f0xx_hal_rcc.c
Invoking: MCU GCC Compiler
E:\UWB\WS_F030CC\uwb_f030cc_hal_lib\Debug
arm-none-eabi-gcc -mcpu=cortex-m0 -mthumb -mfloat-abi=soft -DSTM32F0 -DSTM32F030CCTx -DSTM32 -DUSE_HAL_DRIVER -DSTM32F030xC -I"E:/UWB/WS_F030CC/uwb_f030cc_hal_lib/CMSIS/core" -I"E:/UWB/WS_F030CC/uwb_f030cc_hal_lib/CMSIS/device" -I"E:/UWB/WS_F030CC/uwb_f030cc_hal_lib/HAL_Driver/Inc/Legacy" -I"E:/UWB/WS_F030CC/uwb_f030cc_hal_lib/HAL_Driver/Inc" -O0 -g3 -Wall -fmessage-length=0 -ffunction-sections -c -MMD -MP -MF"HAL_Driver/Src/stm32f0xx_hal_rcc.d" -MT"HAL_Driver/Src/stm32f0xx_hal_rcc.o" -o "HAL_Driver/Src/stm32f0xx_hal_rcc.o" "../HAL_Driver/Src/stm32f0xx_hal_rcc.c"
Finished building: ../HAL_Driver/Src/stm32f0xx_hal_rcc.c
 
Building file: ../HAL_Driver/Src/stm32f0xx_hal_rcc_ex.c
Invoking: MCU GCC Compiler
E:\UWB\WS_F030CC\uwb_f030cc_hal_lib\Debug
arm-none-eabi-gcc -mcpu=cortex-m0 -mthumb -mfloat-abi=soft -DSTM32F0 -DSTM32F030CCTx -DSTM32 -DUSE_HAL_DRIVER -DSTM32F030xC -I"E:/UWB/WS_F030CC/uwb_f030cc_hal_lib/CMSIS/core" -I"E:/UWB/WS_F030CC/uwb_f030cc_hal_lib/CMSIS/device" -I"E:/UWB/WS_F030CC/uwb_f030cc_hal_lib/HAL_Driver/Inc/Legacy" -I"E:/UWB/WS_F030CC/uwb_f030cc_hal_lib/HAL_Driver/Inc" -O0 -g3 -Wall -fmessage-length=0 -ffunction-sections -c -MMD -MP -MF"HAL_Driver/Src/stm32f0xx_hal_rcc_ex.d" -MT"HAL_Driver/Src/stm32f0xx_hal_rcc_ex.o" -o "HAL_Driver/Src/stm32f0xx_hal_rcc_ex.o" "../HAL_Driver/Src/stm32f0xx_hal_rcc_ex.c"
Finished building: ../HAL_Driver/Src/stm32f0xx_hal_rcc_ex.c
 
Building file: ../HAL_Driver/Src/stm32f0xx_hal_rtc.c
Invoking: MCU GCC Compiler
E:\UWB\WS_F030CC\uwb_f030cc_hal_lib\Debug
arm-none-eabi-gcc -mcpu=cortex-m0 -mthumb -mfloat-abi=soft -DSTM32F0 -DSTM32F030CCTx -DSTM32 -DUSE_HAL_DRIVER -DSTM32F030xC -I"E:/UWB/WS_F030CC/uwb_f030cc_hal_lib/CMSIS/core" -I"E:/UWB/WS_F030CC/uwb_f030cc_hal_lib/CMSIS/device" -I"E:/UWB/WS_F030CC/uwb_f030cc_hal_lib/HAL_Driver/Inc/Legacy" -I"E:/UWB/WS_F030CC/uwb_f030cc_hal_lib/HAL_Driver/Inc" -O0 -g3 -Wall -fmessage-length=0 -ffunction-sections -c -MMD -MP -MF"HAL_Driver/Src/stm32f0xx_hal_rtc.d" -MT"HAL_Driver/Src/stm32f0xx_hal_rtc.o" -o "HAL_Driver/Src/stm32f0xx_hal_rtc.o" "../HAL_Driver/Src/stm32f0xx_hal_rtc.c"
Finished building: ../HAL_Driver/Src/stm32f0xx_hal_rtc.c
 
Building file: ../HAL_Driver/Src/stm32f0xx_hal_rtc_ex.c
Invoking: MCU GCC Compiler
E:\UWB\WS_F030CC\uwb_f030cc_hal_lib\Debug
arm-none-eabi-gcc -mcpu=cortex-m0 -mthumb -mfloat-abi=soft -DSTM32F0 -DSTM32F030CCTx -DSTM32 -DUSE_HAL_DRIVER -DSTM32F030xC -I"E:/UWB/WS_F030CC/uwb_f030cc_hal_lib/CMSIS/core" -I"E:/UWB/WS_F030CC/uwb_f030cc_hal_lib/CMSIS/device" -I"E:/UWB/WS_F030CC/uwb_f030cc_hal_lib/HAL_Driver/Inc/Legacy" -I"E:/UWB/WS_F030CC/uwb_f030cc_hal_lib/HAL_Driver/Inc" -O0 -g3 -Wall -fmessage-length=0 -ffunction-sections -c -MMD -MP -MF"HAL_Driver/Src/stm32f0xx_hal_rtc_ex.d" -MT"HAL_Driver/Src/stm32f0xx_hal_rtc_ex.o" -o "HAL_Driver/Src/stm32f0xx_hal_rtc_ex.o" "../HAL_Driver/Src/stm32f0xx_hal_rtc_ex.c"
Finished building: ../HAL_Driver/Src/stm32f0xx_hal_rtc_ex.c
 
Building file: ../HAL_Driver/Src/stm32f0xx_hal_smartcard.c
Invoking: MCU GCC Compiler
E:\UWB\WS_F030CC\uwb_f030cc_hal_lib\Debug
arm-none-eabi-gcc -mcpu=cortex-m0 -mthumb -mfloat-abi=soft -DSTM32F0 -DSTM32F030CCTx -DSTM32 -DUSE_HAL_DRIVER -DSTM32F030xC -I"E:/UWB/WS_F030CC/uwb_f030cc_hal_lib/CMSIS/core" -I"E:/UWB/WS_F030CC/uwb_f030cc_hal_lib/CMSIS/device" -I"E:/UWB/WS_F030CC/uwb_f030cc_hal_lib/HAL_Driver/Inc/Legacy" -I"E:/UWB/WS_F030CC/uwb_f030cc_hal_lib/HAL_Driver/Inc" -O0 -g3 -Wall -fmessage-length=0 -ffunction-sections -c -MMD -MP -MF"HAL_Driver/Src/stm32f0xx_hal_smartcard.d" -MT"HAL_Driver/Src/stm32f0xx_hal_smartcard.o" -o "HAL_Driver/Src/stm32f0xx_hal_smartcard.o" "../HAL_Driver/Src/stm32f0xx_hal_smartcard.c"
Finished building: ../HAL_Driver/Src/stm32f0xx_hal_smartcard.c
 
Building file: ../HAL_Driver/Src/stm32f0xx_hal_smartcard_ex.c
Invoking: MCU GCC Compiler
E:\UWB\WS_F030CC\uwb_f030cc_hal_lib\Debug
arm-none-eabi-gcc -mcpu=cortex-m0 -mthumb -mfloat-abi=soft -DSTM32F0 -DSTM32F030CCTx -DSTM32 -DUSE_HAL_DRIVER -DSTM32F030xC -I"E:/UWB/WS_F030CC/uwb_f030cc_hal_lib/CMSIS/core" -I"E:/UWB/WS_F030CC/uwb_f030cc_hal_lib/CMSIS/device" -I"E:/UWB/WS_F030CC/uwb_f030cc_hal_lib/HAL_Driver/Inc/Legacy" -I"E:/UWB/WS_F030CC/uwb_f030cc_hal_lib/HAL_Driver/Inc" -O0 -g3 -Wall -fmessage-length=0 -ffunction-sections -c -MMD -MP -MF"HAL_Driver/Src/stm32f0xx_hal_smartcard_ex.d" -MT"HAL_Driver/Src/stm32f0xx_hal_smartcard_ex.o" -o "HAL_Driver/Src/stm32f0xx_hal_smartcard_ex.o" "../HAL_Driver/Src/stm32f0xx_hal_smartcard_ex.c"
Finished building: ../HAL_Driver/Src/stm32f0xx_hal_smartcard_ex.c
 
Building file: ../HAL_Driver/Src/stm32f0xx_hal_smbus.c
Invoking: MCU GCC Compiler
E:\UWB\WS_F030CC\uwb_f030cc_hal_lib\Debug
arm-none-eabi-gcc -mcpu=cortex-m0 -mthumb -mfloat-abi=soft -DSTM32F0 -DSTM32F030CCTx -DSTM32 -DUSE_HAL_DRIVER -DSTM32F030xC -I"E:/UWB/WS_F030CC/uwb_f030cc_hal_lib/CMSIS/core" -I"E:/UWB/WS_F030CC/uwb_f030cc_hal_lib/CMSIS/device" -I"E:/UWB/WS_F030CC/uwb_f030cc_hal_lib/HAL_Driver/Inc/Legacy" -I"E:/UWB/WS_F030CC/uwb_f030cc_hal_lib/HAL_Driver/Inc" -O0 -g3 -Wall -fmessage-length=0 -ffunction-sections -c -MMD -MP -MF"HAL_Driver/Src/stm32f0xx_hal_smbus.d" -MT"HAL_Driver/Src/stm32f0xx_hal_smbus.o" -o "HAL_Driver/Src/stm32f0xx_hal_smbus.o" "../HAL_Driver/Src/stm32f0xx_hal_smbus.c"
Finished building: ../HAL_Driver/Src/stm32f0xx_hal_smbus.c
 
Building file: ../HAL_Driver/Src/stm32f0xx_hal_spi.c
Invoking: MCU GCC Compiler
E:\UWB\WS_F030CC\uwb_f030cc_hal_lib\Debug
arm-none-eabi-gcc -mcpu=cortex-m0 -mthumb -mfloat-abi=soft -DSTM32F0 -DSTM32F030CCTx -DSTM32 -DUSE_HAL_DRIVER -DSTM32F030xC -I"E:/UWB/WS_F030CC/uwb_f030cc_hal_lib/CMSIS/core" -I"E:/UWB/WS_F030CC/uwb_f030cc_hal_lib/CMSIS/device" -I"E:/UWB/WS_F030CC/uwb_f030cc_hal_lib/HAL_Driver/Inc/Legacy" -I"E:/UWB/WS_F030CC/uwb_f030cc_hal_lib/HAL_Driver/Inc" -O0 -g3 -Wall -fmessage-length=0 -ffunction-sections -c -MMD -MP -MF"HAL_Driver/Src/stm32f0xx_hal_spi.d" -MT"HAL_Driver/Src/stm32f0xx_hal_spi.o" -o "HAL_Driver/Src/stm32f0xx_hal_spi.o" "../HAL_Driver/Src/stm32f0xx_hal_spi.c"
Finished building: ../HAL_Driver/Src/stm32f0xx_hal_spi.c
 
Building file: ../HAL_Driver/Src/stm32f0xx_hal_spi_ex.c
Invoking: MCU GCC Compiler
E:\UWB\WS_F030CC\uwb_f030cc_hal_lib\Debug
arm-none-eabi-gcc -mcpu=cortex-m0 -mthumb -mfloat-abi=soft -DSTM32F0 -DSTM32F030CCTx -DSTM32 -DUSE_HAL_DRIVER -DSTM32F030xC -I"E:/UWB/WS_F030CC/uwb_f030cc_hal_lib/CMSIS/core" -I"E:/UWB/WS_F030CC/uwb_f030cc_hal_lib/CMSIS/device" -I"E:/UWB/WS_F030CC/uwb_f030cc_hal_lib/HAL_Driver/Inc/Legacy" -I"E:/UWB/WS_F030CC/uwb_f030cc_hal_lib/HAL_Driver/Inc" -O0 -g3 -Wall -fmessage-length=0 -ffunction-sections -c -MMD -MP -MF"HAL_Driver/Src/stm32f0xx_hal_spi_ex.d" -MT"HAL_Driver/Src/stm32f0xx_hal_spi_ex.o" -o "HAL_Driver/Src/stm32f0xx_hal_spi_ex.o" "../HAL_Driver/Src/stm32f0xx_hal_spi_ex.c"
Finished building: ../HAL_Driver/Src/stm32f0xx_hal_spi_ex.c
 
Building file: ../HAL_Driver/Src/stm32f0xx_hal_tim.c
Invoking: MCU GCC Compiler
E:\UWB\WS_F030CC\uwb_f030cc_hal_lib\Debug
arm-none-eabi-gcc -mcpu=cortex-m0 -mthumb -mfloat-abi=soft -DSTM32F0 -DSTM32F030CCTx -DSTM32 -DUSE_HAL_DRIVER -DSTM32F030xC -I"E:/UWB/WS_F030CC/uwb_f030cc_hal_lib/CMSIS/core" -I"E:/UWB/WS_F030CC/uwb_f030cc_hal_lib/CMSIS/device" -I"E:/UWB/WS_F030CC/uwb_f030cc_hal_lib/HAL_Driver/Inc/Legacy" -I"E:/UWB/WS_F030CC/uwb_f030cc_hal_lib/HAL_Driver/Inc" -O0 -g3 -Wall -fmessage-length=0 -ffunction-sections -c -MMD -MP -MF"HAL_Driver/Src/stm32f0xx_hal_tim.d" -MT"HAL_Driver/Src/stm32f0xx_hal_tim.o" -o "HAL_Driver/Src/stm32f0xx_hal_tim.o" "../HAL_Driver/Src/stm32f0xx_hal_tim.c"
Finished building: ../HAL_Driver/Src/stm32f0xx_hal_tim.c
 
Building file: ../HAL_Driver/Src/stm32f0xx_hal_tim_ex.c
Invoking: MCU GCC Compiler
E:\UWB\WS_F030CC\uwb_f030cc_hal_lib\Debug
arm-none-eabi-gcc -mcpu=cortex-m0 -mthumb -mfloat-abi=soft -DSTM32F0 -DSTM32F030CCTx -DSTM32 -DUSE_HAL_DRIVER -DSTM32F030xC -I"E:/UWB/WS_F030CC/uwb_f030cc_hal_lib/CMSIS/core" -I"E:/UWB/WS_F030CC/uwb_f030cc_hal_lib/CMSIS/device" -I"E:/UWB/WS_F030CC/uwb_f030cc_hal_lib/HAL_Driver/Inc/Legacy" -I"E:/UWB/WS_F030CC/uwb_f030cc_hal_lib/HAL_Driver/Inc" -O0 -g3 -Wall -fmessage-length=0 -ffunction-sections -c -MMD -MP -MF"HAL_Driver/Src/stm32f0xx_hal_tim_ex.d" -MT"HAL_Driver/Src/stm32f0xx_hal_tim_ex.o" -o "HAL_Driver/Src/stm32f0xx_hal_tim_ex.o" "../HAL_Driver/Src/stm32f0xx_hal_tim_ex.c"
Finished building: ../HAL_Driver/Src/stm32f0xx_hal_tim_ex.c
 
Building file: ../HAL_Driver/Src/stm32f0xx_hal_tsc.c
[...]
Finished building: ../HAL_Driver/Src/stm32f0xx_ll_i2c.c
 
Building file: ../HAL_Driver/Src/stm32f0xx_ll_pwr.c
Invoking: MCU GCC Compiler
E:\UWB\WS_F030CC\uwb_f030cc_hal_lib\Debug
arm-none-eabi-gcc -mcpu=cortex-m0 -mthumb -mfloat-abi=soft -DSTM32F0 -DSTM32F030CCTx -DSTM32 -DUSE_HAL_DRIVER -DSTM32F030xC -I"E:/UWB/WS_F030CC/uwb_f030cc_hal_lib/CMSIS/core" -I"E:/UWB/WS_F030CC/uwb_f030cc_hal_lib/CMSIS/device" -I"E:/UWB/WS_F030CC/uwb_f030cc_hal_lib/HAL_Driver/Inc/Legacy" -I"E:/UWB/WS_F030CC/uwb_f030cc_hal_lib/HAL_Driver/Inc" -O0 -g3 -Wall -fmessage-length=0 -ffunction-sections -c -MMD -MP -MF"HAL_Driver/Src/stm32f0xx_ll_pwr.d" -MT"HAL_Driver/Src/stm32f0xx_ll_pwr.o" -o "HAL_Driver/Src/stm32f0xx_ll_pwr.o" "../HAL_Driver/Src/stm32f0xx_ll_pwr.c"
Finished building: ../HAL_Driver/Src/stm32f0xx_ll_pwr.c
 
Building file: ../HAL_Driver/Src/stm32f0xx_ll_rcc.c
Invoking: MCU GCC Compiler
E:\UWB\WS_F030CC\uwb_f030cc_hal_lib\Debug
arm-none-eabi-gcc -mcpu=cortex-m0 -mthumb -mfloat-abi=soft -DSTM32F0 -DSTM32F030CCTx -DSTM32 -DUSE_HAL_DRIVER -DSTM32F030xC -I"E:/UWB/WS_F030CC/uwb_f030cc_hal_lib/CMSIS/core" -I"E:/UWB/WS_F030CC/uwb_f030cc_hal_lib/CMSIS/device" -I"E:/UWB/WS_F030CC/uwb_f030cc_hal_lib/HAL_Driver/Inc/Legacy" -I"E:/UWB/WS_F030CC/uwb_f030cc_hal_lib/HAL_Driver/Inc" -O0 -g3 -Wall -fmessage-length=0 -ffunction-sections -c -MMD -MP -MF"HAL_Driver/Src/stm32f0xx_ll_rcc.d" -MT"HAL_Driver/Src/stm32f0xx_ll_rcc.o" -o "HAL_Driver/Src/stm32f0xx_ll_rcc.o" "../HAL_Driver/Src/stm32f0xx_ll_rcc.c"
Finished building: ../HAL_Driver/Src/stm32f0xx_ll_rcc.c
 
Building file: ../HAL_Driver/Src/stm32f0xx_ll_rtc.c
Invoking: MCU GCC Compiler
E:\UWB\WS_F030CC\uwb_f030cc_hal_lib\Debug
arm-none-eabi-gcc -mcpu=cortex-m0 -mthumb -mfloat-abi=soft -DSTM32F0 -DSTM32F030CCTx -DSTM32 -DUSE_HAL_DRIVER -DSTM32F030xC -I"E:/UWB/WS_F030CC/uwb_f030cc_hal_lib/CMSIS/core" -I"E:/UWB/WS_F030CC/uwb_f030cc_hal_lib/CMSIS/device" -I"E:/UWB/WS_F030CC/uwb_f030cc_hal_lib/HAL_Driver/Inc/Legacy" -I"E:/UWB/WS_F030CC/uwb_f030cc_hal_lib/HAL_Driver/Inc" -O0 -g3 -Wall -fmessage-length=0 -ffunction-sections -c -MMD -MP -MF"HAL_Driver/Src/stm32f0xx_ll_rtc.d" -MT"HAL_Driver/Src/stm32f0xx_ll_rtc.o" -o "HAL_Driver/Src/stm32f0xx_ll_rtc.o" "../HAL_Driver/Src/stm32f0xx_ll_rtc.c"
Finished building: ../HAL_Driver/Src/stm32f0xx_ll_rtc.c
 
Building file: ../HAL_Driver/Src/stm32f0xx_ll_spi.c
Invoking: MCU GCC Compiler
E:\UWB\WS_F030CC\uwb_f030cc_hal_lib\Debug
arm-none-eabi-gcc -mcpu=cortex-m0 -mthumb -mfloat-abi=soft -DSTM32F0 -DSTM32F030CCTx -DSTM32 -DUSE_HAL_DRIVER -DSTM32F030xC -I"E:/UWB/WS_F030CC/uwb_f030cc_hal_lib/CMSIS/core" -I"E:/UWB/WS_F030CC/uwb_f030cc_hal_lib/CMSIS/device" -I"E:/UWB/WS_F030CC/uwb_f030cc_hal_lib/HAL_Driver/Inc/Legacy" -I"E:/UWB/WS_F030CC/uwb_f030cc_hal_lib/HAL_Driver/Inc" -O0 -g3 -Wall -fmessage-length=0 -ffunction-sections -c -MMD -MP -MF"HAL_Driver/Src/stm32f0xx_ll_spi.d" -MT"HAL_Driver/Src/stm32f0xx_ll_spi.o" -o "HAL_Driver/Src/stm32f0xx_ll_spi.o" "../HAL_Driver/Src/stm32f0xx_ll_spi.c"
Finished building: ../HAL_Driver/Src/stm32f0xx_ll_spi.c
 
Building file: ../HAL_Driver/Src/stm32f0xx_ll_tim.c
Invoking: MCU GCC Compiler
E:\UWB\WS_F030CC\uwb_f030cc_hal_lib\Debug
arm-none-eabi-gcc -mcpu=cortex-m0 -mthumb -mfloat-abi=soft -DSTM32F0 -DSTM32F030CCTx -DSTM32 -DUSE_HAL_DRIVER -DSTM32F030xC -I"E:/UWB/WS_F030CC/uwb_f030cc_hal_lib/CMSIS/core" -I"E:/UWB/WS_F030CC/uwb_f030cc_hal_lib/CMSIS/device" -I"E:/UWB/WS_F030CC/uwb_f030cc_hal_lib/HAL_Driver/Inc/Legacy" -I"E:/UWB/WS_F030CC/uwb_f030cc_hal_lib/HAL_Driver/Inc" -O0 -g3 -Wall -fmessage-length=0 -ffunction-sections -c -MMD -MP -MF"HAL_Driver/Src/stm32f0xx_ll_tim.d" -MT"HAL_Driver/Src/stm32f0xx_ll_tim.o" -o "HAL_Driver/Src/stm32f0xx_ll_tim.o" "../HAL_Driver/Src/stm32f0xx_ll_tim.c"
Finished building: ../HAL_Driver/Src/stm32f0xx_ll_tim.c
 
Building file: ../HAL_Driver/Src/stm32f0xx_ll_usart.c
Invoking: MCU GCC Compiler
E:\UWB\WS_F030CC\uwb_f030cc_hal_lib\Debug
arm-none-eabi-gcc -mcpu=cortex-m0 -mthumb -mfloat-abi=soft -DSTM32F0 -DSTM32F030CCTx -DSTM32 -DUSE_HAL_DRIVER -DSTM32F030xC -I"E:/UWB/WS_F030CC/uwb_f030cc_hal_lib/CMSIS/core" -I"E:/UWB/WS_F030CC/uwb_f030cc_hal_lib/CMSIS/device" -I"E:/UWB/WS_F030CC/uwb_f030cc_hal_lib/HAL_Driver/Inc/Legacy" -I"E:/UWB/WS_F030CC/uwb_f030cc_hal_lib/HAL_Driver/Inc" -O0 -g3 -Wall -fmessage-length=0 -ffunction-sections -c -MMD -MP -MF"HAL_Driver/Src/stm32f0xx_ll_usart.d" -MT"HAL_Driver/Src/stm32f0xx_ll_usart.o" -o "HAL_Driver/Src/stm32f0xx_ll_usart.o" "../HAL_Driver/Src/stm32f0xx_ll_usart.c"
Finished building: ../HAL_Driver/Src/stm32f0xx_ll_usart.c
 
Building file: ../HAL_Driver/Src/stm32f0xx_ll_utils.c
Invoking: MCU GCC Compiler
E:\UWB\WS_F030CC\uwb_f030cc_hal_lib\Debug
arm-none-eabi-gcc -mcpu=cortex-m0 -mthumb -mfloat-abi=soft -DSTM32F0 -DSTM32F030CCTx -DSTM32 -DUSE_HAL_DRIVER -DSTM32F030xC -I"E:/UWB/WS_F030CC/uwb_f030cc_hal_lib/CMSIS/core" -I"E:/UWB/WS_F030CC/uwb_f030cc_hal_lib/CMSIS/device" -I"E:/UWB/WS_F030CC/uwb_f030cc_hal_lib/HAL_Driver/Inc/Legacy" -I"E:/UWB/WS_F030CC/uwb_f030cc_hal_lib/HAL_Driver/Inc" -O0 -g3 -Wall -fmessage-length=0 -ffunction-sections -c -MMD -MP -MF"HAL_Driver/Src/stm32f0xx_ll_utils.d" -MT"HAL_Driver/Src/stm32f0xx_ll_utils.o" -o "HAL_Driver/Src/stm32f0xx_ll_utils.o" "../HAL_Driver/Src/stm32f0xx_ll_utils.c"
Finished building: ../HAL_Driver/Src/stm32f0xx_ll_utils.c
 
Building target: libuwb_f030cc_hal_lib.a
Invoking: MCU GCC Archiver
arm-none-eabi-ar -r  "libuwb_f030cc_hal_lib.a" @"objects.list"  
C:\Ac6\SystemWorkbench\plugins\fr.ac6.mcu.externaltools.arm-none.win32_1.13.2.201705091103\tools\compiler\bin\arm-none-eabi-ar.exe: creating libuwb_f030cc_hal_lib.a
Finished building target: libuwb_f030cc_hal_lib.a
 
22:41:53 **** Incremental Build of configuration Debug for project test_05b_ds_twr_respt ****
make all 
Building file: ../src/main.c
Invoking: MCU GCC Compiler
E:\UWB\WS_F030CC\test_05b_ds_twr_respt\Debug
arm-none-eabi-gcc -mcpu=cortex-m0 -mthumb -mfloat-abi=soft -DSTM32F0 -DSTM32F030CCTx -DSTM32 -DDEBUG -DUSE_HAL_DRIVER -DSTM32F030xC -I"E:/UWB/WS_F030CC/uwb_f030cc_hal_lib" -I"E:/UWB/WS_F030CC/test_05b_ds_twr_respt/inc" -I"E:/UWB/WS_F030CC/uwb_f030cc_hal_lib/CMSIS/core" -I"E:/UWB/WS_F030CC/uwb_f030cc_hal_lib/CMSIS/device" -I"E:/UWB/WS_F030CC/uwb_f030cc_hal_lib/HAL_Driver/Inc/Legacy" -I"E:/UWB/WS_F030CC/uwb_f030cc_hal_lib/HAL_Driver/Inc" -I"E:/UWB/dw1000_api_rev2p03/decadriver" -I"E:/UWB/WS_F030CC/platform" -O0 -g3 -Wall -fmessage-length=0 -ffunction-sections -c -MMD -MP -MF"src/main.d" -MT"src/main.o" -o "src/main.o" "../src/main.c"
../src/main.c: In function 'main':
../src/main.c:127:10: warning: variable 'dummy' set but not used [-Wunused-but-set-variable]
  uint8_t dummy;
          ^
Finished building: ../src/main.c
 
Building file: E:/UWB/WS_F030CC/platform/deca_spi.c
Invoking: MCU GCC Compiler
E:\UWB\WS_F030CC\test_05b_ds_twr_respt\Debug
arm-none-eabi-gcc -mcpu=cortex-m0 -mthumb -mfloat-abi=soft -DSTM32F0 -DSTM32F030CCTx -DSTM32 -DDEBUG -DUSE_HAL_DRIVER -DSTM32F030xC -I"E:/UWB/WS_F030CC/uwb_f030cc_hal_lib" -I"E:/UWB/WS_F030CC/test_05b_ds_twr_respt/inc" -I"E:/UWB/WS_F030CC/uwb_f030cc_hal_lib/CMSIS/core" -I"E:/UWB/WS_F030CC/uwb_f030cc_hal_lib/CMSIS/device" -I"E:/UWB/WS_F030CC/uwb_f030cc_hal_lib/HAL_Driver/Inc/Legacy" -I"E:/UWB/WS_F030CC/uwb_f030cc_hal_lib/HAL_Driver/Inc" -I"E:/UWB/dw1000_api_rev2p03/decadriver" -I"E:/UWB/WS_F030CC/platform" -O0 -g3 -Wall -fmessage-length=0 -ffunction-sections -c -MMD -MP -MF"platform/deca_spi.d" -MT"platform/deca_spi.o" -o "platform/deca_spi.o" "E:/UWB/WS_F030CC/platform/deca_spi.c"
E:/UWB/WS_F030CC/platform/deca_spi.c: In function 'readfromspi':
E:/UWB/WS_F030CC/platform/deca_spi.c:179:23: warning: variable 'error' set but not used [-Wunused-but-set-variable]
     HAL_StatusTypeDef error=0;
                       ^
Finished building: E:/UWB/WS_F030CC/platform/deca_spi.c
 
Building file: E:/UWB/WS_F030CC/platform/port.c
Invoking: MCU GCC Compiler
E:\UWB\WS_F030CC\test_05b_ds_twr_respt\Debug
arm-none-eabi-gcc -mcpu=cortex-m0 -mthumb -mfloat-abi=soft -DSTM32F0 -DSTM32F030CCTx -DSTM32 -DDEBUG -DUSE_HAL_DRIVER -DSTM32F030xC -I"E:/UWB/WS_F030CC/uwb_f030cc_hal_lib" -I"E:/UWB/WS_F030CC/test_05b_ds_twr_respt/inc" -I"E:/UWB/WS_F030CC/uwb_f030cc_hal_lib/CMSIS/core" -I"E:/UWB/WS_F030CC/uwb_f030cc_hal_lib/CMSIS/device" -I"E:/UWB/WS_F030CC/uwb_f030cc_hal_lib/HAL_Driver/Inc/Legacy" -I"E:/UWB/WS_F030CC/uwb_f030cc_hal_lib/HAL_Driver/Inc" -I"E:/UWB/dw1000_api_rev2p03/decadriver" -I"E:/UWB/WS_F030CC/platform" -O0 -g3 -Wall -fmessage-length=0 -ffunction-sections -c -MMD -MP -MF"platform/port.d" -MT"platform/port.o" -o "platform/port.o" "E:/UWB/WS_F030CC/platform/port.c"
Finished building: E:/UWB/WS_F030CC/platform/port.c
 
Building file: E:/UWB/dw1000_api_rev2p03/decadriver/deca_device.c
Invoking: MCU GCC Compiler
E:\UWB\WS_F030CC\test_05b_ds_twr_respt\Debug
arm-none-eabi-gcc -mcpu=cortex-m0 -mthumb -mfloat-abi=soft -DSTM32F0 -DSTM32F030CCTx -DSTM32 -DDEBUG -DUSE_HAL_DRIVER -DSTM32F030xC -I"E:/UWB/WS_F030CC/uwb_f030cc_hal_lib" -I"E:/UWB/WS_F030CC/test_05b_ds_twr_respt/inc" -I"E:/UWB/WS_F030CC/uwb_f030cc_hal_lib/CMSIS/core" -I"E:/UWB/WS_F030CC/uwb_f030cc_hal_lib/CMSIS/device" -I"E:/UWB/WS_F030CC/uwb_f030cc_hal_lib/HAL_Driver/Inc/Legacy" -I"E:/UWB/WS_F030CC/uwb_f030cc_hal_lib/HAL_Driver/Inc" -I"E:/UWB/dw1000_api_rev2p03/decadriver" -I"E:/UWB/WS_F030CC/platform" -O0 -g3 -Wall -fmessage-length=0 -ffunction-sections -c -MMD -MP -MF"decadriver/deca_device.d" -MT"decadriver/deca_device.o" -o "decadriver/deca_device.o" "E:/UWB/dw1000_api_rev2p03/decadriver/deca_device.c"
Finished building: E:/UWB/dw1000_api_rev2p03/decadriver/deca_device.c
 
Building file: E:/UWB/dw1000_api_rev2p03/decadriver/deca_params_init.c
Invoking: MCU GCC Compiler
E:\UWB\WS_F030CC\test_05b_ds_twr_respt\Debug
arm-none-eabi-gcc -mcpu=cortex-m0 -mthumb -mfloat-abi=soft -DSTM32F0 -DSTM32F030CCTx -DSTM32 -DDEBUG -DUSE_HAL_DRIVER -DSTM32F030xC -I"E:/UWB/WS_F030CC/uwb_f030cc_hal_lib" -I"E:/UWB/WS_F030CC/test_05b_ds_twr_respt/inc" -I"E:/UWB/WS_F030CC/uwb_f030cc_hal_lib/CMSIS/core" -I"E:/UWB/WS_F030CC/uwb_f030cc_hal_lib/CMSIS/device" -I"E:/UWB/WS_F030CC/uwb_f030cc_hal_lib/HAL_Driver/Inc/Legacy" -I"E:/UWB/WS_F030CC/uwb_f030cc_hal_lib/HAL_Driver/Inc" -I"E:/UWB/dw1000_api_rev2p03/decadriver" -I"E:/UWB/WS_F030CC/platform" -O0 -g3 -Wall -fmessage-length=0 -ffunction-sections -c -MMD -MP -MF"decadriver/deca_params_init.d" -MT"decadriver/deca_params_init.o" -o "decadriver/deca_params_init.o" "E:/UWB/dw1000_api_rev2p03/decadriver/deca_params_init.c"
Finished building: E:/UWB/dw1000_api_rev2p03/decadriver/deca_params_init.c
 
Building target: test_05b_ds_twr_respt.elf
Invoking: MCU GCC Linker
arm-none-eabi-gcc -mcpu=cortex-m0 -mthumb -mfloat-abi=soft -L"E:\UWB\WS_F030CC\uwb_f030cc_hal_lib\Debug" -T"E:\UWB\WS_F030CC\test_05b_ds_twr_respt\LinkerScript.ld" -Wl,-Map=output.map -Wl,--gc-sections -o "test_05b_ds_twr_respt.elf" @"objects.list"  -luwb_f030cc_hal_lib -lm
Finished building target: test_05b_ds_twr_respt.elf
 
make --no-print-directory post-build
Generating binary and Printing size information:
arm-none-eabi-objcopy -O binary "test_05b_ds_twr_respt.elf" "test_05b_ds_twr_respt.bin"
arm-none-eabi-size "test_05b_ds_twr_respt.elf"
   text	   data	    bss	    dec	    hex	filename
  25984	   1148	   1400	  28532	   6f74	test_05b_ds_twr_respt.elf
 
22:45:52 **** Incremental Build of configuration Debug for project uwb_f030cc_hal_lib ****
make all 
make: Nothing to be done for `all'.
22:45:53 **** Incremental Build of configuration Debug for project test_05b_ds_twr_respt ****
make all 
Building file: ../src/main.c
Invoking: MCU GCC Compiler
E:\UWB\WS_F030CC\test_05b_ds_twr_respt\Debug
arm-none-eabi-gcc -mcpu=cortex-m0 -mthumb -mfloat-abi=soft -DSTM32F0 -DSTM32F030CCTx -DSTM32 -DDEBUG -DUSE_HAL_DRIVER -DSTM32F030xC -I"E:/UWB/WS_F030CC/uwb_f030cc_hal_lib" -I"E:/UWB/WS_F030CC/test_05b_ds_twr_respt/inc" -I"E:/UWB/WS_F030CC/uwb_f030cc_hal_lib/CMSIS/core" -I"E:/UWB/WS_F030CC/uwb_f030cc_hal_lib/CMSIS/device" -I"E:/UWB/WS_F030CC/uwb_f030cc_hal_lib/HAL_Driver/Inc/Legacy" -I"E:/UWB/WS_F030CC/uwb_f030cc_hal_lib/HAL_Driver/Inc" -I"E:/UWB/dw1000_api_rev2p03/decadriver" -I"E:/UWB/WS_F030CC/platform" -O0 -g3 -Wall -fmessage-length=0 -ffunction-sections -c -MMD -MP -MF"src/main.d" -MT"src/main.o" -o "src/main.o" "../src/main.c"
../src/main.c: In function 'main':
../src/main.c:127:10: warning: variable 'dummy' set but not used [-Wunused-but-set-variable]
  uint8_t dummy;
          ^
Finished building: ../src/main.c
 
Building target: test_05b_ds_twr_respt.elf
Invoking: MCU GCC Linker
arm-none-eabi-gcc -mcpu=cortex-m0 -mthumb -mfloat-abi=soft -L"E:\UWB\WS_F030CC\uwb_f030cc_hal_lib\Debug" -T"E:\UWB\WS_F030CC\test_05b_ds_twr_respt\LinkerScript.ld" -Wl,-Map=output.map -Wl,--gc-sections -o "test_05b_ds_twr_respt.elf" @"objects.list"  -luwb_f030cc_hal_lib -lm
Finished building target: test_05b_ds_twr_respt.elf
 
make --no-print-directory post-build
Generating binary and Printing size information:
arm-none-eabi-objcopy -O binary "test_05b_ds_twr_respt.elf" "test_05b_ds_twr_respt.bin"
arm-none-eabi-size "test_05b_ds_twr_respt.elf"
   text	   data	    bss	    dec	    hex	filename
  26496	   1148	   1400	  29044	   7174	test_05b_ds_twr_respt.elf
 
22:49:53 **** Incremental Build of configuration Debug for project uwb_f030cc_hal_lib ****
make all 
make: Nothing to be done for `all'.
22:49:54 **** Incremental Build of configuration Debug for project test_05b_ds_twr_respt ****
make all 
Building file: E:/UWB/WS_F030CC/platform/port.c
Invoking: MCU GCC Compiler
E:\UWB\WS_F030CC\test_05b_ds_twr_respt\Debug
arm-none-eabi-gcc -mcpu=cortex-m0 -mthumb -mfloat-abi=soft -DSTM32F0 -DSTM32F030CCTx -DSTM32 -DDEBUG -DUSE_HAL_DRIVER -DSTM32F030xC -I"E:/UWB/WS_F030CC/uwb_f030cc_hal_lib" -I"E:/UWB/WS_F030CC/test_05b_ds_twr_respt/inc" -I"E:/UWB/WS_F030CC/uwb_f030cc_hal_lib/CMSIS/core" -I"E:/UWB/WS_F030CC/uwb_f030cc_hal_lib/CMSIS/device" -I"E:/UWB/WS_F030CC/uwb_f030cc_hal_lib/HAL_Driver/Inc/Legacy" -I"E:/UWB/WS_F030CC/uwb_f030cc_hal_lib/HAL_Driver/Inc" -I"E:/UWB/dw1000_api_rev2p03/decadriver" -I"E:/UWB/WS_F030CC/platform" -O0 -g3 -Wall -fmessage-length=0 -ffunction-sections -c -MMD -MP -MF"platform/port.d" -MT"platform/port.o" -o "platform/port.o" "E:/UWB/WS_F030CC/platform/port.c"
Finished building: E:/UWB/WS_F030CC/platform/port.c
 
Building target: test_05b_ds_twr_respt.elf
Invoking: MCU GCC Linker
arm-none-eabi-gcc -mcpu=cortex-m0 -mthumb -mfloat-abi=soft -L"E:\UWB\WS_F030CC\uwb_f030cc_hal_lib\Debug" -T"E:\UWB\WS_F030CC\test_05b_ds_twr_respt\LinkerScript.ld" -Wl,-Map=output.map -Wl,--gc-sections -o "test_05b_ds_twr_respt.elf" @"objects.list"  -luwb_f030cc_hal_lib -lm
Finished building target: test_05b_ds_twr_respt.elf
 
make --no-print-directory post-build
Generating binary and Printing size information:
arm-none-eabi-objcopy -O binary "test_05b_ds_twr_respt.elf" "test_05b_ds_twr_respt.bin"
arm-none-eabi-size "test_05b_ds_twr_respt.elf"
   text	   data	    bss	    dec	    hex	filename
  26496	   1148	   1400	  29044	   7174	test_05b_ds_twr_respt.elf
 
22:50:13 **** Incremental Build of configuration Debug for project uwb_f030cc_hal_lib ****
make all 
make: Nothing to be done for `all'.
22:50:13 **** Incremental Build of configuration Debug for project test_05b_ds_twr_respt ****
make all 
make: Nothing to be done for `all'.
22:52:01 **** Incremental Build of configuration Debug for project uwb_f030cc_hal_lib ****
make all 
make: Nothing to be done for `all'.
22:52:01 **** Incremental Build of configuration Debug for project test_05b_ds_twr_respt ****
make all 
Building file: E:/UWB/WS_F030CC/platform/port.c
Invoking: MCU GCC Compiler
E:\UWB\WS_F030CC\test_05b_ds_twr_respt\Debug
arm-none-eabi-gcc -mcpu=cortex-m0 -mthumb -mfloat-abi=soft -DSTM32F0 -DSTM32F030CCTx -DSTM32 -DDEBUG -DUSE_HAL_DRIVER -DSTM32F030xC -I"E:/UWB/WS_F030CC/uwb_f030cc_hal_lib" -I"E:/UWB/WS_F030CC/test_05b_ds_twr_respt/inc" -I"E:/UWB/WS_F030CC/uwb_f030cc_hal_lib/CMSIS/core" -I"E:/UWB/WS_F030CC/uwb_f030cc_hal_lib/CMSIS/device" -I"E:/UWB/WS_F030CC/uwb_f030cc_hal_lib/HAL_Driver/Inc/Legacy" -I"E:/UWB/WS_F030CC/uwb_f030cc_hal_lib/HAL_Driver/Inc" -I"E:/UWB/dw1000_api_rev2p03/decadriver" -I"E:/UWB/WS_F030CC/platform" -O0 -g3 -Wall -fmessage-length=0 -ffunction-sections -c -MMD -MP -MF"platform/port.d" -MT"platform/port.o" -o "platform/port.o" "E:/UWB/WS_F030CC/platform/port.c"
Finished building: E:/UWB/WS_F030CC/platform/port.c
 
Building target: test_05b_ds_twr_respt.elf
Invoking: MCU GCC Linker
arm-none-eabi-gcc -mcpu=cortex-m0 -mthumb -mfloat-abi=soft -L"E:\UWB\WS_F030CC\uwb_f030cc_hal_lib\Debug" -T"E:\UWB\WS_F030CC\test_05b_ds_twr_respt\LinkerScript.ld" -Wl,-Map=output.map -Wl,--gc-sections -o "test_05b_ds_twr_respt.elf" @"objects.list"  -luwb_f030cc_hal_lib -lm
Finished building target: test_05b_ds_twr_respt.elf
 
make --no-print-directory post-build
Generating binary and Printing size information:
arm-none-eabi-objcopy -O binary "test_05b_ds_twr_respt.elf" "test_05b_ds_twr_respt.bin"
arm-none-eabi-size "test_05b_ds_twr_respt.elf"
   text	   data	    bss	    dec	    hex	filename
  26496	   1148	   1400	  29044	   7174	test_05b_ds_twr_respt.elf
 
22:53:24 **** Incremental Build of configuration Debug for project uwb_f030cc_hal_lib ****
make all 
make: Nothing to be done for `all'.
22:53:25 **** Incremental Build of configuration Debug for project test_05b_ds_twr_respt ****
make all 
make: Nothing to be done for `all'.
22:53:51 **** Incremental Build of configuration Debug for project uwb_f030cc_hal_lib ****
make all 
make: Nothing to be done for `all'.
22:53:51 **** Incremental Build of configuration Debug for project test_05b_ds_twr_respt ****
make all 
make: Nothing to be done for `all'.
22:54:06 **** Incremental Build of configuration Debug for project uwb_f030cc_hal_lib ****
make all 
make: Nothing to be done for `all'.
22:54:07 **** Incremental Build of configuration Debug for project test_05b_ds_twr_respt ****
make all 
make: Nothing to be done for `all'.
22:54:53 **** Incremental Build of configuration Debug for project uwb_f030cc_hal_lib ****
make all 
make: Nothing to be done for `all'.
22:54:54 **** Incremental Build of configuration Debug for project test_05b_ds_twr_respt ****
make all 
Building file: E:/UWB/WS_F030CC/platform/port.c
Invoking: MCU GCC Compiler
E:\UWB\WS_F030CC\test_05b_ds_twr_respt\Debug
arm-none-eabi-gcc -mcpu=cortex-m0 -mthumb -mfloat-abi=soft -DSTM32F0 -DSTM32F030CCTx -DSTM32 -DDEBUG -DUSE_HAL_DRIVER -DSTM32F030xC -I"E:/UWB/WS_F030CC/uwb_f030cc_hal_lib" -I"E:/UWB/WS_F030CC/test_05b_ds_twr_respt/inc" -I"E:/UWB/WS_F030CC/uwb_f030cc_hal_lib/CMSIS/core" -I"E:/UWB/WS_F030CC/uwb_f030cc_hal_lib/CMSIS/device" -I"E:/UWB/WS_F030CC/uwb_f030cc_hal_lib/HAL_Driver/Inc/Legacy" -I"E:/UWB/WS_F030CC/uwb_f030cc_hal_lib/HAL_Driver/Inc" -I"E:/UWB/dw1000_api_rev2p03/decadriver" -I"E:/UWB/WS_F030CC/platform" -O0 -g3 -Wall -fmessage-length=0 -ffunction-sections -c -MMD -MP -MF"platform/port.d" -MT"platform/port.o" -o "platform/port.o" "E:/UWB/WS_F030CC/platform/port.c"
Finished building: E:/UWB/WS_F030CC/platform/port.c
 
Building target: test_05b_ds_twr_respt.elf
Invoking: MCU GCC Linker
arm-none-eabi-gcc -mcpu=cortex-m0 -mthumb -mfloat-abi=soft -L"E:\UWB\WS_F030CC\uwb_f030cc_hal_lib\Debug" -T"E:\UWB\WS_F030CC\test_05b_ds_twr_respt\LinkerScript.ld" -Wl,-Map=output.map -Wl,--gc-sections -o "test_05b_ds_twr_respt.elf" @"objects.list"  -luwb_f030cc_hal_lib -lm
Finished building target: test_05b_ds_twr_respt.elf
 
make --no-print-directory post-build
Generating binary and Printing size information:
arm-none-eabi-objcopy -O binary "test_05b_ds_twr_respt.elf" "test_05b_ds_twr_respt.bin"
arm-none-eabi-size "test_05b_ds_twr_respt.elf"
   text	   data	    bss	    dec	    hex	filename
  26496	   1148	   1400	  29044	   7174	test_05b_ds_twr_respt.elf
 
