22:54:54 **** Incremental Build of configuration Debug for project test_05b_ds_twr_respt ****
make all 
Building file: E:/UWB/WS_F030CC/platform/port.c
Invoking: MCU GCC Compiler
E:\UWB\WS_F030CC\test_05b_ds_twr_respt\Debug
arm-none-eabi-gcc -mcpu=cortex-m0 -mthumb -mfloat-abi=soft -DSTM32F0 -DSTM32F030CCTx -DSTM32 -DDEBUG -DUSE_HAL_DRIVER -DSTM32F030xC -I"E:/UWB/WS_F030CC/uwb_f030cc_hal_lib" -I"E:/UWB/WS_F030CC/test_05b_ds_twr_respt/inc" -I"E:/UWB/WS_F030CC/uwb_f030cc_hal_lib/CMSIS/core" -I"E:/UWB/WS_F030CC/uwb_f030cc_hal_lib/CMSIS/device" -I"E:/UWB/WS_F030CC/uwb_f030cc_hal_lib/HAL_Driver/Inc/Legacy" -I"E:/UWB/WS_F030CC/uwb_f030cc_hal_lib/HAL_Driver/Inc" -I"E:/UWB/dw1000_api_rev2p03/decadriver" -I"E:/UWB/WS_F030CC/platform" -O0 -g3 -Wall -fmessage-length=0 -ffunction-sections -c -MMD -MP -MF"platform/port.d" -MT"platform/port.o" -o "platform/port.o" "E:/UWB/WS_F030CC/platform/port.c"
Finished building: E:/UWB/WS_F030CC/platform/port.c
 
Building target: test_05b_ds_twr_respt.elf
Invoking: MCU GCC Linker
arm-none-eabi-gcc -mcpu=cortex-m0 -mthumb -mfloat-abi=soft -L"E:\UWB\WS_F030CC\uwb_f030cc_hal_lib\Debug" -T"E:\UWB\WS_F030CC\test_05b_ds_twr_respt\LinkerScript.ld" -Wl,-Map=output.map -Wl,--gc-sections -o "test_05b_ds_twr_respt.elf" @"objects.list"  -luwb_f030cc_hal_lib -lm
Finished building target: test_05b_ds_twr_respt.elf
 
make --no-print-directory post-build
Generating binary and Printing size information:
arm-none-eabi-objcopy -O binary "test_05b_ds_twr_respt.elf" "test_05b_ds_twr_respt.bin"
arm-none-eabi-size "test_05b_ds_twr_respt.elf"
   text	   data	    bss	    dec	    hex	filename
  26496	   1148	   1400	  29044	   7174	test_05b_ds_twr_respt.elf
 

22:54:55 Build Finished (took 1s.178ms)

