12:41:28 **** Incremental Build of configuration Debug for project ex_05b_ds_twr_resp ****
make all 
Building file: ../src/main.c
Invoking: MCU GCC Compiler
E:\UWB\MX_STM32F411\ex_05b_ds_twr_resp\Debug
arm-none-eabi-gcc -mcpu=cortex-m4 -mthumb -mfloat-abi=hard -mfpu=fpv4-sp-d16 -DSTM32F4 -DSTM32 -DSTM32F411RETx -DDEBUG -DUSE_HAL_DRIVER -DSTM32F411xE -I"E:/UWB/MX_STM32F411/dwm1000_f411_hal_lib" -I"E:/UWB/MX_STM32F411/ex_05b_ds_twr_resp/inc" -I"E:/UWB/MX_STM32F411/dwm1000_f411_hal_lib/CMSIS/core" -I"E:/UWB/MX_STM32F411/dwm1000_f411_hal_lib/CMSIS/device" -I"E:/UWB/MX_STM32F411/dwm1000_f411_hal_lib/HAL_Driver/Inc/Legacy" -I"E:/UWB/MX_STM32F411/dwm1000_f411_hal_lib/HAL_Driver/Inc" -I"E:/UWB/DW_API_rev2p03_F411/decadriver" -I"E:/UWB/DW_API_rev2p03_F411/platform" -O0 -g3 -Wall -fmessage-length=0 -ffunction-sections -c -MMD -MP -MF"src/main.d" -MT"src/main.o" -o "src/main.o" "../src/main.c"
Finished building: ../src/main.c
 
Building target: ex_05b_ds_twr_resp.elf
Invoking: MCU GCC Linker
arm-none-eabi-gcc -mcpu=cortex-m4 -mthumb -mfloat-abi=hard -mfpu=fpv4-sp-d16 -L"E:\UWB\MX_STM32F411\dwm1000_f411_hal_lib\Debug" -T"E:\UWB\MX_STM32F411\ex_05b_ds_twr_resp\LinkerScript.ld" -Wl,-Map=output.map -Wl,--gc-sections -o "ex_05b_ds_twr_resp.elf" @"objects.list"  -ldwm1000_f411_hal_lib -lm
Finished building target: ex_05b_ds_twr_resp.elf
 
make --no-print-directory post-build
Generating binary and Printing size information:
arm-none-eabi-objcopy -O binary "ex_05b_ds_twr_resp.elf" "ex_05b_ds_twr_resp.bin"
arm-none-eabi-size "ex_05b_ds_twr_resp.elf"
   text	   data	    bss	    dec	    hex	filename
  36952	   2556	   1424	  40932	   9fe4	ex_05b_ds_twr_resp.elf
 

12:41:30 Build Finished (took 1s.326ms)

