Archive member included to satisfy reference by file (symbol)

c:/ac6/systemworkbench/plugins/fr.ac6.mcu.externaltools.arm-none.win32_1.13.2.201705091103/tools/compiler/bin/../lib/gcc/arm-none-eabi/5.4.1/armv7e-m/fpu\libgcc.a(_arm_addsubdf3.o)
                              Src/application/instance.o (__aeabi_dsub)
c:/ac6/systemworkbench/plugins/fr.ac6.mcu.externaltools.arm-none.win32_1.13.2.201705091103/tools/compiler/bin/../lib/gcc/arm-none-eabi/5.4.1/armv7e-m/fpu\libgcc.a(_arm_muldivdf3.o)
                              Src/application/dw_main.o (__aeabi_dmul)
c:/ac6/systemworkbench/plugins/fr.ac6.mcu.externaltools.arm-none.win32_1.13.2.201705091103/tools/compiler/bin/../lib/gcc/arm-none-eabi/5.4.1/armv7e-m/fpu\libgcc.a(_arm_cmpdf2.o)
                              Src/application/instance_common.o (__aeabi_dcmplt)
c:/ac6/systemworkbench/plugins/fr.ac6.mcu.externaltools.arm-none.win32_1.13.2.201705091103/tools/compiler/bin/../lib/gcc/arm-none-eabi/5.4.1/armv7e-m/fpu\libgcc.a(_arm_fixdfsi.o)
                              Src/application/dw_main.o (__aeabi_d2iz)
c:/ac6/systemworkbench/plugins/fr.ac6.mcu.externaltools.arm-none.win32_1.13.2.201705091103/tools/compiler/bin/../lib/gcc/arm-none-eabi/5.4.1/armv7e-m/fpu\libgcc.a(_arm_fixunsdfsi.o)
                              Src/application/instance_common.o (__aeabi_d2uiz)
c:/ac6/systemworkbench/plugins/fr.ac6.mcu.externaltools.arm-none.win32_1.13.2.201705091103/tools/compiler/bin/../lib/gcc/arm-none-eabi/5.4.1/armv7e-m/fpu\libgcc.a(_arm_truncdfsf2.o)
                              Src/application/instance_common.o (__aeabi_d2f)
c:/ac6/systemworkbench/plugins/fr.ac6.mcu.externaltools.arm-none.win32_1.13.2.201705091103/tools/compiler/bin/../lib/gcc/arm-none-eabi/5.4.1/armv7e-m/fpu\libgcc.a(_aeabi_uldivmod.o)
                              Src/application/instance.o (__aeabi_uldivmod)
c:/ac6/systemworkbench/plugins/fr.ac6.mcu.externaltools.arm-none.win32_1.13.2.201705091103/tools/compiler/bin/../lib/gcc/arm-none-eabi/5.4.1/armv7e-m/fpu\libgcc.a(_fixdfdi.o)
                              Src/application/instance.o (__aeabi_d2lz)
c:/ac6/systemworkbench/plugins/fr.ac6.mcu.externaltools.arm-none.win32_1.13.2.201705091103/tools/compiler/bin/../lib/gcc/arm-none-eabi/5.4.1/armv7e-m/fpu\libgcc.a(_fixunsdfdi.o)
                              Src/application/instance_common.o (__aeabi_d2ulz)
c:/ac6/systemworkbench/plugins/fr.ac6.mcu.externaltools.arm-none.win32_1.13.2.201705091103/tools/compiler/bin/../lib/gcc/arm-none-eabi/5.4.1/armv7e-m/fpu\libgcc.a(_udivmoddi4.o)
                              c:/ac6/systemworkbench/plugins/fr.ac6.mcu.externaltools.arm-none.win32_1.13.2.201705091103/tools/compiler/bin/../lib/gcc/arm-none-eabi/5.4.1/armv7e-m/fpu\libgcc.a(_aeabi_uldivmod.o) (__udivmoddi4)
c:/ac6/systemworkbench/plugins/fr.ac6.mcu.externaltools.arm-none.win32_1.13.2.201705091103/tools/compiler/bin/../lib/gcc/arm-none-eabi/5.4.1/armv7e-m/fpu\libgcc.a(_dvmd_tls.o)
                              c:/ac6/systemworkbench/plugins/fr.ac6.mcu.externaltools.arm-none.win32_1.13.2.201705091103/tools/compiler/bin/../lib/gcc/arm-none-eabi/5.4.1/armv7e-m/fpu\libgcc.a(_aeabi_uldivmod.o) (__aeabi_ldiv0)
c:/ac6/systemworkbench/plugins/fr.ac6.mcu.externaltools.arm-none.win32_1.13.2.201705091103/tools/compiler/bin/../lib/gcc/arm-none-eabi/5.4.1/../../../../arm-none-eabi/lib/armv7e-m/fpu\libc_nano.a(lib_a-exit.o)
                              c:/ac6/systemworkbench/plugins/fr.ac6.mcu.externaltools.arm-none.win32_1.13.2.201705091103/tools/compiler/bin/../lib/gcc/arm-none-eabi/5.4.1/../../../../arm-none-eabi/lib/armv7e-m/fpu/crt0.o (exit)
c:/ac6/systemworkbench/plugins/fr.ac6.mcu.externaltools.arm-none.win32_1.13.2.201705091103/tools/compiler/bin/../lib/gcc/arm-none-eabi/5.4.1/../../../../arm-none-eabi/lib/armv7e-m/fpu\libc_nano.a(lib_a-impure.o)
                              c:/ac6/systemworkbench/plugins/fr.ac6.mcu.externaltools.arm-none.win32_1.13.2.201705091103/tools/compiler/bin/../lib/gcc/arm-none-eabi/5.4.1/../../../../arm-none-eabi/lib/armv7e-m/fpu\libc_nano.a(lib_a-exit.o) (_global_impure_ptr)
c:/ac6/systemworkbench/plugins/fr.ac6.mcu.externaltools.arm-none.win32_1.13.2.201705091103/tools/compiler/bin/../lib/gcc/arm-none-eabi/5.4.1/../../../../arm-none-eabi/lib/armv7e-m/fpu\libc_nano.a(lib_a-init.o)
                              c:/ac6/systemworkbench/plugins/fr.ac6.mcu.externaltools.arm-none.win32_1.13.2.201705091103/tools/compiler/bin/../lib/gcc/arm-none-eabi/5.4.1/../../../../arm-none-eabi/lib/armv7e-m/fpu/crt0.o (__libc_init_array)
c:/ac6/systemworkbench/plugins/fr.ac6.mcu.externaltools.arm-none.win32_1.13.2.201705091103/tools/compiler/bin/../lib/gcc/arm-none-eabi/5.4.1/../../../../arm-none-eabi/lib/armv7e-m/fpu\libc_nano.a(lib_a-memcmp.o)
                              Src/application/instance.o (memcmp)
[...]
Memory Configuration

Name             Origin             Length             Attributes
RAM              0x20000000         0x00020000         xrw
FLASH            0x08000000         0x00080000         xr
*default*        0x00000000         0xffffffff

Linker script and memory map

LOAD c:/ac6/systemworkbench/plugins/fr.ac6.mcu.externaltools.arm-none.win32_1.13.2.201705091103/tools/compiler/bin/../lib/gcc/arm-none-eabi/5.4.1/armv7e-m/fpu/crti.o
LOAD c:/ac6/systemworkbench/plugins/fr.ac6.mcu.externaltools.arm-none.win32_1.13.2.201705091103/tools/compiler/bin/../lib/gcc/arm-none-eabi/5.4.1/armv7e-m/fpu/crtbegin.o
LOAD c:/ac6/systemworkbench/plugins/fr.ac6.mcu.externaltools.arm-none.win32_1.13.2.201705091103/tools/compiler/bin/../lib/gcc/arm-none-eabi/5.4.1/../../../../arm-none-eabi/lib/armv7e-m/fpu/crt0.o
LOAD Drivers/STM32F4xx_HAL_Driver/Src/stm32f4xx_hal.o
LOAD Drivers/STM32F4xx_HAL_Driver/Src/stm32f4xx_hal_adc.o
LOAD Drivers/STM32F4xx_HAL_Driver/Src/stm32f4xx_hal_adc_ex.o
LOAD Drivers/STM32F4xx_HAL_Driver/Src/stm32f4xx_hal_cortex.o
LOAD Drivers/STM32F4xx_HAL_Driver/Src/stm32f4xx_hal_dma.o
LOAD Drivers/STM32F4xx_HAL_Driver/Src/stm32f4xx_hal_dma_ex.o
LOAD Drivers/STM32F4xx_HAL_Driver/Src/stm32f4xx_hal_flash.o
LOAD Drivers/STM32F4xx_HAL_Driver/Src/stm32f4xx_hal_flash_ex.o
LOAD Drivers/STM32F4xx_HAL_Driver/Src/stm32f4xx_hal_flash_ramfunc.o
LOAD Drivers/STM32F4xx_HAL_Driver/Src/stm32f4xx_hal_gpio.o
LOAD Drivers/STM32F4xx_HAL_Driver/Src/stm32f4xx_hal_pwr.o
LOAD Drivers/STM32F4xx_HAL_Driver/Src/stm32f4xx_hal_pwr_ex.o
LOAD Drivers/STM32F4xx_HAL_Driver/Src/stm32f4xx_hal_rcc.o
LOAD Drivers/STM32F4xx_HAL_Driver/Src/stm32f4xx_hal_rcc_ex.o
LOAD Drivers/STM32F4xx_HAL_Driver/Src/stm32f4xx_hal_spi.o
LOAD Drivers/STM32F4xx_HAL_Driver/Src/stm32f4xx_hal_tim.o
LOAD Drivers/STM32F4xx_HAL_Driver/Src/stm32f4xx_hal_tim_ex.o
LOAD Drivers/STM32F4xx_HAL_Driver/Src/stm32f4xx_hal_uart.o
LOAD Src/application/dw_main.o
LOAD Src/application/instance.o
LOAD Src/application/instance_calib.o
LOAD Src/application/instance_common.o
LOAD Src/decadriver/deca_device.o
LOAD Src/decadriver/deca_params_init.o
LOAD Src/main.o
LOAD Src/stm32f4xx_hal_msp.o
LOAD Src/stm32f4xx_it.o
LOAD Src/system_stm32f4xx.o
LOAD Src/pcd8544/pcd8544.o
LOAD Src/platform/deca_mutex.o
LOAD Src/platform/deca_range_tables.o
LOAD Src/platform/deca_sleep.o
LOAD Src/platform/deca_spi.o
LOAD Src/platform/port.o
LOAD startup/startup_stm32f411xe.o
LOAD c:/ac6/systemworkbench/plugins/fr.ac6.mcu.externaltools.arm-none.win32_1.13.2.201705091103/tools/compiler/bin/../lib/gcc/arm-none-eabi/5.4.1/../../../../arm-none-eabi/lib/armv7e-m/fpu\libm.a
START GROUP
LOAD c:/ac6/systemworkbench/plugins/fr.ac6.mcu.externaltools.arm-none.win32_1.13.2.201705091103/tools/compiler/bin/../lib/gcc/arm-none-eabi/5.4.1/armv7e-m/fpu\libgcc.a
LOAD c:/ac6/systemworkbench/plugins/fr.ac6.mcu.externaltools.arm-none.win32_1.13.2.201705091103/tools/compiler/bin/../lib/gcc/arm-none-eabi/5.4.1/../../../../arm-none-eabi/lib/armv7e-m/fpu\libc_nano.a
END GROUP
START GROUP
LOAD c:/ac6/systemworkbench/plugins/fr.ac6.mcu.externaltools.arm-none.win32_1.13.2.201705091103/tools/compiler/bin/../lib/gcc/arm-none-eabi/5.4.1/armv7e-m/fpu\libgcc.a
LOAD c:/ac6/systemworkbench/plugins/fr.ac6.mcu.externaltools.arm-none.win32_1.13.2.201705091103/tools/compiler/bin/../lib/gcc/arm-none-eabi/5.4.1/../../../../arm-none-eabi/lib/armv7e-m/fpu\libc_nano.a
LOAD c:/ac6/systemworkbench/plugins/fr.ac6.mcu.externaltools.arm-none.win32_1.13.2.201705091103/tools/compiler/bin/../lib/gcc/arm-none-eabi/5.4.1/../../../../arm-none-eabi/lib/armv7e-m/fpu\libnosys.a
END GROUP
START GROUP
LOAD c:/ac6/systemworkbench/plugins/fr.ac6.mcu.externaltools.arm-none.win32_1.13.2.201705091103/tools/compiler/bin/../lib/gcc/arm-none-eabi/5.4.1/armv7e-m/fpu\libgcc.a
LOAD c:/ac6/systemworkbench/plugins/fr.ac6.mcu.externaltools.arm-none.win32_1.13.2.201705091103/tools/compiler/bin/../lib/gcc/arm-none-eabi/5.4.1/../../../../arm-none-eabi/lib/armv7e-m/fpu\libc_nano.a
LOAD c:/ac6/systemworkbench/plugins/fr.ac6.mcu.externaltools.arm-none.win32_1.13.2.201705091103/tools/compiler/bin/../lib/gcc/arm-none-eabi/5.4.1/../../../../arm-none-eabi/lib/armv7e-m/fpu\libnosys.a
END GROUP
LOAD c:/ac6/systemworkbench/plugins/fr.ac6.mcu.externaltools.arm-none.win32_1.13.2.201705091103/tools/compiler/bin/../lib/gcc/arm-none-eabi/5.4.1/armv7e-m/fpu/crtend.o
LOAD c:/ac6/systemworkbench/plugins/fr.ac6.mcu.externaltools.arm-none.win32_1.13.2.201705091103/tools/compiler/bin/../lib/gcc/arm-none-eabi/5.4.1/armv7e-m/fpu/crtn.o
                0x20020000                _estack = 0x20020000
                0x00000200                _Min_Heap_Size = 0x200
                0x00000400                _Min_Stack_Size = 0x400

.isr_vector     0x08000000      0x198
                0x08000000                . = ALIGN (0x4)
 *(.isr_vector)
 .isr_vector    0x08000000      0x198 startup/startup_stm32f411xe.o
                0x08000000                g_pfnVectors
                0x08000198                . = ALIGN (0x4)

.text           0x080001a0     0x6570
                0x080001a0                . = ALIGN (0x4)
 *(.text)
 .text          0x080001a0       0x5c c:/ac6/systemworkbench/plugins/fr.ac6.mcu.externaltools.arm-none.win32_1.13.2.201705091103/tools/compiler/bin/../lib/gcc/arm-none-eabi/5.4.1/armv7e-m/fpu/crtbegin.o
 .text          0x080001fc      0x370 c:/ac6/systemworkbench/plugins/fr.ac6.mcu.externaltools.arm-none.win32_1.13.2.201705091103/tools/compiler/bin/../lib/gcc/arm-none-eabi/5.4.1/armv7e-m/fpu\libgcc.a(_arm_addsubdf3.o)
                0x080001fc                __aeabi_drsub
                0x08000204                __aeabi_dsub
                0x08000204                __subdf3
                0x08000208                __aeabi_dadd
                0x08000208                __adddf3
                0x08000480                __floatunsidf
                0x08000480                __aeabi_ui2d
                0x080004a0                __floatsidf
                0x080004a0                __aeabi_i2d
                0x080004c4                __aeabi_f2d
                0x080004c4                __extendsfdf2
                0x08000500                __floatundidf
                0x08000500                __aeabi_ul2d
                0x08000510                __floatdidf
                0x08000510                __aeabi_l2d
 .text          0x0800056c      0x424 c:/ac6/systemworkbench/plugins/fr.ac6.mcu.externaltools.arm-none.win32_1.13.2.201705091103/tools/compiler/bin/../lib/gcc/arm-none-eabi/5.4.1/armv7e-m/fpu\libgcc.a(_arm_muldivdf3.o)
                0x0800056c                __aeabi_dmul
                0x0800056c                __muldf3
                0x080007c0                __divdf3
                0x080007c0                __aeabi_ddiv
 .text          0x08000990      0x110 c:/ac6/systemworkbench/plugins/fr.ac6.mcu.externaltools.arm-none.win32_1.13.2.201705091103/tools/compiler/bin/../lib/gcc/arm-none-eabi/5.4.1/armv7e-m/fpu\libgcc.a(_arm_cmpdf2.o)
                0x08000990                __gtdf2
                0x08000990                __gedf2
                0x08000998                __ltdf2
                0x08000998                __ledf2
                0x080009a0                __nedf2
                0x080009a0                __eqdf2
                0x080009a0                __cmpdf2
                0x08000a1c                __aeabi_cdrcmple
                0x08000a2c                __aeabi_cdcmpeq
                0x08000a2c                __aeabi_cdcmple
                0x08000a3c                __aeabi_dcmpeq
                0x08000a50                __aeabi_dcmplt
                0x08000a64                __aeabi_dcmple
                0x08000a78                __aeabi_dcmpge
                0x08000a8c                __aeabi_dcmpgt
 .text          0x08000aa0       0x50 c:/ac6/systemworkbench/plugins/fr.ac6.mcu.externaltools.arm-none.win32_1.13.2.201705091103/tools/compiler/bin/../lib/gcc/arm-none-eabi/5.4.1/armv7e-m/fpu\libgcc.a(_arm_fixdfsi.o)
                0x08000aa0                __aeabi_d2iz
                0x08000aa0                __fixdfsi
 .text          0x08000af0       0x40 c:/ac6/systemworkbench/plugins/fr.ac6.mcu.externaltools.arm-none.win32_1.13.2.201705091103/tools/compiler/bin/../lib/gcc/arm-none-eabi/5.4.1/armv7e-m/fpu\libgcc.a(_arm_fixunsdfsi.o)
                0x08000af0                __aeabi_d2uiz
                0x08000af0                __fixunsdfsi
 .text          0x08000b30       0xa0 c:/ac6/systemworkbench/plugins/fr.ac6.mcu.externaltools.arm-none.win32_1.13.2.201705091103/tools/compiler/bin/../lib/gcc/arm-none-eabi/5.4.1/armv7e-m/fpu\libgcc.a(_arm_truncdfsf2.o)
                0x08000b30                __truncdfsf2
                0x08000b30                __aeabi_d2f
 .text          0x08000bd0       0x30 c:/ac6/systemworkbench/plugins/fr.ac6.mcu.externaltools.arm-none.win32_1.13.2.201705091103/tools/compiler/bin/../lib/gcc/arm-none-eabi/5.4.1/armv7e-m/fpu\libgcc.a(_aeabi_uldivmod.o)
                0x08000bd0                __aeabi_uldivmod
 .text          0x08000c00       0x30 c:/ac6/systemworkbench/plugins/fr.ac6.mcu.externaltools.arm-none.win32_1.13.2.201705091103/tools/compiler/bin/../lib/gcc/arm-none-eabi/5.4.1/armv7e-m/fpu\libgcc.a(_fixdfdi.o)
                0x08000c00                __fixdfdi
                0x08000c00                __aeabi_d2lz
 .text          0x08000c30       0x48 c:/ac6/systemworkbench/plugins/fr.ac6.mcu.externaltools.arm-none.win32_1.13.2.201705091103/tools/compiler/bin/../lib/gcc/arm-none-eabi/5.4.1/armv7e-m/fpu\libgcc.a(_fixunsdfdi.o)
                0x08000c30                __fixunsdfdi
                0x08000c30                __aeabi_d2ulz
 .text          0x08000c78      0x2e4 c:/ac6/systemworkbench/plugins/fr.ac6.mcu.externaltools.arm-none.win32_1.13.2.201705091103/tools/compiler/bin/../lib/gcc/arm-none-eabi/5.4.1/armv7e-m/fpu\libgcc.a(_udivmoddi4.o)
                0x08000c78                __udivmoddi4
 .text          0x08000f5c        0x4 c:/ac6/systemworkbench/plugins/fr.ac6.mcu.externaltools.arm-none.win32_1.13.2.201705091103/tools/compiler/bin/../lib/gcc/arm-none-eabi/5.4.1/armv7e-m/fpu\libgcc.a(_dvmd_tls.o)
                0x08000f5c                __aeabi_idiv0
                0x08000f5c                __aeabi_ldiv0
 .text          0x08000f60       0xa0 c:/ac6/systemworkbench/plugins/fr.ac6.mcu.externaltools.arm-none.win32_1.13.2.201705091103/tools/compiler/bin/../lib/gcc/arm-none-eabi/5.4.1/../../../../arm-none-eabi/lib/armv7e-m/fpu\libc_nano.a(lib_a-memchr.o)
                0x08000f60                memchr
 *(.text*)
 .text.HAL_InitTick
                0x08001000       0x2c Drivers/STM32F4xx_HAL_Driver/Src/stm32f4xx_hal.o
                0x08001000                HAL_InitTick
 .text.HAL_Init
                0x0800102c       0x34 Drivers/STM32F4xx_HAL_Driver/Src/stm32f4xx_hal.o
                0x0800102c                HAL_Init
 .text.HAL_IncTick
                0x08001060       0x10 Drivers/STM32F4xx_HAL_Driver/Src/stm32f4xx_hal.o
                0x08001060                HAL_IncTick
 .text.HAL_GetTick
                0x08001070        0xc Drivers/STM32F4xx_HAL_Driver/Src/stm32f4xx_hal.o
                0x08001070                HAL_GetTick
 .text.HAL_Delay
                0x0800107c       0x24 Drivers/STM32F4xx_HAL_Driver/Src/stm32f4xx_hal.o
                0x0800107c                HAL_Delay
 .text.ADC_Init
                0x080010a0      0x138 Drivers/STM32F4xx_HAL_Driver/Src/stm32f4xx_hal_adc.o
 .text.HAL_ADC_Init
                0x080011d8       0x54 Drivers/STM32F4xx_HAL_Driver/Src/stm32f4xx_hal_adc.o
                0x080011d8                HAL_ADC_Init
 .text.HAL_ADC_ConfigChannel
                0x0800122c      0x190 Drivers/STM32F4xx_HAL_Driver/Src/stm32f4xx_hal_adc.o
                0x0800122c                HAL_ADC_ConfigChannel
 .text.HAL_NVIC_SetPriorityGrouping
                0x080013bc       0x24 Drivers/STM32F4xx_HAL_Driver/Src/stm32f4xx_hal_cortex.o
                0x080013bc                HAL_NVIC_SetPriorityGrouping
 .text.HAL_NVIC_SetPriority
                0x080013e0       0x64 Drivers/STM32F4xx_HAL_Driver/Src/stm32f4xx_hal_cortex.o
                0x080013e0                HAL_NVIC_SetPriority
 .text.HAL_NVIC_EnableIRQ
                0x08001444       0x18 Drivers/STM32F4xx_HAL_Driver/Src/stm32f4xx_hal_cortex.o
                0x08001444                HAL_NVIC_EnableIRQ
 .text.HAL_NVIC_DisableIRQ
                0x0800145c       0x1c Drivers/STM32F4xx_HAL_Driver/Src/stm32f4xx_hal_cortex.o
                0x0800145c                HAL_NVIC_DisableIRQ
 .text.HAL_SYSTICK_Config
                0x08001478       0x2c Drivers/STM32F4xx_HAL_Driver/Src/stm32f4xx_hal_cortex.o
                0x08001478                HAL_SYSTICK_Config
 .text.HAL_SYSTICK_CLKSourceConfig
                0x080014a4       0x20 Drivers/STM32F4xx_HAL_Driver/Src/stm32f4xx_hal_cortex.o
                0x080014a4                HAL_SYSTICK_CLKSourceConfig
 .text.HAL_SYSTICK_Callback
                0x080014c4        0x4 Drivers/STM32F4xx_HAL_Driver/Src/stm32f4xx_hal_cortex.o
                0x080014c4                HAL_SYSTICK_Callback
 .text.HAL_SYSTICK_IRQHandler
                0x080014c8        0x8 Drivers/STM32F4xx_HAL_Driver/Src/stm32f4xx_hal_cortex.o
                0x080014c8                HAL_SYSTICK_IRQHandler
 .text.HAL_GPIO_Init
                0x080014d0      0x19c Drivers/STM32F4xx_HAL_Driver/Src/stm32f4xx_hal_gpio.o
                0x080014d0                HAL_GPIO_Init
 .text.HAL_GPIO_ReadPin
                0x0800166c       0x10 Drivers/STM32F4xx_HAL_Driver/Src/stm32f4xx_hal_gpio.o
                0x0800166c                HAL_GPIO_ReadPin
 .text.HAL_GPIO_WritePin
                0x0800167c        0xc Drivers/STM32F4xx_HAL_Driver/Src/stm32f4xx_hal_gpio.o
                0x0800167c                HAL_GPIO_WritePin
 .text.HAL_GPIO_TogglePin
                0x08001688        0x8 Drivers/STM32F4xx_HAL_Driver/Src/stm32f4xx_hal_gpio.o
                0x08001688                HAL_GPIO_TogglePin
 .text.HAL_GPIO_EXTI_IRQHandler
                0x08001690       0x18 Drivers/STM32F4xx_HAL_Driver/Src/stm32f4xx_hal_gpio.o
                0x08001690                HAL_GPIO_EXTI_IRQHandler
 .text.HAL_RCC_OscConfig
                0x080016a8      0x3c8 Drivers/STM32F4xx_HAL_Driver/Src/stm32f4xx_hal_rcc.o
                0x080016a8                HAL_RCC_OscConfig
 .text.HAL_RCC_GetSysClockFreq
                0x08001a70       0xa4 Drivers/STM32F4xx_HAL_Driver/Src/stm32f4xx_hal_rcc.o
                0x08001a70                HAL_RCC_GetSysClockFreq
 .text.HAL_RCC_ClockConfig
                0x08001b14      0x1b0 Drivers/STM32F4xx_HAL_Driver/Src/stm32f4xx_hal_rcc.o
                0x08001b14                HAL_RCC_ClockConfig
 .text.HAL_RCC_GetHCLKFreq
                0x08001cc4        0xc Drivers/STM32F4xx_HAL_Driver/Src/stm32f4xx_hal_rcc.o
                0x08001cc4                HAL_RCC_GetHCLKFreq
 .text.HAL_RCC_GetPCLK1Freq
                0x08001cd0       0x30 Drivers/STM32F4xx_HAL_Driver/Src/stm32f4xx_hal_rcc.o
                0x08001cd0                HAL_RCC_GetPCLK1Freq
 .text.HAL_RCC_GetPCLK2Freq
                0x08001d00       0x30 Drivers/STM32F4xx_HAL_Driver/Src/stm32f4xx_hal_rcc.o
                0x08001d00                HAL_RCC_GetPCLK2Freq
 .text.SPI_WaitFlagStateUntilTimeout
                0x08001d30       0x94 Drivers/STM32F4xx_HAL_Driver/Src/stm32f4xx_hal_spi.o
 .text.SPI_CheckFlag_BSY
                0x08001dc4       0x28 Drivers/STM32F4xx_HAL_Driver/Src/stm32f4xx_hal_spi.o
 .text.HAL_SPI_Init
                0x08001dec       0x84 Drivers/STM32F4xx_HAL_Driver/Src/stm32f4xx_hal_spi.o
                0x08001dec                HAL_SPI_Init
 .text.HAL_SPI_Transmit
                0x08001e70      0x1b0 Drivers/STM32F4xx_HAL_Driver/Src/stm32f4xx_hal_spi.o
                0x08001e70                HAL_SPI_Transmit
 .text.HAL_SPI_TransmitReceive
                0x08002020      0x244 Drivers/STM32F4xx_HAL_Driver/Src/stm32f4xx_hal_spi.o
                0x08002020                HAL_SPI_TransmitReceive
 .text.HAL_SPI_GetState
                0x08002264        0x8 Drivers/STM32F4xx_HAL_Driver/Src/stm32f4xx_hal_spi.o
                0x08002264                HAL_SPI_GetState
 .text.UART_SetConfig
                0x0800226c      0x32c Drivers/STM32F4xx_HAL_Driver/Src/stm32f4xx_hal_uart.o
 .text.HAL_UART_Init
                0x08002598       0x64 Drivers/STM32F4xx_HAL_Driver/Src/stm32f4xx_hal_uart.o
                0x08002598                HAL_UART_Init
 .text.decarangingmode
                0x080025fc       0x20 Src/application/dw_main.o
                0x080025fc                decarangingmode
 .text.inittestapplication
                0x0800261c       0xdc Src/application/dw_main.o
                0x0800261c                inittestapplication
 .text.initLCD  0x080026f8        0xc Src/application/dw_main.o
                0x080026f8                initLCD
 .text.configure_continuous_txspectrum_mode
                0x08002704       0x68 Src/application/dw_main.o
                0x08002704                configure_continuous_txspectrum_mode
 .text.dw_main  0x0800276c      0x3d8 Src/application/dw_main.o
                0x0800276c                dw_main
 .text.instanceconfigframeheader
                0x08002b44       0x1c Src/application/instance.o
                0x08002b44                instanceconfigframeheader
 .text.instancerxon
                0x08002b60       0x24 Src/application/instance.o
                0x08002b60                instancerxon
 .text.instancesendpacket
                0x08002b84       0x28 Src/application/instance.o
                0x08002b84                instancesendpacket
 .text.testapprun
                0x08002bac      0x958 Src/application/instance.o
                0x08002bac                testapprun
 .text.instance_init_s
                0x08003504       0x48 Src/application/instance.o
                0x08003504                instance_init_s
 *fill*         0x0800354c        0x4 
 .text.instance_init_timings
                0x08003550      0x1cc Src/application/instance.o
                0x08003550                instance_init_timings
 .text.instance_starttxtest
                0x0800371c       0x40 Src/application/instance_calib.o
                0x0800371c                instance_starttxtest
 .text.instance_get_local_structure_ptr
                0x0800375c       0x18 Src/application/instance_common.o
                0x0800375c                instance_get_local_structure_ptr
 *fill*         0x08003774        0x4 
 .text.convertmicrosectodevicetimeu
                0x08003778       0x30 Src/application/instance_common.o
                0x08003778                convertmicrosectodevicetimeu
 .text.convertdevicetimetosec
                0x080037a8       0x20 Src/application/instance_common.o
                0x080037a8                convertdevicetimetosec
 .text.reportTOF
                0x080037c8      0x198 Src/application/instance_common.o
                0x080037c8                reportTOF
 .text.instaddtagtolist
                0x08003960       0x50 Src/application/instance_common.o
                0x08003960                instaddtagtolist
 .text.instcleartaglist
                0x080039b0       0x28 Src/application/instance_common.o
                0x080039b0                instcleartaglist
 .text.instancenewrange
                0x080039d8       0x18 Src/application/instance_common.o
                0x080039d8                instancenewrange
 .text.instancenewrangeancadd
                0x080039f0        0xc Src/application/instance_common.o
                0x080039f0                instancenewrangeancadd
 .text.instancenewrangetagadd
                0x080039fc        0xc Src/application/instance_common.o
                0x080039fc                instancenewrangetagadd
 .text.instanceanchorwaiting
                0x08003a08        0xc Src/application/instance_common.o
                0x08003a08                instanceanchorwaiting
 .text.instancesleeping
                0x08003a14       0x20 Src/application/instance_common.o
                0x08003a14                instancesleeping
 .text.instanceclearcounts
                0x08003a34       0x44 Src/application/instance_common.o
                0x08003a34                instanceclearcounts
 .text.instancereaddeviceid
                0x08003a78        0x8 Src/application/instance_common.o
                0x08003a78                instancereaddeviceid
 .text.instance_config
                0x08003a80      0x114 Src/application/instance_common.o
                0x08003a80                instance_config
 .text.instancesettagsleepdelay
                0x08003b94        0xc Src/application/instance_common.o
                0x08003b94                instancesettagsleepdelay
 .text.instance_get_lcount
                0x08003ba0        0xc Src/application/instance_common.o
                0x08003ba0                instance_get_lcount
 .text.instance_get_idist
                0x08003bac        0xc Src/application/instance_common.o
                0x08003bac                instance_get_idist
 .text.instance_get_idistraw
                0x08003bb8        0xc Src/application/instance_common.o
                0x08003bb8                instance_get_idistraw
 .text.instance_get_adist
                0x08003bc4        0xc Src/application/instance_common.o
                0x08003bc4                instance_get_adist
 .text.inst_processrxtimeout
                0x08003bd0       0x2c Src/application/instance_common.o
                0x08003bd0                inst_processrxtimeout
 .text.instance_peekevent
                0x08003bfc       0x18 Src/application/instance_common.o
                0x08003bfc                instance_peekevent
 .text.instance_putevent
                0x08003c14       0x4c Src/application/instance_common.o
                0x08003c14                instance_putevent
 .text.instance_txcallback
                0x08003c60       0x88 Src/application/instance_common.o
                0x08003c60                instance_txcallback
 .text.instance_rxtimeoutcallback
                0x08003ce8       0x38 Src/application/instance_common.o
                0x08003ce8                instance_rxtimeoutcallback
 .text.instance_rxerrorcallback
                0x08003d20       0x4c Src/application/instance_common.o
                0x08003d20                instance_rxerrorcallback
 .text.instance_rxgoodcallback
                0x08003d6c      0x1c0 Src/application/instance_common.o
                0x08003d6c                instance_rxgoodcallback
 .text.instance_getevent
                0x08003f2c       0x98 Src/application/instance_common.o
                0x08003f2c                instance_getevent
 .text.instance_clearevents
                0x08003fc4       0x38 Src/application/instance_common.o
                0x08003fc4                instance_clearevents
 .text.instance_init
                0x08003ffc       0x84 Src/application/instance_common.o
                0x08003ffc                instance_init
 .text.instance_run
                0x08004080       0xa4 Src/application/instance_common.o
                0x08004080                instance_run
 .text.instancesetantennadelays
                0x08004124       0x24 Src/application/instance_common.o
                0x08004124                instancesetantennadelays
 .text.instancetxantdly
                0x08004148        0xc Src/application/instance_common.o
                0x08004148                instancetxantdly
 .text.instancerxantdly
                0x08004154        0xc Src/application/instance_common.o
                0x08004154                instancerxantdly
 .text.dwt_otprevision
                0x08004160        0xc Src/decadriver/deca_device.o
                0x08004160                dwt_otprevision
 .text.dwt_getpartid
                0x0800416c        0xc Src/decadriver/deca_device.o
                0x0800416c                dwt_getpartid
 .text.dwt_writetodevice
                0x08004178       0x44 Src/decadriver/deca_device.o
                0x08004178                dwt_writetodevice
 .text.dwt_writetxdata
                0x080041bc       0x24 Src/decadriver/deca_device.o
                0x080041bc                dwt_writetxdata
 .text.dwt_readfromdevice
                0x080041e0       0x40 Src/decadriver/deca_device.o
                0x080041e0                dwt_readfromdevice
 .text.dwt_readrxdata
                0x08004220       0x14 Src/decadriver/deca_device.o
                0x08004220                dwt_readrxdata
 .text.dwt_readtxtimestamp
                0x08004234       0x10 Src/decadriver/deca_device.o
                0x08004234                dwt_readtxtimestamp
 .text.dwt_readrxtimestamp
                0x08004244       0x10 Src/decadriver/deca_device.o
                0x08004244                dwt_readrxtimestamp
 .text.dwt_read32bitoffsetreg
                0x08004254       0x30 Src/decadriver/deca_device.o
                0x08004254                dwt_read32bitoffsetreg
 .text.dwt_readdevid
                0x08004284        0xc Src/decadriver/deca_device.o
                0x08004284                dwt_readdevid
 .text.dwt_read16bitoffsetreg
                0x08004290       0x24 Src/decadriver/deca_device.o
                0x08004290                dwt_read16bitoffsetreg
 .text.dwt_read8bitoffsetreg
                0x080042b4       0x1c Src/decadriver/deca_device.o
                0x080042b4                dwt_read8bitoffsetreg
 .text.dwt_write8bitoffsetreg
                0x080042d0       0x1c Src/decadriver/deca_device.o
                0x080042d0                dwt_write8bitoffsetreg
 .text.dwt_write16bitoffsetreg
                0x080042ec       0x20 Src/decadriver/deca_device.o
                0x080042ec                dwt_write16bitoffsetreg
 .text.dwt_setrxantennadelay
                0x0800430c       0x10 Src/decadriver/deca_device.o
                0x0800430c                dwt_setrxantennadelay
 .text.dwt_settxantennadelay
                0x0800431c       0x10 Src/decadriver/deca_device.o
                0x0800431c                dwt_settxantennadelay
 .text.dwt_write32bitoffsetreg
                0x0800432c       0x28 Src/decadriver/deca_device.o
                0x0800432c                dwt_write32bitoffsetreg
 .text.dwt_setlnapamode
                0x08004354       0x28 Src/decadriver/deca_device.o
                0x08004354                dwt_setlnapamode
 .text.dwt_configuretxrf
                0x0800437c       0x1c Src/decadriver/deca_device.o
                0x0800437c                dwt_configuretxrf
 .text.dwt_writetxfctrl
                0x08004398       0x20 Src/decadriver/deca_device.o
                0x08004398                dwt_writetxfctrl
 .text.dwt_enableframefilter
                0x080043b8       0x3c Src/decadriver/deca_device.o
                0x080043b8                dwt_enableframefilter
 .text.dwt_setpanid
                0x080043f4       0x10 Src/decadriver/deca_device.o
                0x080043f4                dwt_setpanid
 .text.dwt_seteui
                0x08004404       0x10 Src/decadriver/deca_device.o
                0x08004404                dwt_seteui
 .text.dwt_geteui
                0x08004414       0x10 Src/decadriver/deca_device.o
                0x08004414                dwt_geteui
 .text._dwt_otpread
                0x08004424       0x2c Src/decadriver/deca_device.o
                0x08004424                _dwt_otpread
 .text._dwt_aonarrayupload
                0x08004450       0x18 Src/decadriver/deca_device.o
                0x08004450                _dwt_aonarrayupload
 .text.dwt_entersleep
                0x08004468        0x8 Src/decadriver/deca_device.o
                0x08004468                dwt_entersleep
 .text.dwt_configuresleep
                0x08004470       0x24 Src/decadriver/deca_device.o
                0x08004470                dwt_configuresleep
 .text._dwt_configlde
                0x08004494       0x34 Src/decadriver/deca_device.o
                0x08004494                _dwt_configlde
 .text.dwt_configure
                0x080044c8      0x208 Src/decadriver/deca_device.o
                0x080044c8                dwt_configure
 .text.dwt_setrxaftertxdelay
                0x080046d0       0x20 Src/decadriver/deca_device.o
                0x080046d0                dwt_setrxaftertxdelay
 .text.dwt_setcallbacks
                0x080046f0       0x18 Src/decadriver/deca_device.o
                0x080046f0                dwt_setcallbacks
 .text.dwt_setleds
                0x08004708       0x7c Src/decadriver/deca_device.o
                0x08004708                dwt_setleds
 .text._dwt_enableclocks
                0x08004784       0xf4 Src/decadriver/deca_device.o
                0x08004784                _dwt_enableclocks
 .text.dwt_otpread
                0x08004878       0x2c Src/decadriver/deca_device.o
                0x08004878                dwt_otpread
 .text._dwt_loaducodefromrom
                0x080048a4       0x24 Src/decadriver/deca_device.o
                0x080048a4                _dwt_loaducodefromrom
 .text.dwt_loadopsettabfromotp
                0x080048c8       0x24 Src/decadriver/deca_device.o
                0x080048c8                dwt_loadopsettabfromotp
 .text._dwt_disablesequencing
                0x080048ec       0x14 Src/decadriver/deca_device.o
                0x080048ec                _dwt_disablesequencing
 .text.dwt_setdelayedtrxtime
                0x08004900       0x10 Src/decadriver/deca_device.o
                0x08004900                dwt_setdelayedtrxtime
 .text.dwt_starttx
                0x08004910       0x70 Src/decadriver/deca_device.o
                0x08004910                dwt_starttx
 .text.dwt_syncrxbufptrs
                0x08004980       0x20 Src/decadriver/deca_device.o
                0x08004980                dwt_syncrxbufptrs
 .text.dwt_forcetrxoff
                0x080049a0       0x54 Src/decadriver/deca_device.o
                0x080049a0                dwt_forcetrxoff
 .text.dwt_rxenable
                0x080049f4       0x60 Src/decadriver/deca_device.o
                0x080049f4                dwt_rxenable
 .text.dwt_setrxtimeout
                0x08004a54       0x50 Src/decadriver/deca_device.o
                0x08004a54                dwt_setrxtimeout
 .text.dwt_setinterrupt
                0x08004aa4       0x30 Src/decadriver/deca_device.o
                0x08004aa4                dwt_setinterrupt
 .text.dwt_configeventcounters
                0x08004ad4       0x1c Src/decadriver/deca_device.o
                0x08004ad4                dwt_configeventcounters
 .text.dwt_rxreset
                0x08004af0       0x18 Src/decadriver/deca_device.o
                0x08004af0                dwt_rxreset
 .text.dwt_isr  0x08004b08      0x134 Src/decadriver/deca_device.o
                0x08004b08                dwt_isr
 .text.dwt_softreset
                0x08004c3c       0x44 Src/decadriver/deca_device.o
                0x08004c3c                dwt_softreset
 .text.dwt_setxtaltrim
                0x08004c80       0x14 Src/decadriver/deca_device.o
                0x08004c80                dwt_setxtaltrim
 .text.dwt_initialise
                0x08004c94       0xe4 Src/decadriver/deca_device.o
                0x08004c94                dwt_initialise
 .text.dwt_configcontinuousframemode
                0x08004d78       0x4c Src/decadriver/deca_device.o
                0x08004d78                dwt_configcontinuousframemode
 .text.MX_GPIO_Init
                0x08004dc4      0x114 Src/main.o
 .text._Error_Handler
                0x08004ed8        0x4 Src/main.o
                0x08004ed8                _Error_Handler
 .text.MX_ADC1_Init
                0x08004edc       0x68 Src/main.o
 .text.MX_SPI1_Init
                0x08004f44       0x50 Src/main.o
 .text.MX_SPI2_Init
                0x08004f94       0x4c Src/main.o
 .text.MX_USART2_UART_Init
                0x08004fe0       0x3c Src/main.o
 .text.SystemClock_Config
                0x0800501c       0xbc Src/main.o
                0x0800501c                SystemClock_Config
 .text.main     0x080050d8       0x5c Src/main.o
                0x080050d8                main
 .text.HAL_MspInit
                0x08005134       0x60 Src/stm32f4xx_hal_msp.o
                0x08005134                HAL_MspInit
 .text.HAL_ADC_MspInit
                0x08005194       0x48 Src/stm32f4xx_hal_msp.o
                0x08005194                HAL_ADC_MspInit
 .text.HAL_SPI_MspInit
                0x080051dc       0x94 Src/stm32f4xx_hal_msp.o
                0x080051dc                HAL_SPI_MspInit
 .text.HAL_UART_MspInit
                0x08005270       0x54 Src/stm32f4xx_hal_msp.o
                0x08005270                HAL_UART_MspInit
 .text.NMI_Handler
                0x080052c4        0x4 Src/stm32f4xx_it.o
                0x080052c4                NMI_Handler
 .text.HardFault_Handler
                0x080052c8        0x4 Src/stm32f4xx_it.o
                0x080052c8                HardFault_Handler
 .text.MemManage_Handler
                0x080052cc        0x4 Src/stm32f4xx_it.o
                0x080052cc                MemManage_Handler
 .text.BusFault_Handler
                0x080052d0        0x4 Src/stm32f4xx_it.o
                0x080052d0                BusFault_Handler
 .text.UsageFault_Handler
                0x080052d4        0x4 Src/stm32f4xx_it.o
                0x080052d4                UsageFault_Handler
 .text.SVC_Handler
                0x080052d8        0x4 Src/stm32f4xx_it.o
                0x080052d8                SVC_Handler
 .text.DebugMon_Handler
                0x080052dc        0x4 Src/stm32f4xx_it.o
                0x080052dc                DebugMon_Handler
 .text.PendSV_Handler
                0x080052e0        0x4 Src/stm32f4xx_it.o
                0x080052e0                PendSV_Handler
 .text.SysTick_Handler
                0x080052e4        0xc Src/stm32f4xx_it.o
                0x080052e4                SysTick_Handler
 .text.EXTI15_10_IRQHandler
                0x080052f0        0xc Src/stm32f4xx_it.o
                0x080052f0                EXTI15_10_IRQHandler
 .text.SystemInit
                0x080052fc       0x4c Src/system_stm32f4xx.o
                0x080052fc                SystemInit
 .text.PCD8544_InitIO
                0x08005348       0x20 Src/pcd8544/pcd8544.o
                0x08005348                PCD8544_InitIO
 .text.PCD8544_send
                0x08005368       0x38 Src/pcd8544/pcd8544.o
                0x08005368                PCD8544_send
 .text.PCD8544_Pin
                0x080053a0       0x48 Src/pcd8544/pcd8544.o
                0x080053a0                PCD8544_Pin
 .text.PCD8544_Delay
                0x080053e8       0x18 Src/pcd8544/pcd8544.o
                0x080053e8                PCD8544_Delay
 .text.PCD8544_Write
                0x08005400       0x24 Src/pcd8544/pcd8544.o
                0x08005400                PCD8544_Write
 .text.PCD8544_Home
                0x08005424       0x14 Src/pcd8544/pcd8544.o
                0x08005424                PCD8544_Home
 .text.PCD8544_Refresh
                0x08005438       0x78 Src/pcd8544/pcd8544.o
                0x08005438                PCD8544_Refresh
 .text.PCD8544_UpdateArea
                0x080054b0       0x3c Src/pcd8544/pcd8544.o
                0x080054b0                PCD8544_UpdateArea
 .text.PCD8544_DrawPixel
                0x080054ec       0x54 Src/pcd8544/pcd8544.o
                0x080054ec                PCD8544_DrawPixel
 .text.PCD8544_GotoXY
                0x08005540       0x14 Src/pcd8544/pcd8544.o
                0x08005540                PCD8544_GotoXY
 .text.PCD8544_Clear
                0x08005554       0x38 Src/pcd8544/pcd8544.o
                0x08005554                PCD8544_Clear
 .text.PCD8544_Init
                0x0800558c       0x64 Src/pcd8544/pcd8544.o
                0x0800558c                PCD8544_Init
 .text.PCD8544_Putc
                0x080055f0       0xf8 Src/pcd8544/pcd8544.o
                0x080055f0                PCD8544_Putc
 .text.PCD8544_Puts
                0x080056e8       0x1c Src/pcd8544/pcd8544.o
                0x080056e8                PCD8544_Puts
 .text.decamutexon
                0x08005704       0x14 Src/platform/deca_mutex.o
                0x08005704                decamutexon
 .text.decamutexoff
                0x08005718        0xc Src/platform/deca_mutex.o
                0x08005718                decamutexoff
 *fill*         0x08005724        0x4 
 .text.dwt_getrangebias
                0x08005728      0x100 Src/platform/deca_range_tables.o
                0x08005728                dwt_getrangebias
 .text.deca_sleep
                0x08005828        0x8 Src/platform/deca_sleep.o
                0x08005828                deca_sleep
 .text.writetospi
                0x08005830       0x58 Src/platform/deca_spi.o
                0x08005830                writetospi
 .text.readfromspi
                0x08005888       0x68 Src/platform/deca_spi.o
                0x08005888                readfromspi
 .text.NVIC_EnableIRQ
                0x080058f0       0x18 Src/platform/port.o
 .text.NVIC_DisableIRQ
                0x08005908       0x1c Src/platform/port.o
 .text.portGetTickCnt
                0x08005924        0x8 Src/platform/port.o
                0x08005924                portGetTickCnt
 .text.usleep   0x0800592c       0x54 Src/platform/port.o
                0x0800592c                usleep
 .text.Sleep    0x08005980       0x18 Src/platform/port.o
                0x08005980                Sleep
 .text.peripherals_init
                0x08005998       0x10 Src/platform/port.o
                0x08005998                peripherals_init
 .text.spi_peripheral_init
                0x080059a8       0x10 Src/platform/port.o
                0x080059a8                spi_peripheral_init
 .text.EXTI_GetITEnStatus
                0x080059b8       0x3c Src/platform/port.o
                0x080059b8                EXTI_GetITEnStatus
 .text.reset_DW1000
                0x080059f4       0x48 Src/platform/port.o
                0x080059f4                reset_DW1000
 .text.setup_DW1000RSTnIRQ
                0x08005a3c       0x7c Src/platform/port.o
                0x08005a3c                setup_DW1000RSTnIRQ
 .text.port_is_boot1_on
                0x08005ab8       0x2c Src/platform/port.o
                0x08005ab8                port_is_boot1_on
 .text.port_is_switch_on
                0x08005ae4       0x2c Src/platform/port.o
                0x08005ae4                port_is_switch_on
 .text.led_off  0x08005b10       0x98 Src/platform/port.o
                0x08005b10                led_off
 .text.led_on   0x08005ba8       0x98 Src/platform/port.o
                0x08005ba8                led_on
 .text.port_wakeup_dw1000
                0x08005c40       0x30 Src/platform/port.o
                0x08005c40                port_wakeup_dw1000
 .text.port_wakeup_dw1000_fast
                0x08005c70       0x74 Src/platform/port.o
                0x08005c70                port_wakeup_dw1000_fast
 .text.port_set_dw1000_slowrate
                0x08005ce4       0x18 Src/platform/port.o
                0x08005ce4                port_set_dw1000_slowrate
 .text.port_set_dw1000_fastrate
                0x08005cfc       0x18 Src/platform/port.o
                0x08005cfc                port_set_dw1000_fastrate
 .text.port_LCD_RS_clear
                0x08005d14       0x10 Src/platform/port.o
                0x08005d14                port_LCD_RS_clear
 .text.port_LCD_RW_clear
                0x08005d24       0x10 Src/platform/port.o
                0x08005d24                port_LCD_RW_clear
 .text.HAL_GPIO_EXTI_Callback
                0x08005d34       0x34 Src/platform/port.o
                0x08005d34                HAL_GPIO_EXTI_Callback
 .text.process_deca_irq
                0x08005d68       0x18 Src/platform/port.o
                0x08005d68                process_deca_irq
 .text.port_DisableEXT_IRQ
                0x08005d80       0x10 Src/platform/port.o
                0x08005d80                port_DisableEXT_IRQ
 .text.port_EnableEXT_IRQ
                0x08005d90       0x10 Src/platform/port.o
                0x08005d90                port_EnableEXT_IRQ
 .text.port_GetEXT_IRQStatus
                0x08005da0       0x10 Src/platform/port.o
                0x08005da0                port_GetEXT_IRQStatus
 .text.port_CheckEXT_IRQ
                0x08005db0       0x18 Src/platform/port.o
                0x08005db0                port_CheckEXT_IRQ
 .text.Reset_Handler
                0x08005dc8       0x50 startup/startup_stm32f411xe.o
                0x08005dc8                Reset_Handler
 .text.Default_Handler
                0x08005e18        0x2 startup/startup_stm32f411xe.o
                0x08005e18                RTC_Alarm_IRQHandler
                0x08005e18                EXTI2_IRQHandler
                0x08005e18                SPI4_IRQHandler
                0x08005e18                TIM1_CC_IRQHandler
                0x08005e18                DMA2_Stream5_IRQHandler
                0x08005e18                DMA1_Stream5_IRQHandler
                0x08005e18                PVD_IRQHandler
                0x08005e18                SDIO_IRQHandler
                0x08005e18                TAMP_STAMP_IRQHandler
                0x08005e18                EXTI3_IRQHandler
                0x08005e18                TIM1_UP_TIM10_IRQHandler
                0x08005e18                I2C3_ER_IRQHandler
                0x08005e18                EXTI0_IRQHandler
                0x08005e18                I2C2_EV_IRQHandler
                0x08005e18                DMA1_Stream2_IRQHandler
                0x08005e18                FPU_IRQHandler
                0x08005e18                DMA2_Stream2_IRQHandler
                0x08005e18                SPI1_IRQHandler
                0x08005e18                TIM1_BRK_TIM9_IRQHandler
                0x08005e18                DMA2_Stream3_IRQHandler
                0x08005e18                USART6_IRQHandler
                0x08005e18                DMA2_Stream0_IRQHandler
                0x08005e18                TIM4_IRQHandler
                0x08005e18                I2C1_EV_IRQHandler
                0x08005e18                DMA1_Stream6_IRQHandler
                0x08005e18                DMA1_Stream1_IRQHandler
                0x08005e18                TIM3_IRQHandler
                0x08005e18                RCC_IRQHandler
                0x08005e18                Default_Handler
                0x08005e18                ADC_IRQHandler
                0x08005e18                DMA1_Stream7_IRQHandler
                0x08005e18                SPI5_IRQHandler
                0x08005e18                TIM5_IRQHandler
                0x08005e18                DMA2_Stream7_IRQHandler
                0x08005e18                I2C3_EV_IRQHandler
                0x08005e18                EXTI9_5_IRQHandler
                0x08005e18                RTC_WKUP_IRQHandler
                0x08005e18                SPI2_IRQHandler
                0x08005e18                DMA1_Stream0_IRQHandler
                0x08005e18                EXTI4_IRQHandler
                0x08005e18                WWDG_IRQHandler
                0x08005e18                TIM2_IRQHandler
                0x08005e18                OTG_FS_WKUP_IRQHandler
                0x08005e18                TIM1_TRG_COM_TIM11_IRQHandler
                0x08005e18                EXTI1_IRQHandler
                0x08005e18                USART2_IRQHandler
                0x08005e18                I2C2_ER_IRQHandler
                0x08005e18                DMA2_Stream1_IRQHandler
                0x08005e18                FLASH_IRQHandler
                0x08005e18                DMA2_Stream4_IRQHandler
                0x08005e18                USART1_IRQHandler
                0x08005e18                OTG_FS_IRQHandler
                0x08005e18                SPI3_IRQHandler
                0x08005e18                DMA1_Stream4_IRQHandler
                0x08005e18                I2C1_ER_IRQHandler
                0x08005e18                DMA2_Stream6_IRQHandler
                0x08005e18                DMA1_Stream3_IRQHandler
 *fill*         0x08005e1a        0x2 
 .text.__libc_init_array
                0x08005e1c       0x4c c:/ac6/systemworkbench/plugins/fr.ac6.mcu.externaltools.arm-none.win32_1.13.2.201705091103/tools/compiler/bin/../lib/gcc/arm-none-eabi/5.4.1/../../../../arm-none-eabi/lib/armv7e-m/fpu\libc_nano.a(lib_a-init.o)
                0x08005e1c                __libc_init_array
 .text.memcmp   0x08005e68       0x1e c:/ac6/systemworkbench/plugins/fr.ac6.mcu.externaltools.arm-none.win32_1.13.2.201705091103/tools/compiler/bin/../lib/gcc/arm-none-eabi/5.4.1/../../../../arm-none-eabi/lib/armv7e-m/fpu\libc_nano.a(lib_a-memcmp.o)
                0x08005e68                memcmp
 .text.memcpy   0x08005e86       0x16 c:/ac6/systemworkbench/plugins/fr.ac6.mcu.externaltools.arm-none.win32_1.13.2.201705091103/tools/compiler/bin/../lib/gcc/arm-none-eabi/5.4.1/../../../../arm-none-eabi/lib/armv7e-m/fpu\libc_nano.a(lib_a-memcpy-stub.o)
                0x08005e86                memcpy
 .text.memset   0x08005e9c       0x10 c:/ac6/systemworkbench/plugins/fr.ac6.mcu.externaltools.arm-none.win32_1.13.2.201705091103/tools/compiler/bin/../lib/gcc/arm-none-eabi/5.4.1/../../../../arm-none-eabi/lib/armv7e-m/fpu\libc_nano.a(lib_a-memset.o)
                0x08005e9c                memset
 .text.sprintf  0x08005eac       0x48 c:/ac6/systemworkbench/plugins/fr.ac6.mcu.externaltools.arm-none.win32_1.13.2.201705091103/tools/compiler/bin/../lib/gcc/arm-none-eabi/5.4.1/../../../../arm-none-eabi/lib/armv7e-m/fpu\libc_nano.a(lib_a-sprintf.o)
                0x08005eac                siprintf
                0x08005eac                sprintf
 .text.__ssputs_r
                0x08005ef4       0xb2 c:/ac6/systemworkbench/plugins/fr.ac6.mcu.externaltools.arm-none.win32_1.13.2.201705091103/tools/compiler/bin/../lib/gcc/arm-none-eabi/5.4.1/../../../../arm-none-eabi/lib/armv7e-m/fpu\libc_nano.a(lib_a-nano-svfprintf.o)
                0x08005ef4                __ssputs_r
 *fill*         0x08005fa6        0x2 
 .text._svfprintf_r
                0x08005fa8      0x1e8 c:/ac6/systemworkbench/plugins/fr.ac6.mcu.externaltools.arm-none.win32_1.13.2.201705091103/tools/compiler/bin/../lib/gcc/arm-none-eabi/5.4.1/../../../../arm-none-eabi/lib/armv7e-m/fpu\libc_nano.a(lib_a-nano-svfprintf.o)
                0x08005fa8                _svfiprintf_r
                0x08005fa8                _svfprintf_r
 .text._printf_common
                0x08006190       0xec c:/ac6/systemworkbench/plugins/fr.ac6.mcu.externaltools.arm-none.win32_1.13.2.201705091103/tools/compiler/bin/../lib/gcc/arm-none-eabi/5.4.1/../../../../arm-none-eabi/lib/armv7e-m/fpu\libc_nano.a(lib_a-nano-vfprintf_i.o)
                0x08006190                _printf_common
 .text._printf_i
                0x0800627c      0x24c c:/ac6/systemworkbench/plugins/fr.ac6.mcu.externaltools.arm-none.win32_1.13.2.201705091103/tools/compiler/bin/../lib/gcc/arm-none-eabi/5.4.1/../../../../arm-none-eabi/lib/armv7e-m/fpu\libc_nano.a(lib_a-nano-vfprintf_i.o)
                0x0800627c                _printf_i
 .text.memmove  0x080064c8       0x36 c:/ac6/systemworkbench/plugins/fr.ac6.mcu.externaltools.arm-none.win32_1.13.2.201705091103/tools/compiler/bin/../lib/gcc/arm-none-eabi/5.4.1/../../../../arm-none-eabi/lib/armv7e-m/fpu\libc_nano.a(lib_a-memmove.o)
                0x080064c8                memmove
 *fill*         0x080064fe        0x2 
 .text._free_r  0x08006500       0x9c c:/ac6/systemworkbench/plugins/fr.ac6.mcu.externaltools.arm-none.win32_1.13.2.201705091103/tools/compiler/bin/../lib/gcc/arm-none-eabi/5.4.1/../../../../arm-none-eabi/lib/armv7e-m/fpu\libc_nano.a(lib_a-nano-freer.o)
                0x08006500                _free_r
 .text._malloc_r
                0x0800659c       0xbc c:/ac6/systemworkbench/plugins/fr.ac6.mcu.externaltools.arm-none.win32_1.13.2.201705091103/tools/compiler/bin/../lib/gcc/arm-none-eabi/5.4.1/../../../../arm-none-eabi/lib/armv7e-m/fpu\libc_nano.a(lib_a-nano-mallocr.o)
                0x0800659c                _malloc_r
 .text._realloc_r
                0x08006658       0x4c c:/ac6/systemworkbench/plugins/fr.ac6.mcu.externaltools.arm-none.win32_1.13.2.201705091103/tools/compiler/bin/../lib/gcc/arm-none-eabi/5.4.1/../../../../arm-none-eabi/lib/armv7e-m/fpu\libc_nano.a(lib_a-nano-reallocr.o)
                0x08006658                _realloc_r
 .text._sbrk_r  0x080066a4       0x20 c:/ac6/systemworkbench/plugins/fr.ac6.mcu.externaltools.arm-none.win32_1.13.2.201705091103/tools/compiler/bin/../lib/gcc/arm-none-eabi/5.4.1/../../../../arm-none-eabi/lib/armv7e-m/fpu\libc_nano.a(lib_a-sbrkr.o)
                0x080066a4                _sbrk_r
 .text.__malloc_lock
                0x080066c4        0x2 c:/ac6/systemworkbench/plugins/fr.ac6.mcu.externaltools.arm-none.win32_1.13.2.201705091103/tools/compiler/bin/../lib/gcc/arm-none-eabi/5.4.1/../../../../arm-none-eabi/lib/armv7e-m/fpu\libc_nano.a(lib_a-mlock.o)
                0x080066c4                __malloc_lock
 .text.__malloc_unlock
                0x080066c6        0x2 c:/ac6/systemworkbench/plugins/fr.ac6.mcu.externaltools.arm-none.win32_1.13.2.201705091103/tools/compiler/bin/../lib/gcc/arm-none-eabi/5.4.1/../../../../arm-none-eabi/lib/armv7e-m/fpu\libc_nano.a(lib_a-mlock.o)
                0x080066c6                __malloc_unlock
 .text._malloc_usable_size_r
                0x080066c8       0x14 c:/ac6/systemworkbench/plugins/fr.ac6.mcu.externaltools.arm-none.win32_1.13.2.201705091103/tools/compiler/bin/../lib/gcc/arm-none-eabi/5.4.1/../../../../arm-none-eabi/lib/armv7e-m/fpu\libc_nano.a(lib_a-nano-msizer.o)
                0x080066c8                _malloc_usable_size_r
 .text._sbrk    0x080066dc       0x1c c:/ac6/systemworkbench/plugins/fr.ac6.mcu.externaltools.arm-none.win32_1.13.2.201705091103/tools/compiler/bin/../lib/gcc/arm-none-eabi/5.4.1/../../../../arm-none-eabi/lib/armv7e-m/fpu\libnosys.a(sbrk.o)
                0x080066dc                _sbrk
 *(.glue_7)
 .glue_7        0x080066f8        0x0 linker stubs
 *(.glue_7t)
 .glue_7t       0x080066f8        0x0 linker stubs
 *(.eh_frame)
 .eh_frame      0x080066f8        0x0 c:/ac6/systemworkbench/plugins/fr.ac6.mcu.externaltools.arm-none.win32_1.13.2.201705091103/tools/compiler/bin/../lib/gcc/arm-none-eabi/5.4.1/armv7e-m/fpu/crtbegin.o
 *(.init)
 .init          0x080066f8        0x4 c:/ac6/systemworkbench/plugins/fr.ac6.mcu.externaltools.arm-none.win32_1.13.2.201705091103/tools/compiler/bin/../lib/gcc/arm-none-eabi/5.4.1/armv7e-m/fpu/crti.o
                0x080066f8                _init
 .init          0x080066fc        0x8 c:/ac6/systemworkbench/plugins/fr.ac6.mcu.externaltools.arm-none.win32_1.13.2.201705091103/tools/compiler/bin/../lib/gcc/arm-none-eabi/5.4.1/armv7e-m/fpu/crtn.o
 *(.fini)
 .fini          0x08006704        0x4 c:/ac6/systemworkbench/plugins/fr.ac6.mcu.externaltools.arm-none.win32_1.13.2.201705091103/tools/compiler/bin/../lib/gcc/arm-none-eabi/5.4.1/armv7e-m/fpu/crti.o
                0x08006704                _fini
 .fini          0x08006708        0x8 c:/ac6/systemworkbench/plugins/fr.ac6.mcu.externaltools.arm-none.win32_1.13.2.201705091103/tools/compiler/bin/../lib/gcc/arm-none-eabi/5.4.1/armv7e-m/fpu/crtn.o
                0x08006710                . = ALIGN (0x4)
                0x08006710                _etext = .

.vfp11_veneer   0x08006710        0x0
 .vfp11_veneer  0x08006710        0x0 linker stubs

.v4_bx          0x08006710        0x0
 .v4_bx         0x08006710        0x0 linker stubs

.iplt           0x08006710        0x0
 .iplt          0x08006710        0x0 c:/ac6/systemworkbench/plugins/fr.ac6.mcu.externaltools.arm-none.win32_1.13.2.201705091103/tools/compiler/bin/../lib/gcc/arm-none-eabi/5.4.1/armv7e-m/fpu/crtbegin.o

.rodata         0x08006710      0x888
                0x08006710                . = ALIGN (0x4)
 *(.rodata)
 .rodata        0x08006710       0x14 Src/application/instance.o
 .rodata        0x08006724       0x64 Src/application/instance_calib.o
                0x08006724                rfDelays
                0x08006728                txSpectrumConfig
 .rodata        0x08006788       0xb4 Src/decadriver/deca_params_init.o
                0x08006788                lde_replicaCoeff
                0x080067bc                digital_bb_config
                0x080067dc                dtune1
                0x080067e0                sftsh
                0x080067ec                dwnsSFDlen
                0x080067f0                agc_config
                0x080067f8                rx_config
                0x080067fc                fs_pll_tune
                0x08006804                fs_pll_cfg
                0x0800681c                tx_config
                0x08006834                chan_idx
 .rodata        0x0800683c       0x18 Src/system_stm32f4xx.o
                0x0800683c                AHBPrescTable
                0x0800684c                APBPrescTable
 .rodata        0x08006854      0x386 Src/pcd8544/pcd8544.o
                0x08006854                PCD8544_Font3x5
                0x08006994                PCD8544_Font5x7
 *fill*         0x08006bda        0x2 
 .rodata        0x08006bdc      0x20c Src/platform/deca_range_tables.o
                0x08006bdc                chan_idxwb
                0x08006be4                range25cm16PRFwb
                0x08006c6c                chan_idxnb
                0x08006c74                range25cm16PRFnb
                0x08006d08                range25cm64PRFwb
                0x08006d80                range25cm64PRFnb
 *(.rodata*)
 .rodata.str1.4
                0x08006de8       0xec Src/application/dw_main.o
 .rodata.str1.4
                0x08006ed4       0x7f Src/application/instance_calib.o
 *fill*         0x08006f53        0x1 
 .rodata.str1.4
                0x08006f54       0x10 Src/main.o
                                  0xe (size before relaxing)
 .rodata.str1.1
                0x08006f64       0x11 c:/ac6/systemworkbench/plugins/fr.ac6.mcu.externaltools.arm-none.win32_1.13.2.201705091103/tools/compiler/bin/../lib/gcc/arm-none-eabi/5.4.1/../../../../arm-none-eabi/lib/armv7e-m/fpu\libc_nano.a(lib_a-nano-svfprintf.o)
 .rodata.str1.1
                0x08006f75       0x22 c:/ac6/systemworkbench/plugins/fr.ac6.mcu.externaltools.arm-none.win32_1.13.2.201705091103/tools/compiler/bin/../lib/gcc/arm-none-eabi/5.4.1/../../../../arm-none-eabi/lib/armv7e-m/fpu\libc_nano.a(lib_a-nano-vfprintf_i.o)
                0x08006f98                . = ALIGN (0x4)
 *fill*         0x08006f97        0x1 

.ARM.extab
 *(.ARM.extab* .gnu.linkonce.armextab.*)

.ARM            0x08006f98        0x8
                0x08006f98                __exidx_start = .
 *(.ARM.exidx*)
 .ARM.exidx     0x08006f98        0x8 c:/ac6/systemworkbench/plugins/fr.ac6.mcu.externaltools.arm-none.win32_1.13.2.201705091103/tools/compiler/bin/../lib/gcc/arm-none-eabi/5.4.1/armv7e-m/fpu\libgcc.a(_udivmoddi4.o)
                0x08006fa0                __exidx_end = .

.rel.dyn        0x08006fa0        0x0
 .rel.iplt      0x08006fa0        0x0 c:/ac6/systemworkbench/plugins/fr.ac6.mcu.externaltools.arm-none.win32_1.13.2.201705091103/tools/compiler/bin/../lib/gcc/arm-none-eabi/5.4.1/armv7e-m/fpu/crtbegin.o

.preinit_array  0x08006fa0        0x0
                0x08006fa0                PROVIDE (__preinit_array_start, .)
 *(.preinit_array*)
                0x08006fa0                PROVIDE (__preinit_array_end, .)

.init_array     0x08006fa0        0x4
                0x08006fa0                PROVIDE (__init_array_start, .)
 *(SORT(.init_array.*))
 *(.init_array*)
 .init_array    0x08006fa0        0x4 c:/ac6/systemworkbench/plugins/fr.ac6.mcu.externaltools.arm-none.win32_1.13.2.201705091103/tools/compiler/bin/../lib/gcc/arm-none-eabi/5.4.1/armv7e-m/fpu/crtbegin.o
                0x08006fa4                PROVIDE (__init_array_end, .)

.fini_array     0x08006fa4        0x4
                [!provide]                PROVIDE (__fini_array_start, .)
 *(SORT(.fini_array.*))
 *(.fini_array*)
 .fini_array    0x08006fa4        0x4 c:/ac6/systemworkbench/plugins/fr.ac6.mcu.externaltools.arm-none.win32_1.13.2.201705091103/tools/compiler/bin/../lib/gcc/arm-none-eabi/5.4.1/armv7e-m/fpu/crtbegin.o
                [!provide]                PROVIDE (__fini_array_end, .)
                0x08006fa8                _sidata = LOADADDR (.data)

.data           0x20000000       0xbc load address 0x08006fa8
                0x20000000                . = ALIGN (0x4)
                0x20000000                _sdata = .
 *(.data)
 .data          0x20000000       0x54 Src/application/dw_main.o
                0x20000000                instance_mode
                0x20000004                chConfig
 .data          0x20000054        0x4 Src/system_stm32f4xx.o
                0x20000054                SystemCoreClock
 *(.data*)
 .data.impure_data
                0x20000058       0x60 c:/ac6/systemworkbench/plugins/fr.ac6.mcu.externaltools.arm-none.win32_1.13.2.201705091103/tools/compiler/bin/../lib/gcc/arm-none-eabi/5.4.1/../../../../arm-none-eabi/lib/armv7e-m/fpu\libc_nano.a(lib_a-impure.o)
 .data._impure_ptr
                0x200000b8        0x4 c:/ac6/systemworkbench/plugins/fr.ac6.mcu.externaltools.arm-none.win32_1.13.2.201705091103/tools/compiler/bin/../lib/gcc/arm-none-eabi/5.4.1/../../../../arm-none-eabi/lib/armv7e-m/fpu\libc_nano.a(lib_a-impure.o)
                0x200000b8                _impure_ptr
                0x200000bc                . = ALIGN (0x4)
                0x200000bc                _edata = .

.jcr            0x200000bc        0x0 load address 0x08007064
 .jcr           0x200000bc        0x0 c:/ac6/systemworkbench/plugins/fr.ac6.mcu.externaltools.arm-none.win32_1.13.2.201705091103/tools/compiler/bin/../lib/gcc/arm-none-eabi/5.4.1/armv7e-m/fpu/crtbegin.o

.igot.plt       0x200000bc        0x0 load address 0x08007064
 .igot.plt      0x200000bc        0x0 c:/ac6/systemworkbench/plugins/fr.ac6.mcu.externaltools.arm-none.win32_1.13.2.201705091103/tools/compiler/bin/../lib/gcc/arm-none-eabi/5.4.1/armv7e-m/fpu/crtbegin.o
                0x200000bc                . = ALIGN (0x4)

.bss            0x200000c0      0xacc load address 0x08007064
                0x200000c0                _sbss = .
                0x200000c0                __bss_start__ = _sbss
 *(.bss)
 .bss           0x200000c0       0x1c c:/ac6/systemworkbench/plugins/fr.ac6.mcu.externaltools.arm-none.win32_1.13.2.201705091103/tools/compiler/bin/../lib/gcc/arm-none-eabi/5.4.1/armv7e-m/fpu/crtbegin.o
 .bss           0x200000dc        0xc Src/application/dw_main.o
                0x200000dc                dr_mode
                0x200000e0                s1switch
                0x200000e4                ranging
 .bss           0x200000e8      0x4e8 Src/application/instance_common.o
                0x200005b0                inst_idistraw
                0x200005b8                inst_idist
                0x200005c0                inst_ldist
                0x200005c8                inst_adist
 .bss           0x200005d0       0x38 Src/decadriver/deca_device.o
 .bss           0x20000608        0x4 Src/pcd8544/pcd8544.o
                0x20000608                PCD8544_UpdateYmin
                0x20000609                PCD8544_UpdateYmax
                0x2000060a                PCD8544_UpdateXmin
                0x2000060b                PCD8544_UpdateXmax
 .bss           0x2000060c        0x4 Src/platform/port.o
 *(.bss*)
 .bss.__malloc_sbrk_start
                0x20000610        0x4 c:/ac6/systemworkbench/plugins/fr.ac6.mcu.externaltools.arm-none.win32_1.13.2.201705091103/tools/compiler/bin/../lib/gcc/arm-none-eabi/5.4.1/../../../../arm-none-eabi/lib/armv7e-m/fpu\libc_nano.a(lib_a-nano-mallocr.o)
                0x20000610                __malloc_sbrk_start
 .bss.__malloc_free_list
                0x20000614        0x4 c:/ac6/systemworkbench/plugins/fr.ac6.mcu.externaltools.arm-none.win32_1.13.2.201705091103/tools/compiler/bin/../lib/gcc/arm-none-eabi/5.4.1/../../../../arm-none-eabi/lib/armv7e-m/fpu\libc_nano.a(lib_a-nano-mallocr.o)
                0x20000614                __malloc_free_list
 .bss.heap_end.4169
                0x20000618        0x4 c:/ac6/systemworkbench/plugins/fr.ac6.mcu.externaltools.arm-none.win32_1.13.2.201705091103/tools/compiler/bin/../lib/gcc/arm-none-eabi/5.4.1/../../../../arm-none-eabi/lib/armv7e-m/fpu\libnosys.a(sbrk.o)
 *(COMMON)
 COMMON         0x2000061c        0x4 Drivers/STM32F4xx_HAL_Driver/Src/stm32f4xx_hal.o
                0x2000061c                uwTick
 COMMON         0x20000620      0x130 Src/application/dw_main.o
                0x20000620                tagaddr
                0x20000624                dataseq
                0x20000688                dataseq1
                0x200006ec                prf
                0x200006f0                hspi1
                0x20000748                chan
                0x2000074c                ancaddr
 COMMON         0x20000750       0x98 Src/application/instance_common.o
                0x20000750                dw_event_g
 COMMON         0x200007e8      0x1a2 Src/main.o
                0x200007e8                hspi2
                0x20000840                hadc1
                0x20000888                huart2
                0x200008c8                app
 *fill*         0x2000098a        0x2 
 COMMON         0x2000098c      0x1fc Src/pcd8544/pcd8544.o
                0x2000098c                PCD8544_y
                0x2000098d                PCD8544_x
                0x20000990                PCD8544_Buffer
 COMMON         0x20000b88        0x4 c:/ac6/systemworkbench/plugins/fr.ac6.mcu.externaltools.arm-none.win32_1.13.2.201705091103/tools/compiler/bin/../lib/gcc/arm-none-eabi/5.4.1/../../../../arm-none-eabi/lib/armv7e-m/fpu\libc_nano.a(lib_a-reent.o)
                0x20000b88                errno
                0x20000b8c                . = ALIGN (0x4)
                0x20000b8c                _ebss = .
                0x20000b8c                __bss_end__ = _ebss

._user_heap_stack
                0x20000b8c      0x604 load address 0x08007064
                0x20000b90                . = ALIGN (0x8)
 *fill*         0x20000b8c        0x4 
                0x20000b90                PROVIDE (end, .)
                [!provide]                PROVIDE (_end, .)
                0x20000d90                . = (. + _Min_Heap_Size)
 *fill*         0x20000b90      0x200 
                0x20001190                . = (. + _Min_Stack_Size)
 *fill*         0x20000d90      0x400 
                0x20001190                . = ALIGN (0x8)

/DISCARD/
 libc.a(*)
 libm.a(*)
 libgcc.a(*)

.ARM.attributes
                0x00000000       0x30
 *(.ARM.attributes)
 .ARM.attributes
                0x00000000       0x22 c:/ac6/systemworkbench/plugins/fr.ac6.mcu.externaltools.arm-none.win32_1.13.2.201705091103/tools/compiler/bin/../lib/gcc/arm-none-eabi/5.4.1/armv7e-m/fpu/crti.o
 .ARM.attributes
                0x00000022       0x34 c:/ac6/systemworkbench/plugins/fr.ac6.mcu.externaltools.arm-none.win32_1.13.2.201705091103/tools/compiler/bin/../lib/gcc/arm-none-eabi/5.4.1/armv7e-m/fpu/crtbegin.o
 .ARM.attributes
                0x00000056       0x39 Drivers/STM32F4xx_HAL_Driver/Src/stm32f4xx_hal.o
 .ARM.attributes
                0x0000008f       0x39 Drivers/STM32F4xx_HAL_Driver/Src/stm32f4xx_hal_adc.o
 .ARM.attributes
                0x000000c8       0x39 Drivers/STM32F4xx_HAL_Driver/Src/stm32f4xx_hal_cortex.o
 .ARM.attributes
                0x00000101       0x39 Drivers/STM32F4xx_HAL_Driver/Src/stm32f4xx_hal_gpio.o
 .ARM.attributes
                0x0000013a       0x39 Drivers/STM32F4xx_HAL_Driver/Src/stm32f4xx_hal_rcc.o
 .ARM.attributes
                0x00000173       0x39 Drivers/STM32F4xx_HAL_Driver/Src/stm32f4xx_hal_spi.o
 .ARM.attributes
                0x000001ac       0x39 Drivers/STM32F4xx_HAL_Driver/Src/stm32f4xx_hal_uart.o
 .ARM.attributes
                0x000001e5       0x39 Src/application/dw_main.o
 .ARM.attributes
                0x0000021e       0x39 Src/application/instance.o
 .ARM.attributes
                0x00000257       0x39 Src/application/instance_calib.o
 .ARM.attributes
                0x00000290       0x39 Src/application/instance_common.o
 .ARM.attributes
                0x000002c9       0x39 Src/decadriver/deca_device.o
 .ARM.attributes
                0x00000302       0x39 Src/decadriver/deca_params_init.o
 .ARM.attributes
                0x0000033b       0x39 Src/main.o
 .ARM.attributes
                0x00000374       0x39 Src/stm32f4xx_hal_msp.o
 .ARM.attributes
                0x000003ad       0x39 Src/stm32f4xx_it.o
 .ARM.attributes
                0x000003e6       0x39 Src/system_stm32f4xx.o
 .ARM.attributes
                0x0000041f       0x39 Src/pcd8544/pcd8544.o
 .ARM.attributes
                0x00000458       0x39 Src/platform/deca_mutex.o
 .ARM.attributes
                0x00000491       0x39 Src/platform/deca_range_tables.o
 .ARM.attributes
                0x000004ca       0x39 Src/platform/deca_sleep.o
 .ARM.attributes
                0x00000503       0x39 Src/platform/deca_spi.o
 .ARM.attributes
                0x0000053c       0x39 Src/platform/port.o
 .ARM.attributes
                0x00000575       0x21 startup/startup_stm32f411xe.o
 .ARM.attributes
                0x00000596       0x22 c:/ac6/systemworkbench/plugins/fr.ac6.mcu.externaltools.arm-none.win32_1.13.2.201705091103/tools/compiler/bin/../lib/gcc/arm-none-eabi/5.4.1/armv7e-m/fpu\libgcc.a(_arm_addsubdf3.o)
 .ARM.attributes
                0x000005b8       0x22 c:/ac6/systemworkbench/plugins/fr.ac6.mcu.externaltools.arm-none.win32_1.13.2.201705091103/tools/compiler/bin/../lib/gcc/arm-none-eabi/5.4.1/armv7e-m/fpu\libgcc.a(_arm_muldivdf3.o)
 .ARM.attributes
                0x000005da       0x22 c:/ac6/systemworkbench/plugins/fr.ac6.mcu.externaltools.arm-none.win32_1.13.2.201705091103/tools/compiler/bin/../lib/gcc/arm-none-eabi/5.4.1/armv7e-m/fpu\libgcc.a(_arm_cmpdf2.o)
 .ARM.attributes
                0x000005fc       0x22 c:/ac6/systemworkbench/plugins/fr.ac6.mcu.externaltools.arm-none.win32_1.13.2.201705091103/tools/compiler/bin/../lib/gcc/arm-none-eabi/5.4.1/armv7e-m/fpu\libgcc.a(_arm_fixdfsi.o)
 .ARM.attributes
                0x0000061e       0x22 c:/ac6/systemworkbench/plugins/fr.ac6.mcu.externaltools.arm-none.win32_1.13.2.201705091103/tools/compiler/bin/../lib/gcc/arm-none-eabi/5.4.1/armv7e-m/fpu\libgcc.a(_arm_fixunsdfsi.o)
 .ARM.attributes
                0x00000640       0x22 c:/ac6/systemworkbench/plugins/fr.ac6.mcu.externaltools.arm-none.win32_1.13.2.201705091103/tools/compiler/bin/../lib/gcc/arm-none-eabi/5.4.1/armv7e-m/fpu\libgcc.a(_arm_truncdfsf2.o)
 .ARM.attributes
                0x00000662       0x22 c:/ac6/systemworkbench/plugins/fr.ac6.mcu.externaltools.arm-none.win32_1.13.2.201705091103/tools/compiler/bin/../lib/gcc/arm-none-eabi/5.4.1/armv7e-m/fpu\libgcc.a(_aeabi_uldivmod.o)
 .ARM.attributes
                0x00000684       0x34 c:/ac6/systemworkbench/plugins/fr.ac6.mcu.externaltools.arm-none.win32_1.13.2.201705091103/tools/compiler/bin/../lib/gcc/arm-none-eabi/5.4.1/armv7e-m/fpu\libgcc.a(_fixdfdi.o)
 .ARM.attributes
                0x000006b8       0x34 c:/ac6/systemworkbench/plugins/fr.ac6.mcu.externaltools.arm-none.win32_1.13.2.201705091103/tools/compiler/bin/../lib/gcc/arm-none-eabi/5.4.1/armv7e-m/fpu\libgcc.a(_fixunsdfdi.o)
 .ARM.attributes
                0x000006ec       0x34 c:/ac6/systemworkbench/plugins/fr.ac6.mcu.externaltools.arm-none.win32_1.13.2.201705091103/tools/compiler/bin/../lib/gcc/arm-none-eabi/5.4.1/armv7e-m/fpu\libgcc.a(_udivmoddi4.o)
 .ARM.attributes
                0x00000720       0x22 c:/ac6/systemworkbench/plugins/fr.ac6.mcu.externaltools.arm-none.win32_1.13.2.201705091103/tools/compiler/bin/../lib/gcc/arm-none-eabi/5.4.1/armv7e-m/fpu\libgcc.a(_dvmd_tls.o)
 .ARM.attributes
                0x00000742       0x34 c:/ac6/systemworkbench/plugins/fr.ac6.mcu.externaltools.arm-none.win32_1.13.2.201705091103/tools/compiler/bin/../lib/gcc/arm-none-eabi/5.4.1/../../../../arm-none-eabi/lib/armv7e-m/fpu\libc_nano.a(lib_a-impure.o)
 .ARM.attributes
                0x00000776       0x34 c:/ac6/systemworkbench/plugins/fr.ac6.mcu.externaltools.arm-none.win32_1.13.2.201705091103/tools/compiler/bin/../lib/gcc/arm-none-eabi/5.4.1/../../../../arm-none-eabi/lib/armv7e-m/fpu\libc_nano.a(lib_a-init.o)
 .ARM.attributes
                0x000007aa       0x34 c:/ac6/systemworkbench/plugins/fr.ac6.mcu.externaltools.arm-none.win32_1.13.2.201705091103/tools/compiler/bin/../lib/gcc/arm-none-eabi/5.4.1/../../../../arm-none-eabi/lib/armv7e-m/fpu\libc_nano.a(lib_a-memcmp.o)
 .ARM.attributes
                0x000007de       0x34 c:/ac6/systemworkbench/plugins/fr.ac6.mcu.externaltools.arm-none.win32_1.13.2.201705091103/tools/compiler/bin/../lib/gcc/arm-none-eabi/5.4.1/../../../../arm-none-eabi/lib/armv7e-m/fpu\libc_nano.a(lib_a-memcpy-stub.o)
 .ARM.attributes
                0x00000812       0x34 c:/ac6/systemworkbench/plugins/fr.ac6.mcu.externaltools.arm-none.win32_1.13.2.201705091103/tools/compiler/bin/../lib/gcc/arm-none-eabi/5.4.1/../../../../arm-none-eabi/lib/armv7e-m/fpu\libc_nano.a(lib_a-memset.o)
 .ARM.attributes
                0x00000846       0x34 c:/ac6/systemworkbench/plugins/fr.ac6.mcu.externaltools.arm-none.win32_1.13.2.201705091103/tools/compiler/bin/../lib/gcc/arm-none-eabi/5.4.1/../../../../arm-none-eabi/lib/armv7e-m/fpu\libc_nano.a(lib_a-sprintf.o)
 .ARM.attributes
                0x0000087a       0x34 c:/ac6/systemworkbench/plugins/fr.ac6.mcu.externaltools.arm-none.win32_1.13.2.201705091103/tools/compiler/bin/../lib/gcc/arm-none-eabi/5.4.1/../../../../arm-none-eabi/lib/armv7e-m/fpu\libc_nano.a(lib_a-nano-svfprintf.o)
 .ARM.attributes
                0x000008ae       0x34 c:/ac6/systemworkbench/plugins/fr.ac6.mcu.externaltools.arm-none.win32_1.13.2.201705091103/tools/compiler/bin/../lib/gcc/arm-none-eabi/5.4.1/../../../../arm-none-eabi/lib/armv7e-m/fpu\libc_nano.a(lib_a-nano-vfprintf_i.o)
 .ARM.attributes
                0x000008e2       0x20 c:/ac6/systemworkbench/plugins/fr.ac6.mcu.externaltools.arm-none.win32_1.13.2.201705091103/tools/compiler/bin/../lib/gcc/arm-none-eabi/5.4.1/../../../../arm-none-eabi/lib/armv7e-m/fpu\libc_nano.a(lib_a-memchr.o)
 .ARM.attributes
                0x00000902       0x34 c:/ac6/systemworkbench/plugins/fr.ac6.mcu.externaltools.arm-none.win32_1.13.2.201705091103/tools/compiler/bin/../lib/gcc/arm-none-eabi/5.4.1/../../../../arm-none-eabi/lib/armv7e-m/fpu\libc_nano.a(lib_a-memmove.o)
 .ARM.attributes
                0x00000936       0x34 c:/ac6/systemworkbench/plugins/fr.ac6.mcu.externaltools.arm-none.win32_1.13.2.201705091103/tools/compiler/bin/../lib/gcc/arm-none-eabi/5.4.1/../../../../arm-none-eabi/lib/armv7e-m/fpu\libc_nano.a(lib_a-nano-freer.o)
 .ARM.attributes
                0x0000096a       0x34 c:/ac6/systemworkbench/plugins/fr.ac6.mcu.externaltools.arm-none.win32_1.13.2.201705091103/tools/compiler/bin/../lib/gcc/arm-none-eabi/5.4.1/../../../../arm-none-eabi/lib/armv7e-m/fpu\libc_nano.a(lib_a-nano-mallocr.o)
 .ARM.attributes
                0x0000099e       0x34 c:/ac6/systemworkbench/plugins/fr.ac6.mcu.externaltools.arm-none.win32_1.13.2.201705091103/tools/compiler/bin/../lib/gcc/arm-none-eabi/5.4.1/../../../../arm-none-eabi/lib/armv7e-m/fpu\libc_nano.a(lib_a-nano-reallocr.o)
 .ARM.attributes
                0x000009d2       0x34 c:/ac6/systemworkbench/plugins/fr.ac6.mcu.externaltools.arm-none.win32_1.13.2.201705091103/tools/compiler/bin/../lib/gcc/arm-none-eabi/5.4.1/../../../../arm-none-eabi/lib/armv7e-m/fpu\libc_nano.a(lib_a-sbrkr.o)
 .ARM.attributes
                0x00000a06       0x34 c:/ac6/systemworkbench/plugins/fr.ac6.mcu.externaltools.arm-none.win32_1.13.2.201705091103/tools/compiler/bin/../lib/gcc/arm-none-eabi/5.4.1/../../../../arm-none-eabi/lib/armv7e-m/fpu\libc_nano.a(lib_a-mlock.o)
 .ARM.attributes
                0x00000a3a       0x34 c:/ac6/systemworkbench/plugins/fr.ac6.mcu.externaltools.arm-none.win32_1.13.2.201705091103/tools/compiler/bin/../lib/gcc/arm-none-eabi/5.4.1/../../../../arm-none-eabi/lib/armv7e-m/fpu\libc_nano.a(lib_a-nano-msizer.o)
 .ARM.attributes
                0x00000a6e       0x34 c:/ac6/systemworkbench/plugins/fr.ac6.mcu.externaltools.arm-none.win32_1.13.2.201705091103/tools/compiler/bin/../lib/gcc/arm-none-eabi/5.4.1/../../../../arm-none-eabi/lib/armv7e-m/fpu\libc_nano.a(lib_a-reent.o)
 .ARM.attributes
                0x00000aa2       0x34 c:/ac6/systemworkbench/plugins/fr.ac6.mcu.externaltools.arm-none.win32_1.13.2.201705091103/tools/compiler/bin/../lib/gcc/arm-none-eabi/5.4.1/../../../../arm-none-eabi/lib/armv7e-m/fpu\libnosys.a(sbrk.o)
 .ARM.attributes
                0x00000ad6       0x22 c:/ac6/systemworkbench/plugins/fr.ac6.mcu.externaltools.arm-none.win32_1.13.2.201705091103/tools/compiler/bin/../lib/gcc/arm-none-eabi/5.4.1/armv7e-m/fpu/crtn.o
OUTPUT(UWB_MX.elf elf32-littlearm)

.debug_info     0x00000000    0x15aa8
 .debug_info    0x00000000      0x8bc Drivers/STM32F4xx_HAL_Driver/Src/stm32f4xx_hal.o
 .debug_info    0x000008bc      0xdd0 Drivers/STM32F4xx_HAL_Driver/Src/stm32f4xx_hal_adc.o
 .debug_info    0x0000168c      0xe7d Drivers/STM32F4xx_HAL_Driver/Src/stm32f4xx_hal_cortex.o
 .debug_info    0x00002509      0x753 Drivers/STM32F4xx_HAL_Driver/Src/stm32f4xx_hal_gpio.o
 .debug_info    0x00002c5c      0xd0f Drivers/STM32F4xx_HAL_Driver/Src/stm32f4xx_hal_rcc.o
 .debug_info    0x0000396b     0x19e2 Drivers/STM32F4xx_HAL_Driver/Src/stm32f4xx_hal_spi.o
 .debug_info    0x0000534d     0x16ac Drivers/STM32F4xx_HAL_Driver/Src/stm32f4xx_hal_uart.o
 .debug_info    0x000069f9     0x1c31 Src/application/dw_main.o
 .debug_info    0x0000862a     0x1659 Src/application/instance.o
 .debug_info    0x00009c83      0x2ba Src/application/instance_calib.o
 .debug_info    0x00009f3d     0x1aca Src/application/instance_common.o
 .debug_info    0x0000ba07     0x37b6 Src/decadriver/deca_device.o
 .debug_info    0x0000f1bd      0x277 Src/decadriver/deca_params_init.o
 .debug_info    0x0000f434     0x1684 Src/main.o
 .debug_info    0x00010ab8     0x1168 Src/stm32f4xx_hal_msp.o
 .debug_info    0x00011c20      0x1bc Src/stm32f4xx_it.o
 .debug_info    0x00011ddc      0x52a Src/system_stm32f4xx.o
 .debug_info    0x00012306     0x16a5 Src/pcd8544/pcd8544.o
 .debug_info    0x000139ab      0x14c Src/platform/deca_mutex.o
 .debug_info    0x00013af7      0x22a Src/platform/deca_range_tables.o
 .debug_info    0x00013d21       0xfb Src/platform/deca_sleep.o
 .debug_info    0x00013e1c      0x8ca Src/platform/deca_spi.o
 .debug_info    0x000146e6     0x135c Src/platform/port.o
 .debug_info    0x00015a42       0x66 startup/startup_stm32f411xe.o

.debug_abbrev   0x00000000     0x2dd8
 .debug_abbrev  0x00000000      0x287 Drivers/STM32F4xx_HAL_Driver/Src/stm32f4xx_hal.o
 .debug_abbrev  0x00000287      0x244 Drivers/STM32F4xx_HAL_Driver/Src/stm32f4xx_hal_adc.o
 .debug_abbrev  0x000004cb      0x2fe Drivers/STM32F4xx_HAL_Driver/Src/stm32f4xx_hal_cortex.o
 .debug_abbrev  0x000007c9      0x1cd Drivers/STM32F4xx_HAL_Driver/Src/stm32f4xx_hal_gpio.o
 .debug_abbrev  0x00000996      0x2b0 Drivers/STM32F4xx_HAL_Driver/Src/stm32f4xx_hal_rcc.o
 .debug_abbrev  0x00000c46      0x23d Drivers/STM32F4xx_HAL_Driver/Src/stm32f4xx_hal_spi.o
 .debug_abbrev  0x00000e83      0x27e Drivers/STM32F4xx_HAL_Driver/Src/stm32f4xx_hal_uart.o
 .debug_abbrev  0x00001101      0x2ec Src/application/dw_main.o
 .debug_abbrev  0x000013ed      0x2d0 Src/application/instance.o
 .debug_abbrev  0x000016bd      0x155 Src/application/instance_calib.o
 .debug_abbrev  0x00001812      0x3a4 Src/application/instance_common.o
 .debug_abbrev  0x00001bb6      0x259 Src/decadriver/deca_device.o
 .debug_abbrev  0x00001e0f       0x7c Src/decadriver/deca_params_init.o
 .debug_abbrev  0x00001e8b      0x248 Src/main.o
 .debug_abbrev  0x000020d3      0x1a0 Src/stm32f4xx_hal_msp.o
 .debug_abbrev  0x00002273       0xe3 Src/stm32f4xx_it.o
 .debug_abbrev  0x00002356      0x104 Src/system_stm32f4xx.o
 .debug_abbrev  0x0000245a      0x24a Src/pcd8544/pcd8544.o
 .debug_abbrev  0x000026a4       0xcf Src/platform/deca_mutex.o
 .debug_abbrev  0x00002773       0xcd Src/platform/deca_range_tables.o
 .debug_abbrev  0x00002840       0xa3 Src/platform/deca_sleep.o
 .debug_abbrev  0x000028e3      0x1e1 Src/platform/deca_spi.o
 .debug_abbrev  0x00002ac4      0x302 Src/platform/port.o
 .debug_abbrev  0x00002dc6       0x12 startup/startup_stm32f411xe.o

.debug_loc      0x00000000     0x8489
 .debug_loc     0x00000000       0x91 Drivers/STM32F4xx_HAL_Driver/Src/stm32f4xx_hal.o
 .debug_loc     0x00000091      0x87e Drivers/STM32F4xx_HAL_Driver/Src/stm32f4xx_hal_adc.o
 .debug_loc     0x0000090f      0x548 Drivers/STM32F4xx_HAL_Driver/Src/stm32f4xx_hal_cortex.o
 .debug_loc     0x00000e57      0x39a Drivers/STM32F4xx_HAL_Driver/Src/stm32f4xx_hal_gpio.o
 .debug_loc     0x000011f1      0x622 Drivers/STM32F4xx_HAL_Driver/Src/stm32f4xx_hal_rcc.o
 .debug_loc     0x00001813     0x17a8 Drivers/STM32F4xx_HAL_Driver/Src/stm32f4xx_hal_spi.o
 .debug_loc     0x00002fbb     0x137a Drivers/STM32F4xx_HAL_Driver/Src/stm32f4xx_hal_uart.o
 .debug_loc     0x00004335      0x3f0 Src/application/dw_main.o
 .debug_loc     0x00004725      0xc9a Src/application/instance.o
 .debug_loc     0x000053bf       0x2c Src/application/instance_calib.o
 .debug_loc     0x000053eb      0x6db Src/application/instance_common.o
 .debug_loc     0x00005ac6     0x1806 Src/decadriver/deca_device.o
 .debug_loc     0x000072cc      0x10e Src/stm32f4xx_hal_msp.o
 .debug_loc     0x000073da      0x132 Src/system_stm32f4xx.o
 .debug_loc     0x0000750c      0x8c3 Src/pcd8544/pcd8544.o
 .debug_loc     0x00007dcf       0x4a Src/platform/deca_mutex.o
 .debug_loc     0x00007e19      0x194 Src/platform/deca_range_tables.o
 .debug_loc     0x00007fad       0x21 Src/platform/deca_sleep.o
 .debug_loc     0x00007fce      0x14a Src/platform/deca_spi.o
 .debug_loc     0x00008118      0x371 Src/platform/port.o

.debug_aranges  0x00000000      0xfb8
 .debug_aranges
                0x00000000       0xc8 Drivers/STM32F4xx_HAL_Driver/Src/stm32f4xx_hal.o
 .debug_aranges
                0x000000c8       0xe8 Drivers/STM32F4xx_HAL_Driver/Src/stm32f4xx_hal_adc.o
 .debug_aranges
                0x000001b0       0xa8 Drivers/STM32F4xx_HAL_Driver/Src/stm32f4xx_hal_cortex.o
 .debug_aranges
                0x00000258       0x58 Drivers/STM32F4xx_HAL_Driver/Src/stm32f4xx_hal_gpio.o
 .debug_aranges
                0x000002b0       0x88 Drivers/STM32F4xx_HAL_Driver/Src/stm32f4xx_hal_rcc.o
 .debug_aranges
                0x00000338      0x1c8 Drivers/STM32F4xx_HAL_Driver/Src/stm32f4xx_hal_spi.o
 .debug_aranges
                0x00000500      0x1d0 Drivers/STM32F4xx_HAL_Driver/Src/stm32f4xx_hal_uart.o
 .debug_aranges
                0x000006d0       0x48 Src/application/dw_main.o
 .debug_aranges
                0x00000718       0x68 Src/application/instance.o
 .debug_aranges
                0x00000780       0x20 Src/application/instance_calib.o
 .debug_aranges
                0x000007a0      0x168 Src/application/instance_common.o
 .debug_aranges
                0x00000908      0x2d8 Src/decadriver/deca_device.o
 .debug_aranges
                0x00000be0       0x18 Src/decadriver/deca_params_init.o
 .debug_aranges
                0x00000bf8       0x58 Src/main.o
 .debug_aranges
                0x00000c50       0x50 Src/stm32f4xx_hal_msp.o
 .debug_aranges
                0x00000ca0       0x68 Src/stm32f4xx_it.o
 .debug_aranges
                0x00000d08       0x28 Src/system_stm32f4xx.o
 .debug_aranges
                0x00000d30       0xc0 Src/pcd8544/pcd8544.o
 .debug_aranges
                0x00000df0       0x28 Src/platform/deca_mutex.o
 .debug_aranges
                0x00000e18       0x20 Src/platform/deca_range_tables.o
 .debug_aranges
                0x00000e38       0x20 Src/platform/deca_sleep.o
 .debug_aranges
                0x00000e58       0x38 Src/platform/deca_spi.o
 .debug_aranges
                0x00000e90      0x100 Src/platform/port.o
 .debug_aranges
                0x00000f90       0x28 startup/startup_stm32f411xe.o

.debug_ranges   0x00000000      0xe80
 .debug_ranges  0x00000000       0xb8 Drivers/STM32F4xx_HAL_Driver/Src/stm32f4xx_hal.o
 .debug_ranges  0x000000b8       0xd8 Drivers/STM32F4xx_HAL_Driver/Src/stm32f4xx_hal_adc.o
 .debug_ranges  0x00000190       0x98 Drivers/STM32F4xx_HAL_Driver/Src/stm32f4xx_hal_cortex.o
 .debug_ranges  0x00000228       0x48 Drivers/STM32F4xx_HAL_Driver/Src/stm32f4xx_hal_gpio.o
 .debug_ranges  0x00000270       0x78 Drivers/STM32F4xx_HAL_Driver/Src/stm32f4xx_hal_rcc.o
 .debug_ranges  0x000002e8      0x1b8 Drivers/STM32F4xx_HAL_Driver/Src/stm32f4xx_hal_spi.o
 .debug_ranges  0x000004a0      0x1c0 Drivers/STM32F4xx_HAL_Driver/Src/stm32f4xx_hal_uart.o
 .debug_ranges  0x00000660       0x38 Src/application/dw_main.o
 .debug_ranges  0x00000698       0x88 Src/application/instance.o
 .debug_ranges  0x00000720       0x10 Src/application/instance_calib.o
 .debug_ranges  0x00000730      0x170 Src/application/instance_common.o
 .debug_ranges  0x000008a0      0x2c8 Src/decadriver/deca_device.o
 .debug_ranges  0x00000b68       0x48 Src/main.o
 .debug_ranges  0x00000bb0       0x40 Src/stm32f4xx_hal_msp.o
 .debug_ranges  0x00000bf0       0x58 Src/stm32f4xx_it.o
 .debug_ranges  0x00000c48       0x18 Src/system_stm32f4xx.o
 .debug_ranges  0x00000c60       0xb0 Src/pcd8544/pcd8544.o
 .debug_ranges  0x00000d10       0x18 Src/platform/deca_mutex.o
 .debug_ranges  0x00000d28       0x10 Src/platform/deca_range_tables.o
 .debug_ranges  0x00000d38       0x10 Src/platform/deca_sleep.o
 .debug_ranges  0x00000d48       0x28 Src/platform/deca_spi.o
 .debug_ranges  0x00000d70       0xf0 Src/platform/port.o
 .debug_ranges  0x00000e60       0x20 startup/startup_stm32f411xe.o

.debug_macro    0x00000000    0x1b447
 .debug_macro   0x00000000      0x378 Drivers/STM32F4xx_HAL_Driver/Src/stm32f4xx_hal.o
 .debug_macro   0x00000378      0x898 Drivers/STM32F4xx_HAL_Driver/Src/stm32f4xx_hal.o
 .debug_macro   0x00000c10      0x172 Drivers/STM32F4xx_HAL_Driver/Src/stm32f4xx_hal.o
 .debug_macro   0x00000d82      0x186 Drivers/STM32F4xx_HAL_Driver/Src/stm32f4xx_hal.o
 .debug_macro   0x00000f08       0x33 Drivers/STM32F4xx_HAL_Driver/Src/stm32f4xx_hal.o
 .debug_macro   0x00000f3b       0x28 Drivers/STM32F4xx_HAL_Driver/Src/stm32f4xx_hal.o
 .debug_macro   0x00000f63       0x22 Drivers/STM32F4xx_HAL_Driver/Src/stm32f4xx_hal.o
 .debug_macro   0x00000f85       0x87 Drivers/STM32F4xx_HAL_Driver/Src/stm32f4xx_hal.o
 .debug_macro   0x0000100c       0x44 Drivers/STM32F4xx_HAL_Driver/Src/stm32f4xx_hal.o
 .debug_macro   0x00001050       0xfd Drivers/STM32F4xx_HAL_Driver/Src/stm32f4xx_hal.o
 .debug_macro   0x0000114d       0x5e Drivers/STM32F4xx_HAL_Driver/Src/stm32f4xx_hal.o
 .debug_macro   0x000011ab      0x1df Drivers/STM32F4xx_HAL_Driver/Src/stm32f4xx_hal.o
 .debug_macro   0x0000138a       0x35 Drivers/STM32F4xx_HAL_Driver/Src/stm32f4xx_hal.o
 .debug_macro   0x000013bf       0x50 Drivers/STM32F4xx_HAL_Driver/Src/stm32f4xx_hal.o
 .debug_macro   0x0000140f      0xe66 Drivers/STM32F4xx_HAL_Driver/Src/stm32f4xx_hal.o
 .debug_macro   0x00002275     0xb906 Drivers/STM32F4xx_HAL_Driver/Src/stm32f4xx_hal.o
 .debug_macro   0x0000db7b       0x43 Drivers/STM32F4xx_HAL_Driver/Src/stm32f4xx_hal.o
 .debug_macro   0x0000dbbe     0x3574 Drivers/STM32F4xx_HAL_Driver/Src/stm32f4xx_hal.o
 .debug_macro   0x00011132       0x52 Drivers/STM32F4xx_HAL_Driver/Src/stm32f4xx_hal.o
 .debug_macro   0x00011184       0x35 Drivers/STM32F4xx_HAL_Driver/Src/stm32f4xx_hal.o
 .debug_macro   0x000111b9       0x9c Drivers/STM32F4xx_HAL_Driver/Src/stm32f4xx_hal.o
 .debug_macro   0x00011255       0x16 Drivers/STM32F4xx_HAL_Driver/Src/stm32f4xx_hal.o
 .debug_macro   0x0001126b       0x97 Drivers/STM32F4xx_HAL_Driver/Src/stm32f4xx_hal.o
 .debug_macro   0x00011302      0x30d Drivers/STM32F4xx_HAL_Driver/Src/stm32f4xx_hal.o
 .debug_macro   0x0001160f       0xfd Drivers/STM32F4xx_HAL_Driver/Src/stm32f4xx_hal.o
 .debug_macro   0x0001170c       0x10 Drivers/STM32F4xx_HAL_Driver/Src/stm32f4xx_hal.o
 .debug_macro   0x0001171c       0x52 Drivers/STM32F4xx_HAL_Driver/Src/stm32f4xx_hal.o
 .debug_macro   0x0001176e       0x1f Drivers/STM32F4xx_HAL_Driver/Src/stm32f4xx_hal.o
 .debug_macro   0x0001178d       0x43 Drivers/STM32F4xx_HAL_Driver/Src/stm32f4xx_hal.o
 .debug_macro   0x000117d0       0x20 Drivers/STM32F4xx_HAL_Driver/Src/stm32f4xx_hal.o
 .debug_macro   0x000117f0      0x187 Drivers/STM32F4xx_HAL_Driver/Src/stm32f4xx_hal.o
 .debug_macro   0x00011977       0x10 Drivers/STM32F4xx_HAL_Driver/Src/stm32f4xx_hal.o
 .debug_macro   0x00011987       0x1c Drivers/STM32F4xx_HAL_Driver/Src/stm32f4xx_hal.o
 .debug_macro   0x000119a3       0x52 Drivers/STM32F4xx_HAL_Driver/Src/stm32f4xx_hal.o
 .debug_macro   0x000119f5       0x40 Drivers/STM32F4xx_HAL_Driver/Src/stm32f4xx_hal.o
 .debug_macro   0x00011a35       0x10 Drivers/STM32F4xx_HAL_Driver/Src/stm32f4xx_hal.o
 .debug_macro   0x00011a45       0x40 Drivers/STM32F4xx_HAL_Driver/Src/stm32f4xx_hal.o
 .debug_macro   0x00011a85       0xd7 Drivers/STM32F4xx_HAL_Driver/Src/stm32f4xx_hal.o
 .debug_macro   0x00011b5c       0x16 Drivers/STM32F4xx_HAL_Driver/Src/stm32f4xx_hal.o
 .debug_macro   0x00011b72      0x18b Drivers/STM32F4xx_HAL_Driver/Src/stm32f4xx_hal.o
 .debug_macro   0x00011cfd       0x50 Drivers/STM32F4xx_HAL_Driver/Src/stm32f4xx_hal.o
 .debug_macro   0x00011d4d      0x447 Drivers/STM32F4xx_HAL_Driver/Src/stm32f4xx_hal.o
 .debug_macro   0x00012194      0x9e1 Drivers/STM32F4xx_HAL_Driver/Src/stm32f4xx_hal.o
 .debug_macro   0x00012b75      0x11e Drivers/STM32F4xx_HAL_Driver/Src/stm32f4xx_hal.o
 .debug_macro   0x00012c93      0x11b Drivers/STM32F4xx_HAL_Driver/Src/stm32f4xx_hal.o
 .debug_macro   0x00012dae       0x27 Drivers/STM32F4xx_HAL_Driver/Src/stm32f4xx_hal.o
 .debug_macro   0x00012dd5      0x287 Drivers/STM32F4xx_HAL_Driver/Src/stm32f4xx_hal.o
 .debug_macro   0x0001305c       0x5f Drivers/STM32F4xx_HAL_Driver/Src/stm32f4xx_hal.o
 .debug_macro   0x000130bb      0x23a Drivers/STM32F4xx_HAL_Driver/Src/stm32f4xx_hal.o
 .debug_macro   0x000132f5      0x391 Drivers/STM32F4xx_HAL_Driver/Src/stm32f4xx_hal.o
 .debug_macro   0x00013686      0x17d Drivers/STM32F4xx_HAL_Driver/Src/stm32f4xx_hal.o
 .debug_macro   0x00013803       0xf9 Drivers/STM32F4xx_HAL_Driver/Src/stm32f4xx_hal.o
 .debug_macro   0x000138fc      0x13a Drivers/STM32F4xx_HAL_Driver/Src/stm32f4xx_hal.o
 .debug_macro   0x00013a36      0x264 Drivers/STM32F4xx_HAL_Driver/Src/stm32f4xx_hal.o
 .debug_macro   0x00013c9a       0x2e Drivers/STM32F4xx_HAL_Driver/Src/stm32f4xx_hal.o
 .debug_macro   0x00013cc8      0x11e Drivers/STM32F4xx_HAL_Driver/Src/stm32f4xx_hal.o
 .debug_macro   0x00013de6       0x85 Drivers/STM32F4xx_HAL_Driver/Src/stm32f4xx_hal.o
 .debug_macro   0x00013e6b       0x89 Drivers/STM32F4xx_HAL_Driver/Src/stm32f4xx_hal.o
 .debug_macro   0x00013ef4      0x202 Drivers/STM32F4xx_HAL_Driver/Src/stm32f4xx_hal.o
 .debug_macro   0x000140f6      0x287 Drivers/STM32F4xx_HAL_Driver/Src/stm32f4xx_hal.o
 .debug_macro   0x0001437d      0x11e Drivers/STM32F4xx_HAL_Driver/Src/stm32f4xx_hal.o
 .debug_macro   0x0001449b      0x319 Drivers/STM32F4xx_HAL_Driver/Src/stm32f4xx_hal_adc.o
 .debug_macro   0x000147b4      0x318 Drivers/STM32F4xx_HAL_Driver/Src/stm32f4xx_hal_cortex.o
 .debug_macro   0x00014acc      0x350 Drivers/STM32F4xx_HAL_Driver/Src/stm32f4xx_hal_gpio.o
 .debug_macro   0x00014e1c      0x342 Drivers/STM32F4xx_HAL_Driver/Src/stm32f4xx_hal_rcc.o
 .debug_macro   0x0001515e      0x320 Drivers/STM32F4xx_HAL_Driver/Src/stm32f4xx_hal_spi.o
 .debug_macro   0x0001547e      0x319 Drivers/STM32F4xx_HAL_Driver/Src/stm32f4xx_hal_uart.o
 .debug_macro   0x00015797      0x40f Src/application/dw_main.o
 .debug_macro   0x00015ba6       0x16 Src/application/dw_main.o
 .debug_macro   0x00015bbc       0x35 Src/application/dw_main.o
 .debug_macro   0x00015bf1       0x16 Src/application/dw_main.o
 .debug_macro   0x00015c07       0x29 Src/application/dw_main.o
 .debug_macro   0x00015c30       0x16 Src/application/dw_main.o
 .debug_macro   0x00015c46      0x1e1 Src/application/dw_main.o
 .debug_macro   0x00015e27       0x1c Src/application/dw_main.o
 .debug_macro   0x00015e43       0x22 Src/application/dw_main.o
 .debug_macro   0x00015e65       0x1c Src/application/dw_main.o
 .debug_macro   0x00015e81       0x3b Src/application/dw_main.o
 .debug_macro   0x00015ebc       0xd5 Src/application/dw_main.o
 .debug_macro   0x00015f91       0x2e Src/application/dw_main.o
 .debug_macro   0x00015fbf      0x1d3 Src/application/dw_main.o
 .debug_macro   0x00016192      0x295 Src/application/dw_main.o
 .debug_macro   0x00016427       0x16 Src/application/dw_main.o
 .debug_macro   0x0001643d      0x13c Src/application/dw_main.o
 .debug_macro   0x00016579      0x404 Src/application/instance.o
 .debug_macro   0x0001697d      0x1f7 Src/application/instance.o
 .debug_macro   0x00016b74       0x10 Src/application/instance.o
 .debug_macro   0x00016b84       0x16 Src/application/instance.o
 .debug_macro   0x00016b9a     0x17bb Src/application/instance.o
 .debug_macro   0x00018355       0x10 Src/application/instance.o
 .debug_macro   0x00018365      0x3e0 Src/application/instance_calib.o
 .debug_macro   0x00018745      0x3f1 Src/application/instance_common.o
 .debug_macro   0x00018b36       0xfc Src/decadriver/deca_device.o
 .debug_macro   0x00018c32       0x4c Src/decadriver/deca_device.o
 .debug_macro   0x00018c7e       0x8d Src/decadriver/deca_device.o
 .debug_macro   0x00018d0b       0x34 Src/decadriver/deca_device.o
 .debug_macro   0x00018d3f       0x5e Src/decadriver/deca_device.o
 .debug_macro   0x00018d9d      0x1ec Src/decadriver/deca_params_init.o
 .debug_macro   0x00018f89       0x4a Src/decadriver/deca_params_init.o
 .debug_macro   0x00018fd3       0x58 Src/decadriver/deca_params_init.o
 .debug_macro   0x0001902b      0x3b8 Src/main.o
 .debug_macro   0x000193e3      0x318 Src/stm32f4xx_hal_msp.o
 .debug_macro   0x000196fb      0x322 Src/stm32f4xx_it.o
 .debug_macro   0x00019a1d      0x31e Src/system_stm32f4xx.o
 .debug_macro   0x00019d3b      0x327 Src/pcd8544/pcd8544.o
 .debug_macro   0x0001a062      0x136 Src/pcd8544/pcd8544.o
 .debug_macro   0x0001a198      0x3b7 Src/platform/deca_mutex.o
 .debug_macro   0x0001a54f      0x174 Src/platform/deca_mutex.o
 .debug_macro   0x0001a6c3       0x10 Src/platform/deca_mutex.o
 .debug_macro   0x0001a6d3       0x1c Src/platform/deca_mutex.o
 .debug_macro   0x0001a6ef      0x204 Src/platform/deca_range_tables.o
 .debug_macro   0x0001a8f3      0x3c1 Src/platform/deca_sleep.o
 .debug_macro   0x0001acb4      0x3cf Src/platform/deca_spi.o
 .debug_macro   0x0001b083      0x3c4 Src/platform/port.o

.debug_line     0x00000000     0xe205
 .debug_line    0x00000000      0x91a Drivers/STM32F4xx_HAL_Driver/Src/stm32f4xx_hal.o
 .debug_line    0x0000091a      0xbbb Drivers/STM32F4xx_HAL_Driver/Src/stm32f4xx_hal_adc.o
 .debug_line    0x000014d5      0x977 Drivers/STM32F4xx_HAL_Driver/Src/stm32f4xx_hal_cortex.o
 .debug_line    0x00001e4c      0x8d1 Drivers/STM32F4xx_HAL_Driver/Src/stm32f4xx_hal_gpio.o
 .debug_line    0x0000271d      0xa97 Drivers/STM32F4xx_HAL_Driver/Src/stm32f4xx_hal_rcc.o
 .debug_line    0x000031b4     0x10e5 Drivers/STM32F4xx_HAL_Driver/Src/stm32f4xx_hal_spi.o
 .debug_line    0x00004299     0x1014 Drivers/STM32F4xx_HAL_Driver/Src/stm32f4xx_hal_uart.o
 .debug_line    0x000052ad      0xa45 Src/application/dw_main.o
 .debug_line    0x00005cf2      0xb7d Src/application/instance.o
 .debug_line    0x0000686f      0x8ac Src/application/instance_calib.o
 .debug_line    0x0000711b      0xcf8 Src/application/instance_common.o
 .debug_line    0x00007e13      0xb2d Src/decadriver/deca_device.o
 .debug_line    0x00008940      0x42b Src/decadriver/deca_params_init.o
 .debug_line    0x00008d6b      0x93d Src/main.o
 .debug_line    0x000096a8      0x803 Src/stm32f4xx_hal_msp.o
 .debug_line    0x00009eab      0x809 Src/stm32f4xx_it.o
 .debug_line    0x0000a6b4      0x793 Src/system_stm32f4xx.o
 .debug_line    0x0000ae47      0xa1e Src/pcd8544/pcd8544.o
 .debug_line    0x0000b865      0x86c Src/platform/deca_mutex.o
 .debug_line    0x0000c0d1      0x49f Src/platform/deca_range_tables.o
 .debug_line    0x0000c570      0x861 Src/platform/deca_sleep.o
 .debug_line    0x0000cdd1      0x8b5 Src/platform/deca_spi.o
 .debug_line    0x0000d686      0xb00 Src/platform/port.o
 .debug_line    0x0000e186       0x7f startup/startup_stm32f411xe.o

.debug_str      0x00000000    0x90031
 .debug_str     0x00000000    0x83ddb Drivers/STM32F4xx_HAL_Driver/Src/stm32f4xx_hal.o
                              0x84173 (size before relaxing)
 .debug_str     0x00083ddb      0x6a4 Drivers/STM32F4xx_HAL_Driver/Src/stm32f4xx_hal_adc.o
                              0x83dce (size before relaxing)
 .debug_str     0x0008447f      0x3a7 Drivers/STM32F4xx_HAL_Driver/Src/stm32f4xx_hal_cortex.o